  Determining projects to restore...
  All projects are up-to-date for restore.
C:\GitHub\MarkHazleton\SampleMvcCRUD\Mwh.Sample.Domain\Models\EmployeeDto.cs(225,37): warning CS8766: Nullability of reference types in return type of 'string? EmployeeDto.DepartmentName.get' doesn't match implicitly implemented member 'string IEmployeeDto.DepartmentName.get' (possibly because of nullability attributes). [C:\GitHub\MarkHazleton\SampleMvcCRUD\Mwh.Sample.Domain\Mwh.Sample.Domain.csproj]
C:\GitHub\MarkHazleton\SampleMvcCRUD\Mwh.Sample.Domain\Models\EmployeeDto.cs(233,33): warning CS8766: Nullability of reference types in return type of 'string? EmployeeDto.GenderName.get' doesn't match implicitly implemented member 'string IEmployeeDto.GenderName.get' (possibly because of nullability attributes). [C:\GitHub\MarkHazleton\SampleMvcCRUD\Mwh.Sample.Domain\Mwh.Sample.Domain.csproj]
C:\GitHub\MarkHazleton\SampleMvcCRUD\Mwh.Sample.Domain\Models\EmployeeList.cs(13,13): warning CS8604: Possible null reference argument for parameter 'left' in 'bool EmployeeDto.operator ==(EmployeeDto left, EmployeeDto right)'. [C:\GitHub\MarkHazleton\SampleMvcCRUD\Mwh.Sample.Domain\Mwh.Sample.Domain.csproj]
C:\GitHub\MarkHazleton\SampleMvcCRUD\Mwh.Sample.Domain\Models\EmployeeList.cs(13,21): warning CS8625: Cannot convert null literal to non-nullable reference type. [C:\GitHub\MarkHazleton\SampleMvcCRUD\Mwh.Sample.Domain\Mwh.Sample.Domain.csproj]
C:\GitHub\MarkHazleton\SampleMvcCRUD\Mwh.Sample.Domain\Models\DepartmentDto.cs(11,12): warning CS8618: Non-nullable property 'Employees' must contain a non-null value when exiting constructor. Consider adding the 'required' modifier or declaring the property as nullable. [C:\GitHub\MarkHazleton\SampleMvcCRUD\Mwh.Sample.Domain\Mwh.Sample.Domain.csproj]
C:\GitHub\MarkHazleton\SampleMvcCRUD\Mwh.Sample.Domain\Models\DepartmentDto.cs(18,12): warning CS8618: Non-nullable property 'Employees' must contain a non-null value when exiting constructor. Consider adding the 'required' modifier or declaring the property as nullable. [C:\GitHub\MarkHazleton\SampleMvcCRUD\Mwh.Sample.Domain\Mwh.Sample.Domain.csproj]
C:\GitHub\MarkHazleton\SampleMvcCRUD\Mwh.Sample.Domain\Extensions\EnumExtension.cs(26,16): warning CS8603: Possible null reference return. [C:\GitHub\MarkHazleton\SampleMvcCRUD\Mwh.Sample.Domain\Mwh.Sample.Domain.csproj]
C:\GitHub\MarkHazleton\SampleMvcCRUD\Mwh.Sample.Domain\Extensions\EnumExtension.cs(45,16): warning CS8603: Possible null reference return. [C:\GitHub\MarkHazleton\SampleMvcCRUD\Mwh.Sample.Domain\Mwh.Sample.Domain.csproj]
C:\GitHub\MarkHazleton\SampleMvcCRUD\Mwh.Sample.Domain\Models\EmployeeDto.cs(86,13): warning CS8604: Possible null reference argument for parameter 'left' in 'bool EmployeeDto.operator ==(EmployeeDto left, EmployeeDto right)'. [C:\GitHub\MarkHazleton\SampleMvcCRUD\Mwh.Sample.Domain\Mwh.Sample.Domain.csproj]
C:\GitHub\MarkHazleton\SampleMvcCRUD\Mwh.Sample.Domain\Models\EmployeeDto.cs(86,22): warning CS8625: Cannot convert null literal to non-nullable reference type. [C:\GitHub\MarkHazleton\SampleMvcCRUD\Mwh.Sample.Domain\Mwh.Sample.Domain.csproj]
C:\GitHub\MarkHazleton\SampleMvcCRUD\Mwh.Sample.Domain\Extensions\EnumerableExtensions.cs(27,32): warning CS8600: Converting null literal or possible null value to non-nullable type. [C:\GitHub\MarkHazleton\SampleMvcCRUD\Mwh.Sample.Domain\Mwh.Sample.Domain.csproj]
C:\GitHub\MarkHazleton\SampleMvcCRUD\Mwh.Sample.Domain\Extensions\EnumerableExtensions.cs(25,24): warning CS8602: Dereference of a possibly null reference. [C:\GitHub\MarkHazleton\SampleMvcCRUD\Mwh.Sample.Domain\Mwh.Sample.Domain.csproj]
C:\GitHub\MarkHazleton\SampleMvcCRUD\Mwh.Sample.Domain\Extensions\EnumerableExtensions.cs(33,32): warning CS8600: Converting null literal or possible null value to non-nullable type. [C:\GitHub\MarkHazleton\SampleMvcCRUD\Mwh.Sample.Domain\Mwh.Sample.Domain.csproj]
C:\GitHub\MarkHazleton\SampleMvcCRUD\Mwh.Sample.Domain\Extensions\EnumerableExtensions.cs(31,24): warning CS8602: Dereference of a possibly null reference. [C:\GitHub\MarkHazleton\SampleMvcCRUD\Mwh.Sample.Domain\Mwh.Sample.Domain.csproj]
C:\GitHub\MarkHazleton\SampleMvcCRUD\Mwh.Sample.Domain\Models\EmployeeDtoValidationException.cs(3,25): warning CA1032: Add the following constructor to EmployeeDtoValidationException: public EmployeeDtoValidationException(string message) (https://learn.microsoft.com/dotnet/fundamentals/code-analysis/quality-rules/ca1032) [C:\GitHub\MarkHazleton\SampleMvcCRUD\Mwh.Sample.Domain\Mwh.Sample.Domain.csproj]
C:\GitHub\MarkHazleton\SampleMvcCRUD\Mwh.Sample.Domain\Models\EmployeeDtoValidationException.cs(3,25): warning CA1032: Add the following constructor to EmployeeDtoValidationException: public EmployeeDtoValidationException(string message, Exception innerException) (https://learn.microsoft.com/dotnet/fundamentals/code-analysis/quality-rules/ca1032) [C:\GitHub\MarkHazleton\SampleMvcCRUD\Mwh.Sample.Domain\Mwh.Sample.Domain.csproj]
C:\GitHub\MarkHazleton\SampleMvcCRUD\Mwh.Sample.Domain\Models\EmployeeGenderEnum.cs(7,17): warning CA1711: Rename type name EmployeeGenderEnum so that it does not end in 'Enum' (https://learn.microsoft.com/dotnet/fundamentals/code-analysis/quality-rules/ca1711) [C:\GitHub\MarkHazleton\SampleMvcCRUD\Mwh.Sample.Domain\Mwh.Sample.Domain.csproj]
C:\GitHub\MarkHazleton\SampleMvcCRUD\Mwh.Sample.Domain\Models\EmployeeDepartmentEnum.cs(13,13): warning CA1711: Rename type name EmployeeDepartmentEnum so that it does not end in 'Enum' (https://learn.microsoft.com/dotnet/fundamentals/code-analysis/quality-rules/ca1711) [C:\GitHub\MarkHazleton\SampleMvcCRUD\Mwh.Sample.Domain\Mwh.Sample.Domain.csproj]
C:\GitHub\MarkHazleton\SampleMvcCRUD\Mwh.Sample.Domain\Models\EmployeeDepartmentEnum.cs(4,13): warning CA1711: Rename type name GenderEnum so that it does not end in 'Enum' (https://learn.microsoft.com/dotnet/fundamentals/code-analysis/quality-rules/ca1711) [C:\GitHub\MarkHazleton\SampleMvcCRUD\Mwh.Sample.Domain\Mwh.Sample.Domain.csproj]
C:\GitHub\MarkHazleton\SampleMvcCRUD\Mwh.Sample.Domain\Models\DepartmentDto.cs(27,26): warning CA1819: Properties should not return arrays (https://learn.microsoft.com/dotnet/fundamentals/code-analysis/quality-rules/ca1819) [C:\GitHub\MarkHazleton\SampleMvcCRUD\Mwh.Sample.Domain\Mwh.Sample.Domain.csproj]
C:\GitHub\MarkHazleton\SampleMvcCRUD\Mwh.Sample.Domain\Models\EmployeeList.cs(13,9): warning IDE0011: Add braces to 'if' statement. (https://learn.microsoft.com/dotnet/fundamentals/code-analysis/style-rules/ide0011) [C:\GitHub\MarkHazleton\SampleMvcCRUD\Mwh.Sample.Domain\Mwh.Sample.Domain.csproj]
C:\GitHub\MarkHazleton\SampleMvcCRUD\Mwh.Sample.Domain\Extensions\ImageExtensions.cs(9,13): warning IDE0011: Add braces to 'if' statement. (https://learn.microsoft.com/dotnet/fundamentals/code-analysis/style-rules/ide0011) [C:\GitHub\MarkHazleton\SampleMvcCRUD\Mwh.Sample.Domain\Mwh.Sample.Domain.csproj]
C:\GitHub\MarkHazleton\SampleMvcCRUD\Mwh.Sample.Domain\Extensions\ImageExtensions.cs(11,13): warning IDE0011: Add braces to 'if' statement. (https://learn.microsoft.com/dotnet/fundamentals/code-analysis/style-rules/ide0011) [C:\GitHub\MarkHazleton\SampleMvcCRUD\Mwh.Sample.Domain\Mwh.Sample.Domain.csproj]
C:\GitHub\MarkHazleton\SampleMvcCRUD\Mwh.Sample.Domain\Extensions\EnumExtension.cs(17,9): warning IDE0011: Add braces to 'if' statement. (https://learn.microsoft.com/dotnet/fundamentals/code-analysis/style-rules/ide0011) [C:\GitHub\MarkHazleton\SampleMvcCRUD\Mwh.Sample.Domain\Mwh.Sample.Domain.csproj]
C:\GitHub\MarkHazleton\SampleMvcCRUD\Mwh.Sample.Domain\Extensions\EnumExtension.cs(22,9): warning IDE0011: Add braces to 'if' statement. (https://learn.microsoft.com/dotnet/fundamentals/code-analysis/style-rules/ide0011) [C:\GitHub\MarkHazleton\SampleMvcCRUD\Mwh.Sample.Domain\Mwh.Sample.Domain.csproj]
C:\GitHub\MarkHazleton\SampleMvcCRUD\Mwh.Sample.Domain\Extensions\EnumExtension.cs(36,9): warning IDE0011: Add braces to 'if' statement. (https://learn.microsoft.com/dotnet/fundamentals/code-analysis/style-rules/ide0011) [C:\GitHub\MarkHazleton\SampleMvcCRUD\Mwh.Sample.Domain\Mwh.Sample.Domain.csproj]
C:\GitHub\MarkHazleton\SampleMvcCRUD\Mwh.Sample.Domain\Extensions\EnumExtension.cs(41,9): warning IDE0011: Add braces to 'if' statement. (https://learn.microsoft.com/dotnet/fundamentals/code-analysis/style-rules/ide0011) [C:\GitHub\MarkHazleton\SampleMvcCRUD\Mwh.Sample.Domain\Mwh.Sample.Domain.csproj]
C:\GitHub\MarkHazleton\SampleMvcCRUD\Mwh.Sample.Domain\Extensions\ImageExtensions.cs(27,48): warning CA1062: In externally visible method 'SKBitmap ImageExtensions.ScaleImage(SKBitmap image, int maxHeight)', validate parameter 'image' is non-null before using it. If appropriate, throw an 'ArgumentNullException' when the argument is 'null'. (https://learn.microsoft.com/dotnet/fundamentals/code-analysis/quality-rules/ca1062) [C:\GitHub\MarkHazleton\SampleMvcCRUD\Mwh.Sample.Domain\Mwh.Sample.Domain.csproj]
C:\GitHub\MarkHazleton\SampleMvcCRUD\Mwh.Sample.Domain\Extensions\ImageExtensions.cs(10,28): warning CA1062: In externally visible method 'SKBitmap ImageExtensions.Resize(SKBitmap image, int maxWidth = 0, int maxHeight = 0)', validate parameter 'image' is non-null before using it. If appropriate, throw an 'ArgumentNullException' when the argument is 'null'. (https://learn.microsoft.com/dotnet/fundamentals/code-analysis/quality-rules/ca1062) [C:\GitHub\MarkHazleton\SampleMvcCRUD\Mwh.Sample.Domain\Mwh.Sample.Domain.csproj]
C:\GitHub\MarkHazleton\SampleMvcCRUD\Mwh.Sample.Domain\Extensions\TreeNode.cs(16,9): warning IDE0011: Add braces to 'if' statement. (https://learn.microsoft.com/dotnet/fundamentals/code-analysis/style-rules/ide0011) [C:\GitHub\MarkHazleton\SampleMvcCRUD\Mwh.Sample.Domain\Mwh.Sample.Domain.csproj]
C:\GitHub\MarkHazleton\SampleMvcCRUD\Mwh.Sample.Domain\Extensions\TreeNode.cs(18,9): warning IDE0011: Add braces to 'else' statement. (https://learn.microsoft.com/dotnet/fundamentals/code-analysis/style-rules/ide0011) [C:\GitHub\MarkHazleton\SampleMvcCRUD\Mwh.Sample.Domain\Mwh.Sample.Domain.csproj]
C:\GitHub\MarkHazleton\SampleMvcCRUD\Mwh.Sample.Domain\Extensions\PropertyBag.cs(43,17): warning IDE0011: Add braces to 'if' statement. (https://learn.microsoft.com/dotnet/fundamentals/code-analysis/style-rules/ide0011) [C:\GitHub\MarkHazleton\SampleMvcCRUD\Mwh.Sample.Domain\Mwh.Sample.Domain.csproj]
C:\GitHub\MarkHazleton\SampleMvcCRUD\Mwh.Sample.Domain\Extensions\PropertyBag.cs(48,17): warning IDE0011: Add braces to 'if' statement. (https://learn.microsoft.com/dotnet/fundamentals/code-analysis/style-rules/ide0011) [C:\GitHub\MarkHazleton\SampleMvcCRUD\Mwh.Sample.Domain\Mwh.Sample.Domain.csproj]
C:\GitHub\MarkHazleton\SampleMvcCRUD\Mwh.Sample.Domain\Extensions\StringExtensions.cs(45,9): warning IDE0011: Add braces to 'if' statement. (https://learn.microsoft.com/dotnet/fundamentals/code-analysis/style-rules/ide0011) [C:\GitHub\MarkHazleton\SampleMvcCRUD\Mwh.Sample.Domain\Mwh.Sample.Domain.csproj]
C:\GitHub\MarkHazleton\SampleMvcCRUD\Mwh.Sample.Domain\Extensions\StringExtensions.cs(48,9): warning IDE0011: Add braces to 'if' statement. (https://learn.microsoft.com/dotnet/fundamentals/code-analysis/style-rules/ide0011) [C:\GitHub\MarkHazleton\SampleMvcCRUD\Mwh.Sample.Domain\Mwh.Sample.Domain.csproj]
C:\GitHub\MarkHazleton\SampleMvcCRUD\Mwh.Sample.Domain\Extensions\StringExtensions.cs(55,13): warning IDE0011: Add braces to 'if' statement. (https://learn.microsoft.com/dotnet/fundamentals/code-analysis/style-rules/ide0011) [C:\GitHub\MarkHazleton\SampleMvcCRUD\Mwh.Sample.Domain\Mwh.Sample.Domain.csproj]
C:\GitHub\MarkHazleton\SampleMvcCRUD\Mwh.Sample.Domain\Extensions\StringExtensions.cs(72,9): warning IDE0011: Add braces to 'if' statement. (https://learn.microsoft.com/dotnet/fundamentals/code-analysis/style-rules/ide0011) [C:\GitHub\MarkHazleton\SampleMvcCRUD\Mwh.Sample.Domain\Mwh.Sample.Domain.csproj]
C:\GitHub\MarkHazleton\SampleMvcCRUD\Mwh.Sample.Domain\Extensions\StringExtensions.cs(75,9): warning IDE0011: Add braces to 'if' statement. (https://learn.microsoft.com/dotnet/fundamentals/code-analysis/style-rules/ide0011) [C:\GitHub\MarkHazleton\SampleMvcCRUD\Mwh.Sample.Domain\Mwh.Sample.Domain.csproj]
C:\GitHub\MarkHazleton\SampleMvcCRUD\Mwh.Sample.Domain\Extensions\StringExtensions.cs(89,9): warning IDE0011: Add braces to 'if' statement. (https://learn.microsoft.com/dotnet/fundamentals/code-analysis/style-rules/ide0011) [C:\GitHub\MarkHazleton\SampleMvcCRUD\Mwh.Sample.Domain\Mwh.Sample.Domain.csproj]
C:\GitHub\MarkHazleton\SampleMvcCRUD\Mwh.Sample.Domain\Models\EmployeeList.cs(22,9): warning IDE0011: Add braces to 'foreach' statement. (https://learn.microsoft.com/dotnet/fundamentals/code-analysis/style-rules/ide0011) [C:\GitHub\MarkHazleton\SampleMvcCRUD\Mwh.Sample.Domain\Mwh.Sample.Domain.csproj]
C:\GitHub\MarkHazleton\SampleMvcCRUD\Mwh.Sample.Domain\Models\EmployeeDto.cs(86,9): warning IDE0011: Add braces to 'if' statement. (https://learn.microsoft.com/dotnet/fundamentals/code-analysis/style-rules/ide0011) [C:\GitHub\MarkHazleton\SampleMvcCRUD\Mwh.Sample.Domain\Mwh.Sample.Domain.csproj]
C:\GitHub\MarkHazleton\SampleMvcCRUD\Mwh.Sample.Domain\Models\EmployeeDto.cs(121,9): warning IDE0011: Add braces to 'if' statement. (https://learn.microsoft.com/dotnet/fundamentals/code-analysis/style-rules/ide0011) [C:\GitHub\MarkHazleton\SampleMvcCRUD\Mwh.Sample.Domain\Mwh.Sample.Domain.csproj]
C:\GitHub\MarkHazleton\SampleMvcCRUD\Mwh.Sample.Domain\Models\EmployeeDto.cs(124,9): warning IDE0011: Add braces to 'if' statement. (https://learn.microsoft.com/dotnet/fundamentals/code-analysis/style-rules/ide0011) [C:\GitHub\MarkHazleton\SampleMvcCRUD\Mwh.Sample.Domain\Mwh.Sample.Domain.csproj]
C:\GitHub\MarkHazleton\SampleMvcCRUD\Mwh.Sample.Domain\Models\EmployeeDto.cs(136,13): warning IDE0011: Add braces to 'if' statement. (https://learn.microsoft.com/dotnet/fundamentals/code-analysis/style-rules/ide0011) [C:\GitHub\MarkHazleton\SampleMvcCRUD\Mwh.Sample.Domain\Mwh.Sample.Domain.csproj]
C:\GitHub\MarkHazleton\SampleMvcCRUD\Mwh.Sample.Domain\Models\EmployeeDto.cs(145,9): warning IDE0011: Add braces to 'if' statement. (https://learn.microsoft.com/dotnet/fundamentals/code-analysis/style-rules/ide0011) [C:\GitHub\MarkHazleton\SampleMvcCRUD\Mwh.Sample.Domain\Mwh.Sample.Domain.csproj]
C:\GitHub\MarkHazleton\SampleMvcCRUD\Mwh.Sample.Domain\Models\EmployeeDto.cs(171,9): warning IDE0011: Add braces to 'if' statement. (https://learn.microsoft.com/dotnet/fundamentals/code-analysis/style-rules/ide0011) [C:\GitHub\MarkHazleton\SampleMvcCRUD\Mwh.Sample.Domain\Mwh.Sample.Domain.csproj]
C:\GitHub\MarkHazleton\SampleMvcCRUD\Mwh.Sample.Domain\Models\EmployeeDto.cs(173,9): warning IDE0011: Add braces to 'if' statement. (https://learn.microsoft.com/dotnet/fundamentals/code-analysis/style-rules/ide0011) [C:\GitHub\MarkHazleton\SampleMvcCRUD\Mwh.Sample.Domain\Mwh.Sample.Domain.csproj]
C:\GitHub\MarkHazleton\SampleMvcCRUD\Mwh.Sample.Domain\Models\EmployeeDto.cs(175,9): warning IDE0011: Add braces to 'if' statement. (https://learn.microsoft.com/dotnet/fundamentals/code-analysis/style-rules/ide0011) [C:\GitHub\MarkHazleton\SampleMvcCRUD\Mwh.Sample.Domain\Mwh.Sample.Domain.csproj]
C:\GitHub\MarkHazleton\SampleMvcCRUD\Mwh.Sample.Domain\Models\EmployeeDto.cs(156,16): warning CA1307: 'string.GetHashCode()' has a method overload that takes a 'StringComparison' parameter. Replace this call in 'Mwh.Sample.Domain.Models.EmployeeDto.GetHashCode()' with a call to 'string.GetHashCode(System.StringComparison)' for clarity of intent. (https://learn.microsoft.com/dotnet/fundamentals/code-analysis/quality-rules/ca1307) [C:\GitHub\MarkHazleton\SampleMvcCRUD\Mwh.Sample.Domain\Mwh.Sample.Domain.csproj]
C:\GitHub\MarkHazleton\SampleMvcCRUD\Mwh.Sample.Domain\Extensions\TreeNode.cs(28,13): warning IDE0011: Add braces to 'foreach' statement. (https://learn.microsoft.com/dotnet/fundamentals/code-analysis/style-rules/ide0011) [C:\GitHub\MarkHazleton\SampleMvcCRUD\Mwh.Sample.Domain\Mwh.Sample.Domain.csproj]
C:\GitHub\MarkHazleton\SampleMvcCRUD\Mwh.Sample.Domain\Models\EmployeeDto.cs(188,9): warning IDE0011: Add braces to 'if' statement. (https://learn.microsoft.com/dotnet/fundamentals/code-analysis/style-rules/ide0011) [C:\GitHub\MarkHazleton\SampleMvcCRUD\Mwh.Sample.Domain\Mwh.Sample.Domain.csproj]
C:\GitHub\MarkHazleton\SampleMvcCRUD\Mwh.Sample.Domain\Models\EmployeeDto.cs(190,9): warning IDE0011: Add braces to 'if' statement. (https://learn.microsoft.com/dotnet/fundamentals/code-analysis/style-rules/ide0011) [C:\GitHub\MarkHazleton\SampleMvcCRUD\Mwh.Sample.Domain\Mwh.Sample.Domain.csproj]
C:\GitHub\MarkHazleton\SampleMvcCRUD\Mwh.Sample.Domain\Models\EmployeeDto.cs(192,9): warning IDE0011: Add braces to 'if' statement. (https://learn.microsoft.com/dotnet/fundamentals/code-analysis/style-rules/ide0011) [C:\GitHub\MarkHazleton\SampleMvcCRUD\Mwh.Sample.Domain\Mwh.Sample.Domain.csproj]
C:\GitHub\MarkHazleton\SampleMvcCRUD\Mwh.Sample.Domain\Models\EmployeeDto.cs(194,9): warning IDE0011: Add braces to 'if' statement. (https://learn.microsoft.com/dotnet/fundamentals/code-analysis/style-rules/ide0011) [C:\GitHub\MarkHazleton\SampleMvcCRUD\Mwh.Sample.Domain\Mwh.Sample.Domain.csproj]
C:\GitHub\MarkHazleton\SampleMvcCRUD\Mwh.Sample.Domain\Models\EmployeeDto.cs(196,9): warning IDE0011: Add braces to 'if' statement. (https://learn.microsoft.com/dotnet/fundamentals/code-analysis/style-rules/ide0011) [C:\GitHub\MarkHazleton\SampleMvcCRUD\Mwh.Sample.Domain\Mwh.Sample.Domain.csproj]
C:\GitHub\MarkHazleton\SampleMvcCRUD\Mwh.Sample.Domain\Extensions\PropertyBag.cs(60,31): warning CA1062: In externally visible method 'void PropertyBag<TKey, TValue>.Add(Dictionary<TKey, TValue> value)', validate parameter 'value' is non-null before using it. If appropriate, throw an 'ArgumentNullException' when the argument is 'null'. (https://learn.microsoft.com/dotnet/fundamentals/code-analysis/quality-rules/ca1062) [C:\GitHub\MarkHazleton\SampleMvcCRUD\Mwh.Sample.Domain\Mwh.Sample.Domain.csproj]
C:\GitHub\MarkHazleton\SampleMvcCRUD\Mwh.Sample.Domain\Extensions\LogExtensions.cs(71,16): warning CA1062: In externally visible method 'bool LogExtensions.IsSimpleType(Type type)', validate parameter 'type' is non-null before using it. If appropriate, throw an 'ArgumentNullException' when the argument is 'null'. (https://learn.microsoft.com/dotnet/fundamentals/code-analysis/quality-rules/ca1062) [C:\GitHub\MarkHazleton\SampleMvcCRUD\Mwh.Sample.Domain\Mwh.Sample.Domain.csproj]
C:\GitHub\MarkHazleton\SampleMvcCRUD\Mwh.Sample.Domain\Models\DepartmentDto.cs(49,9): warning IDE0011: Add braces to 'if' statement. (https://learn.microsoft.com/dotnet/fundamentals/code-analysis/style-rules/ide0011) [C:\GitHub\MarkHazleton\SampleMvcCRUD\Mwh.Sample.Domain\Mwh.Sample.Domain.csproj]
C:\GitHub\MarkHazleton\SampleMvcCRUD\Mwh.Sample.Domain\Extensions\LogExtensions.cs(84,9): warning IDE0011: Add braces to 'if' statement. (https://learn.microsoft.com/dotnet/fundamentals/code-analysis/style-rules/ide0011) [C:\GitHub\MarkHazleton\SampleMvcCRUD\Mwh.Sample.Domain\Mwh.Sample.Domain.csproj]
C:\GitHub\MarkHazleton\SampleMvcCRUD\Mwh.Sample.Domain\Models\DepartmentDto.cs(55,9): warning IDE0011: Add braces to 'if' statement. (https://learn.microsoft.com/dotnet/fundamentals/code-analysis/style-rules/ide0011) [C:\GitHub\MarkHazleton\SampleMvcCRUD\Mwh.Sample.Domain\Mwh.Sample.Domain.csproj]
C:\GitHub\MarkHazleton\SampleMvcCRUD\Mwh.Sample.Domain\Extensions\LogExtensions.cs(113,9): warning IDE0011: Add braces to 'if' statement. (https://learn.microsoft.com/dotnet/fundamentals/code-analysis/style-rules/ide0011) [C:\GitHub\MarkHazleton\SampleMvcCRUD\Mwh.Sample.Domain\Mwh.Sample.Domain.csproj]
C:\GitHub\MarkHazleton\SampleMvcCRUD\Mwh.Sample.Domain\Extensions\PropertyBag.cs(70,9): warning IDE0011: Add braces to 'if' statement. (https://learn.microsoft.com/dotnet/fundamentals/code-analysis/style-rules/ide0011) [C:\GitHub\MarkHazleton\SampleMvcCRUD\Mwh.Sample.Domain\Mwh.Sample.Domain.csproj]
C:\GitHub\MarkHazleton\SampleMvcCRUD\Mwh.Sample.Domain\Extensions\PropertyBag.cs(73,9): warning IDE0011: Add braces to 'if' statement. (https://learn.microsoft.com/dotnet/fundamentals/code-analysis/style-rules/ide0011) [C:\GitHub\MarkHazleton\SampleMvcCRUD\Mwh.Sample.Domain\Mwh.Sample.Domain.csproj]
C:\GitHub\MarkHazleton\SampleMvcCRUD\Mwh.Sample.Domain\Extensions\PropertyBag.cs(101,9): warning IDE0011: Add braces to 'if' statement. (https://learn.microsoft.com/dotnet/fundamentals/code-analysis/style-rules/ide0011) [C:\GitHub\MarkHazleton\SampleMvcCRUD\Mwh.Sample.Domain\Mwh.Sample.Domain.csproj]
C:\GitHub\MarkHazleton\SampleMvcCRUD\Mwh.Sample.Domain\Extensions\PropertyBag.cs(103,9): warning IDE0011: Add braces to 'if' statement. (https://learn.microsoft.com/dotnet/fundamentals/code-analysis/style-rules/ide0011) [C:\GitHub\MarkHazleton\SampleMvcCRUD\Mwh.Sample.Domain\Mwh.Sample.Domain.csproj]
C:\GitHub\MarkHazleton\SampleMvcCRUD\Mwh.Sample.Domain\Extensions\PropertyBag.cs(105,9): warning IDE0011: Add braces to 'else' statement. (https://learn.microsoft.com/dotnet/fundamentals/code-analysis/style-rules/ide0011) [C:\GitHub\MarkHazleton\SampleMvcCRUD\Mwh.Sample.Domain\Mwh.Sample.Domain.csproj]
C:\GitHub\MarkHazleton\SampleMvcCRUD\Mwh.Sample.Domain\Models\ApplicationStatus.cs(24,25): warning CA1310: The behavior of 'string.IndexOf(string)' could vary based on the current user's locale settings. Replace this call in 'Mwh.Sample.Domain.Models.ApplicationStatus.GetBuildDate(System.Reflection.Assembly)' with a call to 'string.IndexOf(string, System.StringComparison)'. (https://learn.microsoft.com/dotnet/fundamentals/code-analysis/quality-rules/ca1310) [C:\GitHub\MarkHazleton\SampleMvcCRUD\Mwh.Sample.Domain\Mwh.Sample.Domain.csproj]
C:\GitHub\MarkHazleton\SampleMvcCRUD\Mwh.Sample.Domain\Extensions\TreeNode.cs(37,13): warning IDE0011: Add braces to 'foreach' statement. (https://learn.microsoft.com/dotnet/fundamentals/code-analysis/style-rules/ide0011) [C:\GitHub\MarkHazleton\SampleMvcCRUD\Mwh.Sample.Domain\Mwh.Sample.Domain.csproj]
C:\GitHub\MarkHazleton\SampleMvcCRUD\Mwh.Sample.Domain\Extensions\PropertyBag.cs(103,13): warning CA1864: To avoid double lookup, call 'TryAdd' instead of calling 'Add' with a 'ContainsKey' guard (https://learn.microsoft.com/dotnet/fundamentals/code-analysis/quality-rules/ca1864) [C:\GitHub\MarkHazleton\SampleMvcCRUD\Mwh.Sample.Domain\Mwh.Sample.Domain.csproj]
C:\GitHub\MarkHazleton\SampleMvcCRUD\Mwh.Sample.Domain\Extensions\PropertyBag.cs(133,17): warning CA1062: In externally visible method 'void PropertyBag<TKey, TValue>.GetObjectData(SerializationInfo info)', validate parameter 'info' is non-null before using it. If appropriate, throw an 'ArgumentNullException' when the argument is 'null'. (https://learn.microsoft.com/dotnet/fundamentals/code-analysis/quality-rules/ca1062) [C:\GitHub\MarkHazleton\SampleMvcCRUD\Mwh.Sample.Domain\Mwh.Sample.Domain.csproj]
C:\GitHub\MarkHazleton\SampleMvcCRUD\Mwh.Sample.Domain\Extensions\EnumerableExtensions.cs(19,9): warning IDE0011: Add braces to 'if' statement. (https://learn.microsoft.com/dotnet/fundamentals/code-analysis/style-rules/ide0011) [C:\GitHub\MarkHazleton\SampleMvcCRUD\Mwh.Sample.Domain\Mwh.Sample.Domain.csproj]
C:\GitHub\MarkHazleton\SampleMvcCRUD\Mwh.Sample.Domain\Extensions\EnumExtension.cs(64,25): warning CA1062: In externally visible method 'Dictionary<int, string> EnumExtension.ToDictionary(Enum enumValue)', validate parameter 'enumValue' is non-null before using it. If appropriate, throw an 'ArgumentNullException' when the argument is 'null'. (https://learn.microsoft.com/dotnet/fundamentals/code-analysis/quality-rules/ca1062) [C:\GitHub\MarkHazleton\SampleMvcCRUD\Mwh.Sample.Domain\Mwh.Sample.Domain.csproj]
C:\GitHub\MarkHazleton\SampleMvcCRUD\Mwh.Sample.Domain\Extensions\EnumerableExtensions.cs(25,24): warning CA1851: Possible multiple enumerations of 'IEnumerable' collection. Consider using an implementation that avoids multiple enumerations. (https://learn.microsoft.com/dotnet/fundamentals/code-analysis/quality-rules/ca1851) [C:\GitHub\MarkHazleton\SampleMvcCRUD\Mwh.Sample.Domain\Mwh.Sample.Domain.csproj]
C:\GitHub\MarkHazleton\SampleMvcCRUD\Mwh.Sample.Domain\Extensions\EnumerableExtensions.cs(19,34): warning CA1851: Possible multiple enumerations of 'IEnumerable' collection. Consider using an implementation that avoids multiple enumerations. (https://learn.microsoft.com/dotnet/fundamentals/code-analysis/quality-rules/ca1851) [C:\GitHub\MarkHazleton\SampleMvcCRUD\Mwh.Sample.Domain\Mwh.Sample.Domain.csproj]
C:\GitHub\MarkHazleton\SampleMvcCRUD\Mwh.Sample.Domain\Extensions\EnumerableExtensions.cs(31,24): warning CA1851: Possible multiple enumerations of 'IEnumerable' collection. Consider using an implementation that avoids multiple enumerations. (https://learn.microsoft.com/dotnet/fundamentals/code-analysis/quality-rules/ca1851) [C:\GitHub\MarkHazleton\SampleMvcCRUD\Mwh.Sample.Domain\Mwh.Sample.Domain.csproj]
C:\GitHub\MarkHazleton\SampleMvcCRUD\Mwh.Sample.Domain\Extensions\EnumerableExtensions.cs(37,24): warning CA1851: Possible multiple enumerations of 'IEnumerable' collection. Consider using an implementation that avoids multiple enumerations. (https://learn.microsoft.com/dotnet/fundamentals/code-analysis/quality-rules/ca1851) [C:\GitHub\MarkHazleton\SampleMvcCRUD\Mwh.Sample.Domain\Mwh.Sample.Domain.csproj]
C:\GitHub\MarkHazleton\SampleMvcCRUD\Mwh.Sample.Domain\Extensions\EnumerableExtensions.cs(40,24): warning CA1851: Possible multiple enumerations of 'IEnumerable' collection. Consider using an implementation that avoids multiple enumerations. (https://learn.microsoft.com/dotnet/fundamentals/code-analysis/quality-rules/ca1851) [C:\GitHub\MarkHazleton\SampleMvcCRUD\Mwh.Sample.Domain\Mwh.Sample.Domain.csproj]
C:\GitHub\MarkHazleton\SampleMvcCRUD\Mwh.Sample.Domain\Extensions\EnumerableExtensions.cs(46,39): warning CA1851: Possible multiple enumerations of 'IEnumerable' collection. Consider using an implementation that avoids multiple enumerations. (https://learn.microsoft.com/dotnet/fundamentals/code-analysis/quality-rules/ca1851) [C:\GitHub\MarkHazleton\SampleMvcCRUD\Mwh.Sample.Domain\Mwh.Sample.Domain.csproj]
C:\GitHub\MarkHazleton\SampleMvcCRUD\Mwh.Sample.Domain\Extensions\EnumerableExtensions.cs(59,28): warning CA1851: Possible multiple enumerations of 'IEnumerable' collection. Consider using an implementation that avoids multiple enumerations. (https://learn.microsoft.com/dotnet/fundamentals/code-analysis/quality-rules/ca1851) [C:\GitHub\MarkHazleton\SampleMvcCRUD\Mwh.Sample.Domain\Mwh.Sample.Domain.csproj]
C:\GitHub\MarkHazleton\SampleMvcCRUD\Mwh.Sample.Domain\Extensions\EnumerableExtensions.cs(48,32): warning CA1062: In externally visible method 'T? EnumerableExtensions.SelectElementByOption<T, TKey>(IEnumerable<T>? sequence, Func<T, TKey> keySelector, MinMaxOption option = MinMaxOption.Minimum)', validate parameter 'keySelector' is non-null before using it. If appropriate, throw an 'ArgumentNullException' when the argument is 'null'. (https://learn.microsoft.com/dotnet/fundamentals/code-analysis/quality-rules/ca1062) [C:\GitHub\MarkHazleton\SampleMvcCRUD\Mwh.Sample.Domain\Mwh.Sample.Domain.csproj]
  Mwh.Sample.Domain -> C:\GitHub\MarkHazleton\SampleMvcCRUD\Mwh.Sample.Domain\bin\Debug\net10.0\Mwh.Sample.Domain.dll
C:\GitHub\MarkHazleton\SampleMvcCRUD\Mwh.Sample.Repository\Models\Employee.cs(46,41): warning CS8767: Nullability of reference types in type of parameter 'value' of 'void Employee.ProfilePicture.set' doesn't match implicitly implemented member 'void IEmployee.ProfilePicture.set' (possibly because of nullability attributes). [C:\GitHub\MarkHazleton\SampleMvcCRUD\Mwh.Sample.Repository\Mwh.Sample.Repository.csproj]
C:\GitHub\MarkHazleton\SampleMvcCRUD\Mwh.Sample.Repository\Repository\EmployeeMock.cs(116,39): warning CS8613: Nullability of reference types in return type of 'Task<DepartmentDto?> EmployeeMock.DepartmentAsync(int id)' doesn't match implicitly implemented member 'Task<DepartmentDto> IEmployeeDB.DepartmentAsync(int id)'. [C:\GitHub\MarkHazleton\SampleMvcCRUD\Mwh.Sample.Repository\Mwh.Sample.Repository.csproj]
C:\GitHub\MarkHazleton\SampleMvcCRUD\Mwh.Sample.Repository\Services\EmployeeDatabaseClient.cs(12,28): warning CS8614: Nullability of reference types in type of parameter 'namelist' of 'Task<int> EmployeeDatabaseClient.AddMultipleEmployeesAsync(string[] namelist)' doesn't match implicitly implemented member 'Task<int> IEmployeeService.AddMultipleEmployeesAsync(string?[]? namelist)'. [C:\GitHub\MarkHazleton\SampleMvcCRUD\Mwh.Sample.Repository\Mwh.Sample.Repository.csproj]
C:\GitHub\MarkHazleton\SampleMvcCRUD\Mwh.Sample.Repository\Services\EmployeeDatabaseClient.cs(42,41): warning CS8767: Nullability of reference types in type of parameter 'employee' of 'Task<EmployeeResponse> EmployeeDatabaseClient.SaveAsync(EmployeeDto employee, CancellationToken token)' doesn't match implicitly implemented member 'Task<EmployeeResponse> IEmployeeService.SaveAsync(EmployeeDto? employee, CancellationToken token)' (possibly because of nullability attributes). [C:\GitHub\MarkHazleton\SampleMvcCRUD\Mwh.Sample.Repository\Mwh.Sample.Repository.csproj]
C:\GitHub\MarkHazleton\SampleMvcCRUD\Mwh.Sample.Repository\Services\EmployeeDatabaseClient.cs(52,41): warning CS8767: Nullability of reference types in type of parameter 'employee' of 'Task<EmployeeResponse> EmployeeDatabaseClient.UpdateAsync(int id, EmployeeDto employee, CancellationToken token)' doesn't match implicitly implemented member 'Task<EmployeeResponse> IEmployeeService.UpdateAsync(int id, EmployeeDto? employee, CancellationToken token)' (possibly because of nullability attributes). [C:\GitHub\MarkHazleton\SampleMvcCRUD\Mwh.Sample.Repository\Mwh.Sample.Repository.csproj]
C:\GitHub\MarkHazleton\SampleMvcCRUD\Mwh.Sample.Repository\Repository\EmployeeDB.cs(42,25): warning CS8601: Possible null reference assignment. [C:\GitHub\MarkHazleton\SampleMvcCRUD\Mwh.Sample.Repository\Mwh.Sample.Repository.csproj]
C:\GitHub\MarkHazleton\SampleMvcCRUD\Mwh.Sample.Repository\Repository\EmployeeDB.cs(56,13): warning CS8629: Nullable value type may be null. [C:\GitHub\MarkHazleton\SampleMvcCRUD\Mwh.Sample.Repository\Mwh.Sample.Repository.csproj]
C:\GitHub\MarkHazleton\SampleMvcCRUD\Mwh.Sample.Repository\Repository\EmployeeMock.cs(105,17): warning CS8604: Possible null reference argument for parameter 'left' in 'bool EmployeeDto.operator !=(EmployeeDto left, EmployeeDto right)'. [C:\GitHub\MarkHazleton\SampleMvcCRUD\Mwh.Sample.Repository\Mwh.Sample.Repository.csproj]
C:\GitHub\MarkHazleton\SampleMvcCRUD\Mwh.Sample.Repository\Repository\EmployeeMock.cs(105,26): warning CS8625: Cannot convert null literal to non-nullable reference type. [C:\GitHub\MarkHazleton\SampleMvcCRUD\Mwh.Sample.Repository\Mwh.Sample.Repository.csproj]
C:\GitHub\MarkHazleton\SampleMvcCRUD\Mwh.Sample.Repository\Services\EmployeeDatabaseService.cs(21,25): warning CS8601: Possible null reference assignment. [C:\GitHub\MarkHazleton\SampleMvcCRUD\Mwh.Sample.Repository\Mwh.Sample.Repository.csproj]
C:\GitHub\MarkHazleton\SampleMvcCRUD\Mwh.Sample.Repository\Services\EmployeeDatabaseService.cs(54,16): warning CS8601: Possible null reference assignment. [C:\GitHub\MarkHazleton\SampleMvcCRUD\Mwh.Sample.Repository\Mwh.Sample.Repository.csproj]
C:\GitHub\MarkHazleton\SampleMvcCRUD\Mwh.Sample.Repository\Repository\EmployeeDB.cs(85,23): warning CS8604: Possible null reference argument for parameter 'item' in 'DepartmentDto EmployeeDB.Create(Department item)'. [C:\GitHub\MarkHazleton\SampleMvcCRUD\Mwh.Sample.Repository\Mwh.Sample.Repository.csproj]
C:\GitHub\MarkHazleton\SampleMvcCRUD\Mwh.Sample.Repository\Services\EmployeeDatabaseService.cs(118,16): warning CS8603: Possible null reference return. [C:\GitHub\MarkHazleton\SampleMvcCRUD\Mwh.Sample.Repository\Mwh.Sample.Repository.csproj]
C:\GitHub\MarkHazleton\SampleMvcCRUD\Mwh.Sample.Repository\Repository\EmployeeDB.cs(115,13): warning CS8604: Possible null reference argument for parameter 'left' in 'bool EmployeeDto.operator ==(EmployeeDto left, EmployeeDto right)'. [C:\GitHub\MarkHazleton\SampleMvcCRUD\Mwh.Sample.Repository\Mwh.Sample.Repository.csproj]
C:\GitHub\MarkHazleton\SampleMvcCRUD\Mwh.Sample.Repository\Repository\EmployeeDB.cs(115,20): warning CS8625: Cannot convert null literal to non-nullable reference type. [C:\GitHub\MarkHazleton\SampleMvcCRUD\Mwh.Sample.Repository\Mwh.Sample.Repository.csproj]
C:\GitHub\MarkHazleton\SampleMvcCRUD\Mwh.Sample.Repository\Repository\EmployeeDB.cs(121,24): warning CS8601: Possible null reference assignment. [C:\GitHub\MarkHazleton\SampleMvcCRUD\Mwh.Sample.Repository\Mwh.Sample.Repository.csproj]
C:\GitHub\MarkHazleton\SampleMvcCRUD\Mwh.Sample.Repository\Repository\EmployeeDB.cs(140,33): warning CS8601: Possible null reference assignment. [C:\GitHub\MarkHazleton\SampleMvcCRUD\Mwh.Sample.Repository\Mwh.Sample.Repository.csproj]
C:\GitHub\MarkHazleton\SampleMvcCRUD\Mwh.Sample.Repository\Repository\EmployeeDB.cs(155,28): warning CS8601: Possible null reference assignment. [C:\GitHub\MarkHazleton\SampleMvcCRUD\Mwh.Sample.Repository\Mwh.Sample.Repository.csproj]
C:\GitHub\MarkHazleton\SampleMvcCRUD\Mwh.Sample.Repository\Repository\EmployeeMock.cs(205,13): warning CS8604: Possible null reference argument for parameter 'left' in 'bool EmployeeDto.operator ==(EmployeeDto left, EmployeeDto right)'. [C:\GitHub\MarkHazleton\SampleMvcCRUD\Mwh.Sample.Repository\Mwh.Sample.Repository.csproj]
C:\GitHub\MarkHazleton\SampleMvcCRUD\Mwh.Sample.Repository\Repository\EmployeeMock.cs(205,20): warning CS8625: Cannot convert null literal to non-nullable reference type. [C:\GitHub\MarkHazleton\SampleMvcCRUD\Mwh.Sample.Repository\Mwh.Sample.Repository.csproj]
C:\GitHub\MarkHazleton\SampleMvcCRUD\Mwh.Sample.Repository\Repository\EmployeeMock.cs(224,17): warning CS8604: Possible null reference argument for parameter 'left' in 'bool EmployeeDto.operator ==(EmployeeDto left, EmployeeDto right)'. [C:\GitHub\MarkHazleton\SampleMvcCRUD\Mwh.Sample.Repository\Mwh.Sample.Repository.csproj]
C:\GitHub\MarkHazleton\SampleMvcCRUD\Mwh.Sample.Repository\Repository\EmployeeMock.cs(224,30): warning CS8625: Cannot convert null literal to non-nullable reference type. [C:\GitHub\MarkHazleton\SampleMvcCRUD\Mwh.Sample.Repository\Mwh.Sample.Repository.csproj]
C:\GitHub\MarkHazleton\SampleMvcCRUD\Mwh.Sample.Repository\Repository\EmployeeDB.cs(183,18): warning CS8602: Dereference of a possibly null reference. [C:\GitHub\MarkHazleton\SampleMvcCRUD\Mwh.Sample.Repository\Mwh.Sample.Repository.csproj]
C:\GitHub\MarkHazleton\SampleMvcCRUD\Mwh.Sample.Repository\Services\EmployeeDatabaseService.cs(226,17): warning CS8604: Possible null reference argument for parameter 'name' in 'EmployeeDto.EmployeeDto(int id, string name, int age, string state, string country, EmployeeDepartmentEnum dept, string? profilePicture = null, GenderEnum? gender = null)'. [C:\GitHub\MarkHazleton\SampleMvcCRUD\Mwh.Sample.Repository\Mwh.Sample.Repository.csproj]
C:\GitHub\MarkHazleton\SampleMvcCRUD\Mwh.Sample.Repository\Services\EmployeeDatabaseService.cs(228,17): warning CS8604: Possible null reference argument for parameter 'state' in 'EmployeeDto.EmployeeDto(int id, string name, int age, string state, string country, EmployeeDepartmentEnum dept, string? profilePicture = null, GenderEnum? gender = null)'. [C:\GitHub\MarkHazleton\SampleMvcCRUD\Mwh.Sample.Repository\Mwh.Sample.Repository.csproj]
C:\GitHub\MarkHazleton\SampleMvcCRUD\Mwh.Sample.Repository\Services\EmployeeDatabaseService.cs(229,17): warning CS8604: Possible null reference argument for parameter 'country' in 'EmployeeDto.EmployeeDto(int id, string name, int age, string state, string country, EmployeeDepartmentEnum dept, string? profilePicture = null, GenderEnum? gender = null)'. [C:\GitHub\MarkHazleton\SampleMvcCRUD\Mwh.Sample.Repository\Mwh.Sample.Repository.csproj]
C:\GitHub\MarkHazleton\SampleMvcCRUD\Mwh.Sample.Repository\Models\IDepartment.cs(6,27): warning CA2227: Change 'Employees' to be read-only by removing the property setter (https://learn.microsoft.com/dotnet/fundamentals/code-analysis/quality-rules/ca2227) [C:\GitHub\MarkHazleton\SampleMvcCRUD\Mwh.Sample.Repository\Mwh.Sample.Repository.csproj]
C:\GitHub\MarkHazleton\SampleMvcCRUD\Mwh.Sample.Repository\Models\BaseEntity.cs(9,23): warning CA1012: Abstract type 'BaseEntity' should not have public constructors (https://learn.microsoft.com/dotnet/fundamentals/code-analysis/quality-rules/ca1012) [C:\GitHub\MarkHazleton\SampleMvcCRUD\Mwh.Sample.Repository\Mwh.Sample.Repository.csproj]
C:\GitHub\MarkHazleton\SampleMvcCRUD\Mwh.Sample.Repository\Repository\EmployeeMock.cs(11,50): warning CA1805: Member '_generatedEmployeeCount' is explicitly initialized to its default value (https://learn.microsoft.com/dotnet/fundamentals/code-analysis/quality-rules/ca1805) [C:\GitHub\MarkHazleton\SampleMvcCRUD\Mwh.Sample.Repository\Mwh.Sample.Repository.csproj]
C:\GitHub\MarkHazleton\SampleMvcCRUD\Mwh.Sample.Repository\Repository\EmployeeMock.cs(63,17): warning IDE0011: Add braces to 'if' statement. (https://learn.microsoft.com/dotnet/fundamentals/code-analysis/style-rules/ide0011) [C:\GitHub\MarkHazleton\SampleMvcCRUD\Mwh.Sample.Repository\Mwh.Sample.Repository.csproj]
C:\GitHub\MarkHazleton\SampleMvcCRUD\Mwh.Sample.Repository\Repository\EmployeeMock.cs(45,17): warning IDE0011: Add braces to 'if' statement. (https://learn.microsoft.com/dotnet/fundamentals/code-analysis/style-rules/ide0011) [C:\GitHub\MarkHazleton\SampleMvcCRUD\Mwh.Sample.Repository\Mwh.Sample.Repository.csproj]
C:\GitHub\MarkHazleton\SampleMvcCRUD\Mwh.Sample.Repository\Repository\EmployeeDB.cs(17,9): warning IDE0011: Add braces to 'if' statement. (https://learn.microsoft.com/dotnet/fundamentals/code-analysis/style-rules/ide0011) [C:\GitHub\MarkHazleton\SampleMvcCRUD\Mwh.Sample.Repository\Mwh.Sample.Repository.csproj]
C:\GitHub\MarkHazleton\SampleMvcCRUD\Mwh.Sample.Repository\Repository\EmployeeMock.cs(72,9): warning IDE0011: Add braces to 'if' statement. (https://learn.microsoft.com/dotnet/fundamentals/code-analysis/style-rules/ide0011) [C:\GitHub\MarkHazleton\SampleMvcCRUD\Mwh.Sample.Repository\Mwh.Sample.Repository.csproj]
C:\GitHub\MarkHazleton\SampleMvcCRUD\Mwh.Sample.Repository\Repository\EmployeeMock.cs(58,49): warning CA2263: Prefer the generic overload 'System.Enum.GetValues<TEnum>()' instead of 'System.Enum.GetValues(System.Type)' (https://learn.microsoft.com/dotnet/fundamentals/code-analysis/quality-rules/ca2263) [C:\GitHub\MarkHazleton\SampleMvcCRUD\Mwh.Sample.Repository\Mwh.Sample.Repository.csproj]
C:\GitHub\MarkHazleton\SampleMvcCRUD\Mwh.Sample.Repository\Repository\EmployeeDB.cs(24,9): warning IDE0011: Add braces to 'if' statement. (https://learn.microsoft.com/dotnet/fundamentals/code-analysis/style-rules/ide0011) [C:\GitHub\MarkHazleton\SampleMvcCRUD\Mwh.Sample.Repository\Mwh.Sample.Repository.csproj]
C:\GitHub\MarkHazleton\SampleMvcCRUD\Mwh.Sample.Repository\Repository\EmployeeDB.cs(32,9): warning IDE0011: Add braces to 'if' statement. (https://learn.microsoft.com/dotnet/fundamentals/code-analysis/style-rules/ide0011) [C:\GitHub\MarkHazleton\SampleMvcCRUD\Mwh.Sample.Repository\Mwh.Sample.Repository.csproj]
C:\GitHub\MarkHazleton\SampleMvcCRUD\Mwh.Sample.Repository\Models\EmployeeContext.cs(16,14): warning CA1062: In externally visible method 'void EmployeeContext.OnConfiguring(DbContextOptionsBuilder optionsBuilder)', validate parameter 'optionsBuilder' is non-null before using it. If appropriate, throw an 'ArgumentNullException' when the argument is 'null'. (https://learn.microsoft.com/dotnet/fundamentals/code-analysis/quality-rules/ca1062) [C:\GitHub\MarkHazleton\SampleMvcCRUD\Mwh.Sample.Repository\Mwh.Sample.Repository.csproj]
C:\GitHub\MarkHazleton\SampleMvcCRUD\Mwh.Sample.Repository\Services\EmployeeDatabaseService.cs(14,9): warning IDE0011: Add braces to 'if' statement. (https://learn.microsoft.com/dotnet/fundamentals/code-analysis/style-rules/ide0011) [C:\GitHub\MarkHazleton\SampleMvcCRUD\Mwh.Sample.Repository\Mwh.Sample.Repository.csproj]
C:\GitHub\MarkHazleton\SampleMvcCRUD\Mwh.Sample.Repository\Repository\EmployeeMock.cs(105,13): warning IDE0011: Add braces to 'if' statement. (https://learn.microsoft.com/dotnet/fundamentals/code-analysis/style-rules/ide0011) [C:\GitHub\MarkHazleton\SampleMvcCRUD\Mwh.Sample.Repository\Mwh.Sample.Repository.csproj]
C:\GitHub\MarkHazleton\SampleMvcCRUD\Mwh.Sample.Repository\Services\EmployeeDatabaseService.cs(34,9): warning IDE0011: Add braces to 'if' statement. (https://learn.microsoft.com/dotnet/fundamentals/code-analysis/style-rules/ide0011) [C:\GitHub\MarkHazleton\SampleMvcCRUD\Mwh.Sample.Repository\Mwh.Sample.Repository.csproj]
C:\GitHub\MarkHazleton\SampleMvcCRUD\Mwh.Sample.Repository\Services\EmployeeDatabaseService.cs(71,9): warning IDE0011: Add braces to 'if' statement. (https://learn.microsoft.com/dotnet/fundamentals/code-analysis/style-rules/ide0011) [C:\GitHub\MarkHazleton\SampleMvcCRUD\Mwh.Sample.Repository\Mwh.Sample.Repository.csproj]
C:\GitHub\MarkHazleton\SampleMvcCRUD\Mwh.Sample.Repository\Services\EmployeeDatabaseService.cs(95,9): warning IDE0011: Add braces to 'if' statement. (https://learn.microsoft.com/dotnet/fundamentals/code-analysis/style-rules/ide0011) [C:\GitHub\MarkHazleton\SampleMvcCRUD\Mwh.Sample.Repository\Mwh.Sample.Repository.csproj]
C:\GitHub\MarkHazleton\SampleMvcCRUD\Mwh.Sample.Repository\Services\EmployeeDatabaseService.cs(100,9): warning IDE0011: Add braces to 'if' statement. (https://learn.microsoft.com/dotnet/fundamentals/code-analysis/style-rules/ide0011) [C:\GitHub\MarkHazleton\SampleMvcCRUD\Mwh.Sample.Repository\Mwh.Sample.Repository.csproj]
C:\GitHub\MarkHazleton\SampleMvcCRUD\Mwh.Sample.Repository\Repository\EmployeeDB.cs(115,9): warning IDE0011: Add braces to 'if' statement. (https://learn.microsoft.com/dotnet/fundamentals/code-analysis/style-rules/ide0011) [C:\GitHub\MarkHazleton\SampleMvcCRUD\Mwh.Sample.Repository\Mwh.Sample.Repository.csproj]
C:\GitHub\MarkHazleton\SampleMvcCRUD\Mwh.Sample.Repository\Repository\EmployeeDB.cs(174,9): warning IDE0011: Add braces to 'if' statement. (https://learn.microsoft.com/dotnet/fundamentals/code-analysis/style-rules/ide0011) [C:\GitHub\MarkHazleton\SampleMvcCRUD\Mwh.Sample.Repository\Mwh.Sample.Repository.csproj]
C:\GitHub\MarkHazleton\SampleMvcCRUD\Mwh.Sample.Repository\Services\EmployeeDatabaseService.cs(141,9): warning IDE0011: Add braces to 'if' statement. (https://learn.microsoft.com/dotnet/fundamentals/code-analysis/style-rules/ide0011) [C:\GitHub\MarkHazleton\SampleMvcCRUD\Mwh.Sample.Repository\Mwh.Sample.Repository.csproj]
C:\GitHub\MarkHazleton\SampleMvcCRUD\Mwh.Sample.Repository\Services\EmployeeDatabaseService.cs(79,23): warning CA5394: Random is an insecure random number generator. Use cryptographically secure random number generators when randomness is required for security. (https://learn.microsoft.com/dotnet/fundamentals/code-analysis/quality-rules/ca5394) [C:\GitHub\MarkHazleton\SampleMvcCRUD\Mwh.Sample.Repository\Mwh.Sample.Repository.csproj]
C:\GitHub\MarkHazleton\SampleMvcCRUD\Mwh.Sample.Repository\Services\EmployeeDatabaseService.cs(81,32): warning CA5394: Random is an insecure random number generator. Use cryptographically secure random number generators when randomness is required for security. (https://learn.microsoft.com/dotnet/fundamentals/code-analysis/quality-rules/ca5394) [C:\GitHub\MarkHazleton\SampleMvcCRUD\Mwh.Sample.Repository\Mwh.Sample.Repository.csproj]
C:\GitHub\MarkHazleton\SampleMvcCRUD\Mwh.Sample.Repository\Services\EmployeeDatabaseService.cs(82,34): warning CA5394: Random is an insecure random number generator. Use cryptographically secure random number generators when randomness is required for security. (https://learn.microsoft.com/dotnet/fundamentals/code-analysis/quality-rules/ca5394) [C:\GitHub\MarkHazleton\SampleMvcCRUD\Mwh.Sample.Repository\Mwh.Sample.Repository.csproj]
C:\GitHub\MarkHazleton\SampleMvcCRUD\Mwh.Sample.Repository\Repository\EmployeeMock.cs(205,9): warning IDE0011: Add braces to 'if' statement. (https://learn.microsoft.com/dotnet/fundamentals/code-analysis/style-rules/ide0011) [C:\GitHub\MarkHazleton\SampleMvcCRUD\Mwh.Sample.Repository\Mwh.Sample.Repository.csproj]
C:\GitHub\MarkHazleton\SampleMvcCRUD\Mwh.Sample.Repository\Repository\EmployeeMock.cs(208,9): warning IDE0011: Add braces to 'if' statement. (https://learn.microsoft.com/dotnet/fundamentals/code-analysis/style-rules/ide0011) [C:\GitHub\MarkHazleton\SampleMvcCRUD\Mwh.Sample.Repository\Mwh.Sample.Repository.csproj]
C:\GitHub\MarkHazleton\SampleMvcCRUD\Mwh.Sample.Repository\Models\EmployeeContext.cs(24,9): warning CA1062: In externally visible method 'void EmployeeContext.OnModelCreating(ModelBuilder modelBuilder)', validate parameter 'modelBuilder' is non-null before using it. If appropriate, throw an 'ArgumentNullException' when the argument is 'null'. (https://learn.microsoft.com/dotnet/fundamentals/code-analysis/quality-rules/ca1062) [C:\GitHub\MarkHazleton\SampleMvcCRUD\Mwh.Sample.Repository\Mwh.Sample.Repository.csproj]
C:\GitHub\MarkHazleton\SampleMvcCRUD\Mwh.Sample.Repository\Services\EmployeeDatabaseService.cs(174,9): warning IDE0011: Add braces to 'if' statement. (https://learn.microsoft.com/dotnet/fundamentals/code-analysis/style-rules/ide0011) [C:\GitHub\MarkHazleton\SampleMvcCRUD\Mwh.Sample.Repository\Mwh.Sample.Repository.csproj]
C:\GitHub\MarkHazleton\SampleMvcCRUD\Mwh.Sample.Repository\Services\EmployeeDatabaseService.cs(182,9): warning IDE0011: Add braces to 'if' statement. (https://learn.microsoft.com/dotnet/fundamentals/code-analysis/style-rules/ide0011) [C:\GitHub\MarkHazleton\SampleMvcCRUD\Mwh.Sample.Repository\Mwh.Sample.Repository.csproj]
C:\GitHub\MarkHazleton\SampleMvcCRUD\Mwh.Sample.Repository\Services\EmployeeDatabaseService.cs(190,9): warning IDE0011: Add braces to 'if' statement. (https://learn.microsoft.com/dotnet/fundamentals/code-analysis/style-rules/ide0011) [C:\GitHub\MarkHazleton\SampleMvcCRUD\Mwh.Sample.Repository\Mwh.Sample.Repository.csproj]
C:\GitHub\MarkHazleton\SampleMvcCRUD\Mwh.Sample.Repository\Services\EmployeeDatabaseService.cs(193,9): warning IDE0011: Add braces to 'if' statement. (https://learn.microsoft.com/dotnet/fundamentals/code-analysis/style-rules/ide0011) [C:\GitHub\MarkHazleton\SampleMvcCRUD\Mwh.Sample.Repository\Mwh.Sample.Repository.csproj]
C:\GitHub\MarkHazleton\SampleMvcCRUD\Mwh.Sample.Repository\Services\EmployeeDatabaseService.cs(162,20): warning CA1062: In externally visible method 'Task<IEnumerable<EmployeeDto>> EmployeeDatabaseService.GetEmployeesAsync(PagingParameterModel paging, CancellationToken token)', validate parameter 'paging' is non-null before using it. If appropriate, throw an 'ArgumentNullException' when the argument is 'null'. (https://learn.microsoft.com/dotnet/fundamentals/code-analysis/quality-rules/ca1062) [C:\GitHub\MarkHazleton\SampleMvcCRUD\Mwh.Sample.Repository\Mwh.Sample.Repository.csproj]
C:\GitHub\MarkHazleton\SampleMvcCRUD\Mwh.Sample.Repository\Services\EmployeeDatabaseService.cs(219,9): warning IDE0011: Add braces to 'if' statement. (https://learn.microsoft.com/dotnet/fundamentals/code-analysis/style-rules/ide0011) [C:\GitHub\MarkHazleton\SampleMvcCRUD\Mwh.Sample.Repository\Mwh.Sample.Repository.csproj]
C:\GitHub\MarkHazleton\SampleMvcCRUD\Mwh.Sample.Repository\Services\EmployeeDatabaseService.cs(239,13): warning IDE0011: Add braces to 'if' statement. (https://learn.microsoft.com/dotnet/fundamentals/code-analysis/style-rules/ide0011) [C:\GitHub\MarkHazleton\SampleMvcCRUD\Mwh.Sample.Repository\Mwh.Sample.Repository.csproj]
C:\GitHub\MarkHazleton\SampleMvcCRUD\Mwh.Sample.Repository\Services\EmployeeDatabaseService.cs(306,9): warning IDE0011: Add braces to 'if' statement. (https://learn.microsoft.com/dotnet/fundamentals/code-analysis/style-rules/ide0011) [C:\GitHub\MarkHazleton\SampleMvcCRUD\Mwh.Sample.Repository\Mwh.Sample.Repository.csproj]
C:\GitHub\MarkHazleton\SampleMvcCRUD\Mwh.Sample.Repository\Services\EmployeeDatabaseService.cs(309,9): warning IDE0011: Add braces to 'if' statement. (https://learn.microsoft.com/dotnet/fundamentals/code-analysis/style-rules/ide0011) [C:\GitHub\MarkHazleton\SampleMvcCRUD\Mwh.Sample.Repository\Mwh.Sample.Repository.csproj]
C:\GitHub\MarkHazleton\SampleMvcCRUD\Mwh.Sample.Repository\Services\EmployeeDatabaseService.cs(312,9): warning IDE0011: Add braces to 'if' statement. (https://learn.microsoft.com/dotnet/fundamentals/code-analysis/style-rules/ide0011) [C:\GitHub\MarkHazleton\SampleMvcCRUD\Mwh.Sample.Repository\Mwh.Sample.Repository.csproj]
C:\GitHub\MarkHazleton\SampleMvcCRUD\Mwh.Sample.Repository\Services\EmployeeDatabaseService.cs(315,9): warning IDE0011: Add braces to 'if' statement. (https://learn.microsoft.com/dotnet/fundamentals/code-analysis/style-rules/ide0011) [C:\GitHub\MarkHazleton\SampleMvcCRUD\Mwh.Sample.Repository\Mwh.Sample.Repository.csproj]
C:\GitHub\MarkHazleton\SampleMvcCRUD\Mwh.Sample.Domain.Tests\Extensions\LogExtensionsTests.cs(32,33): warning CS8625: Cannot convert null literal to non-nullable reference type. [C:\GitHub\MarkHazleton\SampleMvcCRUD\Mwh.Sample.Domain.Tests\Mwh.Sample.Domain.Tests.csproj]
C:\GitHub\MarkHazleton\SampleMvcCRUD\Mwh.Sample.Domain.Tests\Extensions\EnumExtensionTests.cs(44,30): warning CS8604: Possible null reference argument for parameter 'e' in 'string EnumExtension.GetDescription(Enum e)'. [C:\GitHub\MarkHazleton\SampleMvcCRUD\Mwh.Sample.Domain.Tests\Mwh.Sample.Domain.Tests.csproj]
C:\GitHub\MarkHazleton\SampleMvcCRUD\Mwh.Sample.Domain.Tests\Extensions\LogExtensionsTests.cs(57,41): warning CS8600: Converting null literal or possible null value to non-nullable type. [C:\GitHub\MarkHazleton\SampleMvcCRUD\Mwh.Sample.Domain.Tests\Mwh.Sample.Domain.Tests.csproj]
C:\GitHub\MarkHazleton\SampleMvcCRUD\Mwh.Sample.Domain.Tests\Extensions\EnumExtensionTests.cs(67,25): warning CS8604: Possible null reference argument for parameter 'e' in 'string EnumExtension.GetDescription(Enum e)'. [C:\GitHub\MarkHazleton\SampleMvcCRUD\Mwh.Sample.Domain.Tests\Mwh.Sample.Domain.Tests.csproj]
C:\GitHub\MarkHazleton\SampleMvcCRUD\Mwh.Sample.Domain.Tests\Extensions\LogExtensionsTests.cs(83,41): warning CS8600: Converting null literal or possible null value to non-nullable type. [C:\GitHub\MarkHazleton\SampleMvcCRUD\Mwh.Sample.Domain.Tests\Mwh.Sample.Domain.Tests.csproj]
C:\GitHub\MarkHazleton\SampleMvcCRUD\Mwh.Sample.Domain.Tests\Extensions\EnumExtensionTests.cs(97,25): warning CS8604: Possible null reference argument for parameter 'e' in 'string EnumExtension.GetDisplayName(Enum e)'. [C:\GitHub\MarkHazleton\SampleMvcCRUD\Mwh.Sample.Domain.Tests\Mwh.Sample.Domain.Tests.csproj]
C:\GitHub\MarkHazleton\SampleMvcCRUD\Mwh.Sample.Domain.Tests\Extensions\PropertyBagTests.cs(110,107): warning SYSLIB0050: 'FormatterConverter' is obsolete: 'Formatter-based serialization is obsolete and should not be used.' (https://aka.ms/dotnet-warnings/SYSLIB0050) [C:\GitHub\MarkHazleton\SampleMvcCRUD\Mwh.Sample.Domain.Tests\Mwh.Sample.Domain.Tests.csproj]
C:\GitHub\MarkHazleton\SampleMvcCRUD\Mwh.Sample.Domain.Tests\Extensions\PropertyBagTests.cs(110,47): warning SYSLIB0050: 'SerializationInfo.SerializationInfo(Type, IFormatterConverter)' is obsolete: 'Formatter-based serialization is obsolete and should not be used.' (https://aka.ms/dotnet-warnings/SYSLIB0050) [C:\GitHub\MarkHazleton\SampleMvcCRUD\Mwh.Sample.Domain.Tests\Mwh.Sample.Domain.Tests.csproj]
C:\GitHub\MarkHazleton\SampleMvcCRUD\Mwh.Sample.Domain.Tests\Extensions\PropertyBagTests.cs(126,107): warning SYSLIB0050: 'FormatterConverter' is obsolete: 'Formatter-based serialization is obsolete and should not be used.' (https://aka.ms/dotnet-warnings/SYSLIB0050) [C:\GitHub\MarkHazleton\SampleMvcCRUD\Mwh.Sample.Domain.Tests\Mwh.Sample.Domain.Tests.csproj]
C:\GitHub\MarkHazleton\SampleMvcCRUD\Mwh.Sample.Domain.Tests\Extensions\PropertyBagTests.cs(126,47): warning SYSLIB0050: 'SerializationInfo.SerializationInfo(Type, IFormatterConverter)' is obsolete: 'Formatter-based serialization is obsolete and should not be used.' (https://aka.ms/dotnet-warnings/SYSLIB0050) [C:\GitHub\MarkHazleton\SampleMvcCRUD\Mwh.Sample.Domain.Tests\Mwh.Sample.Domain.Tests.csproj]
C:\GitHub\MarkHazleton\SampleMvcCRUD\Mwh.Sample.Domain.Tests\Extensions\EnumExtensionTests.cs(167,18): warning CS0219: The variable 'myTest' is assigned but its value is never used [C:\GitHub\MarkHazleton\SampleMvcCRUD\Mwh.Sample.Domain.Tests\Mwh.Sample.Domain.Tests.csproj]
C:\GitHub\MarkHazleton\SampleMvcCRUD\Mwh.Sample.Domain.Tests\Extensions\EnumExtensionTests.cs(182,18): warning CS0219: The variable 'myTest' is assigned but its value is never used [C:\GitHub\MarkHazleton\SampleMvcCRUD\Mwh.Sample.Domain.Tests\Mwh.Sample.Domain.Tests.csproj]
C:\GitHub\MarkHazleton\SampleMvcCRUD\Mwh.Sample.Domain.Tests\Extensions\EnumExtensionTests.cs(195,18): warning CS0219: The variable 'myTest' is assigned but its value is never used [C:\GitHub\MarkHazleton\SampleMvcCRUD\Mwh.Sample.Domain.Tests\Mwh.Sample.Domain.Tests.csproj]
C:\GitHub\MarkHazleton\SampleMvcCRUD\Mwh.Sample.Domain.Tests\Extensions\EnumExtensionTests.cs(210,18): warning CS0219: The variable 'myTest' is assigned but its value is never used [C:\GitHub\MarkHazleton\SampleMvcCRUD\Mwh.Sample.Domain.Tests\Mwh.Sample.Domain.Tests.csproj]
C:\GitHub\MarkHazleton\SampleMvcCRUD\Mwh.Sample.Domain.Tests\Models\EmployeeDtoTests.cs(316,33): warning CS8600: Converting null literal or possible null value to non-nullable type. [C:\GitHub\MarkHazleton\SampleMvcCRUD\Mwh.Sample.Domain.Tests\Mwh.Sample.Domain.Tests.csproj]
C:\GitHub\MarkHazleton\SampleMvcCRUD\Mwh.Sample.Domain.Tests\Models\EmployeeDtoTests.cs(317,33): warning CS8600: Converting null literal or possible null value to non-nullable type. [C:\GitHub\MarkHazleton\SampleMvcCRUD\Mwh.Sample.Domain.Tests\Mwh.Sample.Domain.Tests.csproj]
C:\GitHub\MarkHazleton\SampleMvcCRUD\Mwh.Sample.Domain.Tests\Models\EmployeeDtoTests.cs(328,33): warning CS8600: Converting null literal or possible null value to non-nullable type. [C:\GitHub\MarkHazleton\SampleMvcCRUD\Mwh.Sample.Domain.Tests\Mwh.Sample.Domain.Tests.csproj]
C:\GitHub\MarkHazleton\SampleMvcCRUD\Mwh.Sample.Domain.Tests\Models\EmployeeDtoTests.cs(340,33): warning CS8600: Converting null literal or possible null value to non-nullable type. [C:\GitHub\MarkHazleton\SampleMvcCRUD\Mwh.Sample.Domain.Tests\Mwh.Sample.Domain.Tests.csproj]
C:\GitHub\MarkHazleton\SampleMvcCRUD\Mwh.Sample.Domain.Tests\Models\EmployeeDtoTests.cs(353,33): warning CS8600: Converting null literal or possible null value to non-nullable type. [C:\GitHub\MarkHazleton\SampleMvcCRUD\Mwh.Sample.Domain.Tests\Mwh.Sample.Domain.Tests.csproj]
C:\GitHub\MarkHazleton\SampleMvcCRUD\Mwh.Sample.Domain.Tests\Extensions\EnumExtensionTests.cs(280,30): warning CS8604: Possible null reference argument for parameter 'e' in 'string EnumExtension.GetDisplayName(Enum e)'. [C:\GitHub\MarkHazleton\SampleMvcCRUD\Mwh.Sample.Domain.Tests\Mwh.Sample.Domain.Tests.csproj]
C:\GitHub\MarkHazleton\SampleMvcCRUD\Mwh.Sample.Domain.Tests\Extensions\TestEnum.cs(8,17): warning CA1515: Because an application's API isn't typically referenced from outside the assembly, types can be made internal (https://learn.microsoft.com/dotnet/fundamentals/code-analysis/quality-rules/ca1515) [C:\GitHub\MarkHazleton\SampleMvcCRUD\Mwh.Sample.Domain.Tests\Mwh.Sample.Domain.Tests.csproj]
C:\GitHub\MarkHazleton\SampleMvcCRUD\Mwh.Sample.Domain.Tests\Extensions\LogExtensionsTests.cs(158,14): warning CA1515: Because an application's API isn't typically referenced from outside the assembly, types can be made internal (https://learn.microsoft.com/dotnet/fundamentals/code-analysis/quality-rules/ca1515) [C:\GitHub\MarkHazleton\SampleMvcCRUD\Mwh.Sample.Domain.Tests\Mwh.Sample.Domain.Tests.csproj]
C:\GitHub\MarkHazleton\SampleMvcCRUD\Mwh.Sample.Domain.Tests\Extensions\TestEnum.cs(8,17): warning CA1711: Rename type name TestEnum so that it does not end in 'Enum' (https://learn.microsoft.com/dotnet/fundamentals/code-analysis/quality-rules/ca1711) [C:\GitHub\MarkHazleton\SampleMvcCRUD\Mwh.Sample.Domain.Tests\Mwh.Sample.Domain.Tests.csproj]
C:\GitHub\MarkHazleton\SampleMvcCRUD\Mwh.Sample.Domain.Tests\Models\BuildVersionTests.cs(5,14): warning CA1515: Because an application's API isn't typically referenced from outside the assembly, types can be made internal (https://learn.microsoft.com/dotnet/fundamentals/code-analysis/quality-rules/ca1515) [C:\GitHub\MarkHazleton\SampleMvcCRUD\Mwh.Sample.Domain.Tests\Mwh.Sample.Domain.Tests.csproj]
C:\GitHub\MarkHazleton\SampleMvcCRUD\Mwh.Sample.Domain.Tests\Extensions\LogExtensionsTests.cs(6,14): warning CA1515: Because an application's API isn't typically referenced from outside the assembly, types can be made internal (https://learn.microsoft.com/dotnet/fundamentals/code-analysis/quality-rules/ca1515) [C:\GitHub\MarkHazleton\SampleMvcCRUD\Mwh.Sample.Domain.Tests\Mwh.Sample.Domain.Tests.csproj]
C:\GitHub\MarkHazleton\SampleMvcCRUD\Mwh.Sample.Domain.Tests\Models\EmployeeListTests.cs(4,14): warning CA1515: Because an application's API isn't typically referenced from outside the assembly, types can be made internal (https://learn.microsoft.com/dotnet/fundamentals/code-analysis/quality-rules/ca1515) [C:\GitHub\MarkHazleton\SampleMvcCRUD\Mwh.Sample.Domain.Tests\Mwh.Sample.Domain.Tests.csproj]
C:\GitHub\MarkHazleton\SampleMvcCRUD\Mwh.Sample.Domain.Tests\Extensions\ImageExtensionsTests.cs(7,14): warning CA1515: Because an application's API isn't typically referenced from outside the assembly, types can be made internal (https://learn.microsoft.com/dotnet/fundamentals/code-analysis/quality-rules/ca1515) [C:\GitHub\MarkHazleton\SampleMvcCRUD\Mwh.Sample.Domain.Tests\Mwh.Sample.Domain.Tests.csproj]
C:\GitHub\MarkHazleton\SampleMvcCRUD\Mwh.Sample.Domain.Tests\Models\DepartmentResponseTests.cs(4,18): warning CA1515: Because an application's API isn't typically referenced from outside the assembly, types can be made internal (https://learn.microsoft.com/dotnet/fundamentals/code-analysis/quality-rules/ca1515) [C:\GitHub\MarkHazleton\SampleMvcCRUD\Mwh.Sample.Domain.Tests\Mwh.Sample.Domain.Tests.csproj]
C:\GitHub\MarkHazleton\SampleMvcCRUD\Mwh.Sample.Domain.Tests\Models\DepartmentDtoTests.cs(6,14): warning CA1515: Because an application's API isn't typically referenced from outside the assembly, types can be made internal (https://learn.microsoft.com/dotnet/fundamentals/code-analysis/quality-rules/ca1515) [C:\GitHub\MarkHazleton\SampleMvcCRUD\Mwh.Sample.Domain.Tests\Mwh.Sample.Domain.Tests.csproj]
C:\GitHub\MarkHazleton\SampleMvcCRUD\Mwh.Sample.Domain.Tests\Models\ApplicationStatusTests.cs(6,14): warning CA1515: Because an application's API isn't typically referenced from outside the assembly, types can be made internal (https://learn.microsoft.com/dotnet/fundamentals/code-analysis/quality-rules/ca1515) [C:\GitHub\MarkHazleton\SampleMvcCRUD\Mwh.Sample.Domain.Tests\Mwh.Sample.Domain.Tests.csproj]
C:\GitHub\MarkHazleton\SampleMvcCRUD\Mwh.Sample.Domain.Tests\Extensions\TreeNodeTests.cs(4,14): warning CA1515: Because an application's API isn't typically referenced from outside the assembly, types can be made internal (https://learn.microsoft.com/dotnet/fundamentals/code-analysis/quality-rules/ca1515) [C:\GitHub\MarkHazleton\SampleMvcCRUD\Mwh.Sample.Domain.Tests\Mwh.Sample.Domain.Tests.csproj]
C:\GitHub\MarkHazleton\SampleMvcCRUD\Mwh.Sample.Domain.Tests\Models\EmployeeResponseTests.cs(5,14): warning CA1515: Because an application's API isn't typically referenced from outside the assembly, types can be made internal (https://learn.microsoft.com/dotnet/fundamentals/code-analysis/quality-rules/ca1515) [C:\GitHub\MarkHazleton\SampleMvcCRUD\Mwh.Sample.Domain.Tests\Mwh.Sample.Domain.Tests.csproj]
C:\GitHub\MarkHazleton\SampleMvcCRUD\Mwh.Sample.Domain.Tests\Extensions\PropertyBagTests.cs(9,14): warning CA1515: Because an application's API isn't typically referenced from outside the assembly, types can be made internal (https://learn.microsoft.com/dotnet/fundamentals/code-analysis/quality-rules/ca1515) [C:\GitHub\MarkHazleton\SampleMvcCRUD\Mwh.Sample.Domain.Tests\Mwh.Sample.Domain.Tests.csproj]
C:\GitHub\MarkHazleton\SampleMvcCRUD\Mwh.Sample.Domain.Tests\Extensions\EnumExtensionTests.cs(7,14): warning CA1515: Because an application's API isn't typically referenced from outside the assembly, types can be made internal (https://learn.microsoft.com/dotnet/fundamentals/code-analysis/quality-rules/ca1515) [C:\GitHub\MarkHazleton\SampleMvcCRUD\Mwh.Sample.Domain.Tests\Mwh.Sample.Domain.Tests.csproj]
C:\GitHub\MarkHazleton\SampleMvcCRUD\Mwh.Sample.Domain.Tests\Extensions\EnumerableExtensionsTest.cs(6,14): warning CA1515: Because an application's API isn't typically referenced from outside the assembly, types can be made internal (https://learn.microsoft.com/dotnet/fundamentals/code-analysis/quality-rules/ca1515) [C:\GitHub\MarkHazleton\SampleMvcCRUD\Mwh.Sample.Domain.Tests\Mwh.Sample.Domain.Tests.csproj]
C:\GitHub\MarkHazleton\SampleMvcCRUD\Mwh.Sample.Domain.Tests\Models\EmployeeDtoTests.cs(7,14): warning CA1515: Because an application's API isn't typically referenced from outside the assembly, types can be made internal (https://learn.microsoft.com/dotnet/fundamentals/code-analysis/quality-rules/ca1515) [C:\GitHub\MarkHazleton\SampleMvcCRUD\Mwh.Sample.Domain.Tests\Mwh.Sample.Domain.Tests.csproj]
CSC : warning MSTEST0001: Explicitly enable or disable tests parallelization (https://learn.microsoft.com/dotnet/core/testing/mstest-analyzers/mstest0001) [C:\GitHub\MarkHazleton\SampleMvcCRUD\Mwh.Sample.Domain.Tests\Mwh.Sample.Domain.Tests.csproj]
C:\GitHub\MarkHazleton\SampleMvcCRUD\Mwh.Sample.Domain.Tests\Extensions\StringExtensionsTests.cs(9,14): warning CA1515: Because an application's API isn't typically referenced from outside the assembly, types can be made internal (https://learn.microsoft.com/dotnet/fundamentals/code-analysis/quality-rules/ca1515) [C:\GitHub\MarkHazleton\SampleMvcCRUD\Mwh.Sample.Domain.Tests\Mwh.Sample.Domain.Tests.csproj]
C:\GitHub\MarkHazleton\SampleMvcCRUD\Mwh.Sample.Domain.Tests\Extensions\EnumExtensionTests.cs(173,28): warning CA1851: Possible multiple enumerations of 'IEnumerable' collection. Consider using an implementation that avoids multiple enumerations. (https://learn.microsoft.com/dotnet/fundamentals/code-analysis/quality-rules/ca1851) [C:\GitHub\MarkHazleton\SampleMvcCRUD\Mwh.Sample.Domain.Tests\Mwh.Sample.Domain.Tests.csproj]
C:\GitHub\MarkHazleton\SampleMvcCRUD\Mwh.Sample.Domain.Tests\Extensions\EnumExtensionTests.cs(174,35): warning CA1851: Possible multiple enumerations of 'IEnumerable' collection. Consider using an implementation that avoids multiple enumerations. (https://learn.microsoft.com/dotnet/fundamentals/code-analysis/quality-rules/ca1851) [C:\GitHub\MarkHazleton\SampleMvcCRUD\Mwh.Sample.Domain.Tests\Mwh.Sample.Domain.Tests.csproj]
C:\GitHub\MarkHazleton\SampleMvcCRUD\Mwh.Sample.Domain.Tests\Extensions\EnumExtensionTests.cs(175,35): warning CA1851: Possible multiple enumerations of 'IEnumerable' collection. Consider using an implementation that avoids multiple enumerations. (https://learn.microsoft.com/dotnet/fundamentals/code-analysis/quality-rules/ca1851) [C:\GitHub\MarkHazleton\SampleMvcCRUD\Mwh.Sample.Domain.Tests\Mwh.Sample.Domain.Tests.csproj]
  Mwh.Sample.Repository -> C:\GitHub\MarkHazleton\SampleMvcCRUD\Mwh.Sample.Repository\bin\Debug\net10.0\Mwh.Sample.Repository.dll
  Mwh.Sample.Domain.Tests -> C:\GitHub\MarkHazleton\SampleMvcCRUD\Mwh.Sample.Domain.Tests\bin\Debug\net10.0\Mwh.Sample.Domain.Tests.dll
C:\GitHub\MarkHazleton\SampleMvcCRUD\Mwh.Sample.Repository.Tests\Repository\EmployeeMockTests.cs(261,13): warning CS8602: Dereference of a possibly null reference. [C:\GitHub\MarkHazleton\SampleMvcCRUD\Mwh.Sample.Repository.Tests\Mwh.Sample.Repository.Tests.csproj]
C:\GitHub\MarkHazleton\SampleMvcCRUD\Mwh.Sample.Repository.Tests\Repository\EmployeeMockTests.cs(267,71): warning CS8602: Dereference of a possibly null reference. [C:\GitHub\MarkHazleton\SampleMvcCRUD\Mwh.Sample.Repository.Tests\Mwh.Sample.Repository.Tests.csproj]
C:\GitHub\MarkHazleton\SampleMvcCRUD\Mwh.Sample.Repository.Tests\Repository\EmployeeDBTests.cs(150,60): warning CS8602: Dereference of a possibly null reference. [C:\GitHub\MarkHazleton\SampleMvcCRUD\Mwh.Sample.Repository.Tests\Mwh.Sample.Repository.Tests.csproj]
C:\GitHub\MarkHazleton\SampleMvcCRUD\Mwh.Sample.Repository.Tests\Services\EmployeeDatabaseServiceTests.cs(181,9): warning CS8602: Dereference of a possibly null reference. [C:\GitHub\MarkHazleton\SampleMvcCRUD\Mwh.Sample.Repository.Tests\Mwh.Sample.Repository.Tests.csproj]
C:\GitHub\MarkHazleton\SampleMvcCRUD\Mwh.Sample.Repository.Tests\Repository\EmployeeDBTests.cs(222,9): warning CS8602: Dereference of a possibly null reference. [C:\GitHub\MarkHazleton\SampleMvcCRUD\Mwh.Sample.Repository.Tests\Mwh.Sample.Repository.Tests.csproj]
C:\GitHub\MarkHazleton\SampleMvcCRUD\Mwh.Sample.Repository.Tests\Repository\EmployeeDBTests.cs(228,67): warning CS8602: Dereference of a possibly null reference. [C:\GitHub\MarkHazleton\SampleMvcCRUD\Mwh.Sample.Repository.Tests\Mwh.Sample.Repository.Tests.csproj]
C:\GitHub\MarkHazleton\SampleMvcCRUD\Mwh.Sample.Repository.Tests\Repository\EmployeeDBTests.cs(233,25): warning CS8602: Dereference of a possibly null reference. [C:\GitHub\MarkHazleton\SampleMvcCRUD\Mwh.Sample.Repository.Tests\Mwh.Sample.Repository.Tests.csproj]
C:\GitHub\MarkHazleton\SampleMvcCRUD\Mwh.Sample.Repository.Tests\Services\EmployeeDatabaseServiceTests.cs(245,20): warning CS8600: Converting null literal or possible null value to non-nullable type. [C:\GitHub\MarkHazleton\SampleMvcCRUD\Mwh.Sample.Repository.Tests\Mwh.Sample.Repository.Tests.csproj]
C:\GitHub\MarkHazleton\SampleMvcCRUD\Mwh.Sample.Repository.Tests\Services\EmployeeDatabaseServiceTests.cs(247,83): warning CS8602: Dereference of a possibly null reference. [C:\GitHub\MarkHazleton\SampleMvcCRUD\Mwh.Sample.Repository.Tests\Mwh.Sample.Repository.Tests.csproj]
C:\GitHub\MarkHazleton\SampleMvcCRUD\Mwh.Sample.Repository.Tests\Services\EmployeeDatabaseServiceTests.cs(250,20): warning CS8600: Converting null literal or possible null value to non-nullable type. [C:\GitHub\MarkHazleton\SampleMvcCRUD\Mwh.Sample.Repository.Tests\Mwh.Sample.Repository.Tests.csproj]
C:\GitHub\MarkHazleton\SampleMvcCRUD\Mwh.Sample.Repository.Tests\Services\EmployeeDatabaseServiceTests.cs(252,9): warning CS8602: Dereference of a possibly null reference. [C:\GitHub\MarkHazleton\SampleMvcCRUD\Mwh.Sample.Repository.Tests\Mwh.Sample.Repository.Tests.csproj]
C:\GitHub\MarkHazleton\SampleMvcCRUD\Mwh.Sample.Repository.Tests\Services\EmployeeDatabaseServiceTests.cs(257,20): warning CS8600: Converting null literal or possible null value to non-nullable type. [C:\GitHub\MarkHazleton\SampleMvcCRUD\Mwh.Sample.Repository.Tests\Mwh.Sample.Repository.Tests.csproj]
CSC : warning MSTEST0001: Explicitly enable or disable tests parallelization (https://learn.microsoft.com/dotnet/core/testing/mstest-analyzers/mstest0001) [C:\GitHub\MarkHazleton\SampleMvcCRUD\Mwh.Sample.Repository.Tests\Mwh.Sample.Repository.Tests.csproj]
C:\GitHub\MarkHazleton\SampleMvcCRUD\Mwh.Sample.Repository.Tests\Models\DepartmentTests.cs(6,18): warning CA1515: Because an application's API isn't typically referenced from outside the assembly, types can be made internal (https://learn.microsoft.com/dotnet/fundamentals/code-analysis/quality-rules/ca1515) [C:\GitHub\MarkHazleton\SampleMvcCRUD\Mwh.Sample.Repository.Tests\Mwh.Sample.Repository.Tests.csproj]
C:\GitHub\MarkHazleton\SampleMvcCRUD\Mwh.Sample.Repository.Tests\Models\EmployeeTests.cs(5,14): warning CA1515: Because an application's API isn't typically referenced from outside the assembly, types can be made internal (https://learn.microsoft.com/dotnet/fundamentals/code-analysis/quality-rules/ca1515) [C:\GitHub\MarkHazleton\SampleMvcCRUD\Mwh.Sample.Repository.Tests\Mwh.Sample.Repository.Tests.csproj]
C:\GitHub\MarkHazleton\SampleMvcCRUD\Mwh.Sample.Repository.Tests\Services\EmployeeDatabaseClientTests.cs(12,14): warning CA1515: Because an application's API isn't typically referenced from outside the assembly, types can be made internal (https://learn.microsoft.com/dotnet/fundamentals/code-analysis/quality-rules/ca1515) [C:\GitHub\MarkHazleton\SampleMvcCRUD\Mwh.Sample.Repository.Tests\Mwh.Sample.Repository.Tests.csproj]
C:\GitHub\MarkHazleton\SampleMvcCRUD\Mwh.Sample.Repository.Tests\Models\EmployeeContextTests.cs(9,14): warning CA1515: Because an application's API isn't typically referenced from outside the assembly, types can be made internal (https://learn.microsoft.com/dotnet/fundamentals/code-analysis/quality-rules/ca1515) [C:\GitHub\MarkHazleton\SampleMvcCRUD\Mwh.Sample.Repository.Tests\Mwh.Sample.Repository.Tests.csproj]
C:\GitHub\MarkHazleton\SampleMvcCRUD\Mwh.Sample.Repository.Tests\Repository\EmployeeDBTests.cs(9,14): warning CA1515: Because an application's API isn't typically referenced from outside the assembly, types can be made internal (https://learn.microsoft.com/dotnet/fundamentals/code-analysis/quality-rules/ca1515) [C:\GitHub\MarkHazleton\SampleMvcCRUD\Mwh.Sample.Repository.Tests\Mwh.Sample.Repository.Tests.csproj]
C:\GitHub\MarkHazleton\SampleMvcCRUD\Mwh.Sample.Repository.Tests\Repository\EmployeeMockTests.cs(8,18): warning CA1515: Because an application's API isn't typically referenced from outside the assembly, types can be made internal (https://learn.microsoft.com/dotnet/fundamentals/code-analysis/quality-rules/ca1515) [C:\GitHub\MarkHazleton\SampleMvcCRUD\Mwh.Sample.Repository.Tests\Mwh.Sample.Repository.Tests.csproj]
C:\GitHub\MarkHazleton\SampleMvcCRUD\Mwh.Sample.Repository.Tests\Services\EmployeeDatabaseServiceTests.cs(14,14): warning CA1515: Because an application's API isn't typically referenced from outside the assembly, types can be made internal (https://learn.microsoft.com/dotnet/fundamentals/code-analysis/quality-rules/ca1515) [C:\GitHub\MarkHazleton\SampleMvcCRUD\Mwh.Sample.Repository.Tests\Mwh.Sample.Repository.Tests.csproj]
C:\GitHub\MarkHazleton\SampleMvcCRUD\Mwh.Sample.Repository.Tests\Services\EmployeeDatabaseServiceTests.cs(231,23): warning CA1711: Either replace the suffix 'New' in member name SaveAsync_StateUnderTest_ValidNew with the suggested numeric alternate '2' or provide a more meaningful suffix that distinguishes it from the member it replaces (https://learn.microsoft.com/dotnet/fundamentals/code-analysis/quality-rules/ca1711) [C:\GitHub\MarkHazleton\SampleMvcCRUD\Mwh.Sample.Repository.Tests\Mwh.Sample.Repository.Tests.csproj]
C:\GitHub\MarkHazleton\SampleMvcCRUD\Mwh.Sample.Repository.Tests\Services\EmployeeDatabaseServiceTests.cs(17,39): warning CA1859: Change type of field 'employeeService' from 'Mwh.Sample.Domain.Interfaces.IEmployeeService' to 'Mwh.Sample.Repository.Services.EmployeeDatabaseService' for improved performance (https://learn.microsoft.com/dotnet/fundamentals/code-analysis/quality-rules/ca1859) [C:\GitHub\MarkHazleton\SampleMvcCRUD\Mwh.Sample.Repository.Tests\Mwh.Sample.Repository.Tests.csproj]
C:\GitHub\MarkHazleton\SampleMvcCRUD\Mwh.Sample.Console\Program.cs(36,5): warning CA1849: 'EmployeeMock.DepartmentCollection()' synchronously blocks. Await 'EmployeeMock.DepartmentCollectionAsync()' instead. (https://learn.microsoft.com/dotnet/fundamentals/code-analysis/quality-rules/ca1849) [C:\GitHub\MarkHazleton\SampleMvcCRUD\Mwh.Sample.Console\Mwh.Sample.Console.csproj]
C:\GitHub\MarkHazleton\SampleMvcCRUD\Mwh.Sample.Console\Program.cs(44,5): warning CA1849: 'EmployeeMock.EmployeeCollection()' synchronously blocks. Await 'EmployeeMock.EmployeeCollectionAsync()' instead. (https://learn.microsoft.com/dotnet/fundamentals/code-analysis/quality-rules/ca1849) [C:\GitHub\MarkHazleton\SampleMvcCRUD\Mwh.Sample.Console\Mwh.Sample.Console.csproj]
  Mwh.Sample.Repository.Tests -> C:\GitHub\MarkHazleton\SampleMvcCRUD\Mwh.Sample.Repository.Tests\bin\Debug\net10.0\Mwh.Sample.Repository.Tests.dll
  Mwh.Sample.Console -> C:\GitHub\MarkHazleton\SampleMvcCRUD\Mwh.Sample.Console\bin\Debug\net10.0\Mwh.Sample.Console.dll
C:\GitHub\MarkHazleton\SampleMvcCRUD\Mwh.Sample.Web\Controllers\EmployeeController.cs(47,13): warning CS8604: Possible null reference argument for parameter 'left' in 'bool EmployeeDto.operator !=(EmployeeDto left, EmployeeDto right)'. [C:\GitHub\MarkHazleton\SampleMvcCRUD\Mwh.Sample.Web\Mwh.Sample.Web.csproj]
C:\GitHub\MarkHazleton\SampleMvcCRUD\Mwh.Sample.Web\Controllers\EmployeeController.cs(47,25): warning CS8625: Cannot convert null literal to non-nullable reference type. [C:\GitHub\MarkHazleton\SampleMvcCRUD\Mwh.Sample.Web\Mwh.Sample.Web.csproj]
C:\GitHub\MarkHazleton\SampleMvcCRUD\Mwh.Sample.Web\Controllers\EmployeeController.cs(94,13): warning CS8604: Possible null reference argument for parameter 'left' in 'bool EmployeeDto.operator !=(EmployeeDto left, EmployeeDto right)'. [C:\GitHub\MarkHazleton\SampleMvcCRUD\Mwh.Sample.Web\Mwh.Sample.Web.csproj]
C:\GitHub\MarkHazleton\SampleMvcCRUD\Mwh.Sample.Web\Controllers\EmployeeController.cs(94,25): warning CS8625: Cannot convert null literal to non-nullable reference type. [C:\GitHub\MarkHazleton\SampleMvcCRUD\Mwh.Sample.Web\Mwh.Sample.Web.csproj]
C:\GitHub\MarkHazleton\SampleMvcCRUD\Mwh.Sample.Web\Pages\EmployeeRazor\Edit.cshtml.cs(22,16): warning CS8618: Non-nullable property 'Genders' must contain a non-null value when exiting constructor. Consider adding the 'required' modifier or declaring the property as nullable. [C:\GitHub\MarkHazleton\SampleMvcCRUD\Mwh.Sample.Web\Mwh.Sample.Web.csproj]
C:\GitHub\MarkHazleton\SampleMvcCRUD\Mwh.Sample.Web\Extensions\ConfigurationExtensions.cs(121,23): warning CS8604: Possible null reference argument for parameter 'Value' in 'int ConfigurationExtensions.GetInt(string Value, string? defaultValue = null)'. [C:\GitHub\MarkHazleton\SampleMvcCRUD\Mwh.Sample.Web\Mwh.Sample.Web.csproj]
C:\GitHub\MarkHazleton\SampleMvcCRUD\Mwh.Sample.Web\Controllers\MvcEmployeeController.cs(77,25): warning CS8625: Cannot convert null literal to non-nullable reference type. [C:\GitHub\MarkHazleton\SampleMvcCRUD\Mwh.Sample.Web\Mwh.Sample.Web.csproj]
C:\GitHub\MarkHazleton\SampleMvcCRUD\Mwh.Sample.Web\Controllers\MvcEmployeeController.cs(131,83): warning CS8604: Possible null reference argument for parameter 'EmployeeId' in 'string? BaseController.UploadedFile(IFormFile? ProfileImage, string EmployeeId)'. [C:\GitHub\MarkHazleton\SampleMvcCRUD\Mwh.Sample.Web\Mwh.Sample.Web.csproj]
C:\GitHub\MarkHazleton\SampleMvcCRUD\Mwh.Sample.Web\Controllers\MvcEmployeeController.cs(134,25): warning CS8625: Cannot convert null literal to non-nullable reference type. [C:\GitHub\MarkHazleton\SampleMvcCRUD\Mwh.Sample.Web\Mwh.Sample.Web.csproj]
C:\GitHub\MarkHazleton\SampleMvcCRUD\Mwh.Sample.Web\Extensions\ConfigurationExtensions.cs(133,27): warning CS8604: Possible null reference argument for parameter 'Value' in 'int[] ConfigurationExtensions.GetIntList(string Value, string? defaultValue = null)'. [C:\GitHub\MarkHazleton\SampleMvcCRUD\Mwh.Sample.Web\Mwh.Sample.Web.csproj]
C:\GitHub\MarkHazleton\SampleMvcCRUD\Mwh.Sample.Web\Extensions\ConfigurationExtensions.cs(145,26): warning CS8604: Possible null reference argument for parameter 'Value' in 'string ConfigurationExtensions.GetString(string Value, string? defaultValue = null)'. [C:\GitHub\MarkHazleton\SampleMvcCRUD\Mwh.Sample.Web\Mwh.Sample.Web.csproj]
C:\GitHub\MarkHazleton\SampleMvcCRUD\Mwh.Sample.Web\Extensions\ConfigurationExtensions.cs(157,30): warning CS8604: Possible null reference argument for parameter 'Value' in 'string[] ConfigurationExtensions.GetStringList(string Value, string? defaultValue = null)'. [C:\GitHub\MarkHazleton\SampleMvcCRUD\Mwh.Sample.Web\Mwh.Sample.Web.csproj]
C:\GitHub\MarkHazleton\SampleMvcCRUD\Mwh.Sample.Web\Pages\EmployeeRazor\Index.cshtml(26,59): warning CS8602: Dereference of a possibly null reference. [C:\GitHub\MarkHazleton\SampleMvcCRUD\Mwh.Sample.Web\Mwh.Sample.Web.csproj]
C:\GitHub\MarkHazleton\SampleMvcCRUD\Mwh.Sample.Web\Pages\EmployeeRazor\Index.cshtml(42,63): warning CS8602: Dereference of a possibly null reference. [C:\GitHub\MarkHazleton\SampleMvcCRUD\Mwh.Sample.Web\Mwh.Sample.Web.csproj]
C:\GitHub\MarkHazleton\SampleMvcCRUD\Mwh.Sample.Web\Pages\EmployeeRazor\Delete.cshtml(29,79): warning CS8602: Dereference of a possibly null reference. [C:\GitHub\MarkHazleton\SampleMvcCRUD\Mwh.Sample.Web\Mwh.Sample.Web.csproj]
C:\GitHub\MarkHazleton\SampleMvcCRUD\Mwh.Sample.Web\Pages\EmployeeRazor\Delete.cshtml(30,64): warning CS8602: Dereference of a possibly null reference. [C:\GitHub\MarkHazleton\SampleMvcCRUD\Mwh.Sample.Web\Mwh.Sample.Web.csproj]
C:\GitHub\MarkHazleton\SampleMvcCRUD\Mwh.Sample.Web\Program.cs(73,1): warning CS0618: 'ApplicationInsightsExtensions.AddApplicationInsightsTelemetry(IServiceCollection, string)' is obsolete: 'InstrumentationKey based global ingestion is being deprecated. Use the AddApplicationInsightsTelemetry() overload which accepts Action<ApplicationInsightsServiceOptions> and set ApplicationInsightsServiceOptions.ConnectionString. See https://github.com/microsoft/ApplicationInsights-dotnet/issues/2560 for more details.' [C:\GitHub\MarkHazleton\SampleMvcCRUD\Mwh.Sample.Web\Mwh.Sample.Web.csproj]
C:\GitHub\MarkHazleton\SampleMvcCRUD\Mwh.Sample.Web\Models\KeyVaultOptions.cs(15,20): warning CA1056: Change the type of property 'KeyVaultOptions.KeyVaultUri' from 'string' to 'System.Uri' (https://learn.microsoft.com/dotnet/fundamentals/code-analysis/quality-rules/ca1056) [C:\GitHub\MarkHazleton\SampleMvcCRUD\Mwh.Sample.Web\Mwh.Sample.Web.csproj]
C:\GitHub\MarkHazleton\SampleMvcCRUD\Mwh.Sample.Web\Extensions\MyHttpContext.cs(18,26): warning CA1056: Change the type of property 'MyHttpContext.AppBaseUrl' from 'string' to 'System.Uri' (https://learn.microsoft.com/dotnet/fundamentals/code-analysis/quality-rules/ca1056) [C:\GitHub\MarkHazleton\SampleMvcCRUD\Mwh.Sample.Web\Mwh.Sample.Web.csproj]
C:\GitHub\MarkHazleton\SampleMvcCRUD\Mwh.Sample.Web\Extensions\MyHttpContext.cs(6,21): warning CA1515: Because an application's API isn't typically referenced from outside the assembly, types can be made internal (https://learn.microsoft.com/dotnet/fundamentals/code-analysis/quality-rules/ca1515) [C:\GitHub\MarkHazleton\SampleMvcCRUD\Mwh.Sample.Web\Mwh.Sample.Web.csproj]
C:\GitHub\MarkHazleton\SampleMvcCRUD\Mwh.Sample.Web\Models\KeyVaultUsage.cs(5,13): warning CA1515: Because an application's API isn't typically referenced from outside the assembly, types can be made internal (https://learn.microsoft.com/dotnet/fundamentals/code-analysis/quality-rules/ca1515) [C:\GitHub\MarkHazleton\SampleMvcCRUD\Mwh.Sample.Web\Mwh.Sample.Web.csproj]
C:\GitHub\MarkHazleton\SampleMvcCRUD\Mwh.Sample.Web\Extensions\HttpContextExtensions.cs(6,21): warning CA1515: Because an application's API isn't typically referenced from outside the assembly, types can be made internal (https://learn.microsoft.com/dotnet/fundamentals/code-analysis/quality-rules/ca1515) [C:\GitHub\MarkHazleton\SampleMvcCRUD\Mwh.Sample.Web\Mwh.Sample.Web.csproj]
C:\GitHub\MarkHazleton\SampleMvcCRUD\Mwh.Sample.Web\Helpers\SeedDatabase.cs(8,21): warning CA1515: Because an application's API isn't typically referenced from outside the assembly, types can be made internal (https://learn.microsoft.com/dotnet/fundamentals/code-analysis/quality-rules/ca1515) [C:\GitHub\MarkHazleton\SampleMvcCRUD\Mwh.Sample.Web\Mwh.Sample.Web.csproj]
C:\GitHub\MarkHazleton\SampleMvcCRUD\Mwh.Sample.Web\Extensions\ConfigurationExtensions.cs(6,21): warning CA1515: Because an application's API isn't typically referenced from outside the assembly, types can be made internal (https://learn.microsoft.com/dotnet/fundamentals/code-analysis/quality-rules/ca1515) [C:\GitHub\MarkHazleton\SampleMvcCRUD\Mwh.Sample.Web\Mwh.Sample.Web.csproj]
C:\GitHub\MarkHazleton\SampleMvcCRUD\Mwh.Sample.Web\Helpers\BreadcrumbHelper.cs(9,21): warning CA1515: Because an application's API isn't typically referenced from outside the assembly, types can be made internal (https://learn.microsoft.com/dotnet/fundamentals/code-analysis/quality-rules/ca1515) [C:\GitHub\MarkHazleton\SampleMvcCRUD\Mwh.Sample.Web\Mwh.Sample.Web.csproj]
C:\GitHub\MarkHazleton\SampleMvcCRUD\Mwh.Sample.Web\Helpers\StructuredDataHelper.cs(9,21): warning CA1515: Because an application's API isn't typically referenced from outside the assembly, types can be made internal (https://learn.microsoft.com/dotnet/fundamentals/code-analysis/quality-rules/ca1515) [C:\GitHub\MarkHazleton\SampleMvcCRUD\Mwh.Sample.Web\Mwh.Sample.Web.csproj]
C:\GitHub\MarkHazleton\SampleMvcCRUD\Mwh.Sample.Web\Controllers\BaseController.cs(18,45): warning CA1051: Do not declare visible instance fields (https://learn.microsoft.com/dotnet/fundamentals/code-analysis/quality-rules/ca1051) [C:\GitHub\MarkHazleton\SampleMvcCRUD\Mwh.Sample.Web\Mwh.Sample.Web.csproj]
C:\GitHub\MarkHazleton\SampleMvcCRUD\Mwh.Sample.Web\Models\KeyVaultOptions.cs(5,14): warning CA1515: Because an application's API isn't typically referenced from outside the assembly, types can be made internal (https://learn.microsoft.com/dotnet/fundamentals/code-analysis/quality-rules/ca1515) [C:\GitHub\MarkHazleton\SampleMvcCRUD\Mwh.Sample.Web\Mwh.Sample.Web.csproj]
C:\GitHub\MarkHazleton\SampleMvcCRUD\Mwh.Sample.Web\Controllers\Api\ErrorResource.cs(6,14): warning CA1515: Because an application's API isn't typically referenced from outside the assembly, types can be made internal (https://learn.microsoft.com/dotnet/fundamentals/code-analysis/quality-rules/ca1515) [C:\GitHub\MarkHazleton\SampleMvcCRUD\Mwh.Sample.Web\Mwh.Sample.Web.csproj]
C:\GitHub\MarkHazleton\SampleMvcCRUD\Mwh.Sample.Web\Controllers\EmployeeSinglePageController.cs(12,18): warning CA1515: Because an application's API isn't typically referenced from outside the assembly, types can be made internal (https://learn.microsoft.com/dotnet/fundamentals/code-analysis/quality-rules/ca1515) [C:\GitHub\MarkHazleton\SampleMvcCRUD\Mwh.Sample.Web\Mwh.Sample.Web.csproj]
C:\GitHub\MarkHazleton\SampleMvcCRUD\Mwh.Sample.Web\Models\ErrorViewModel.cs(5,14): warning CA1515: Because an application's API isn't typically referenced from outside the assembly, types can be made internal (https://learn.microsoft.com/dotnet/fundamentals/code-analysis/quality-rules/ca1515) [C:\GitHub\MarkHazleton\SampleMvcCRUD\Mwh.Sample.Web\Mwh.Sample.Web.csproj]
C:\GitHub\MarkHazleton\SampleMvcCRUD\Mwh.Sample.Web\Controllers\EmployeePivotController.cs(6,18): warning CA1515: Because an application's API isn't typically referenced from outside the assembly, types can be made internal (https://learn.microsoft.com/dotnet/fundamentals/code-analysis/quality-rules/ca1515) [C:\GitHub\MarkHazleton\SampleMvcCRUD\Mwh.Sample.Web\Mwh.Sample.Web.csproj]
C:\GitHub\MarkHazleton\SampleMvcCRUD\Mwh.Sample.Web\Controllers\HomeController.cs(7,14): warning CA1515: Because an application's API isn't typically referenced from outside the assembly, types can be made internal (https://learn.microsoft.com/dotnet/fundamentals/code-analysis/quality-rules/ca1515) [C:\GitHub\MarkHazleton\SampleMvcCRUD\Mwh.Sample.Web\Mwh.Sample.Web.csproj]
C:\GitHub\MarkHazleton\SampleMvcCRUD\Mwh.Sample.Web\Pages\EmployeeRazor\Create.cshtml.cs(11,18): warning CA1515: Because an application's API isn't typically referenced from outside the assembly, types can be made internal (https://learn.microsoft.com/dotnet/fundamentals/code-analysis/quality-rules/ca1515) [C:\GitHub\MarkHazleton\SampleMvcCRUD\Mwh.Sample.Web\Mwh.Sample.Web.csproj]
C:\GitHub\MarkHazleton\SampleMvcCRUD\Mwh.Sample.Web\Pages\EmployeeRazor\Delete.cshtml.cs(10,18): warning CA1515: Because an application's API isn't typically referenced from outside the assembly, types can be made internal (https://learn.microsoft.com/dotnet/fundamentals/code-analysis/quality-rules/ca1515) [C:\GitHub\MarkHazleton\SampleMvcCRUD\Mwh.Sample.Web\Mwh.Sample.Web.csproj]
C:\GitHub\MarkHazleton\SampleMvcCRUD\Mwh.Sample.Web\Controllers\MvcEmployeeController.cs(6,14): warning CA1515: Because an application's API isn't typically referenced from outside the assembly, types can be made internal (https://learn.microsoft.com/dotnet/fundamentals/code-analysis/quality-rules/ca1515) [C:\GitHub\MarkHazleton\SampleMvcCRUD\Mwh.Sample.Web\Mwh.Sample.Web.csproj]
C:\GitHub\MarkHazleton\SampleMvcCRUD\Mwh.Sample.Web\Controllers\EmployeeController.cs(7,14): warning CA1515: Because an application's API isn't typically referenced from outside the assembly, types can be made internal (https://learn.microsoft.com/dotnet/fundamentals/code-analysis/quality-rules/ca1515) [C:\GitHub\MarkHazleton\SampleMvcCRUD\Mwh.Sample.Web\Mwh.Sample.Web.csproj]
C:\GitHub\MarkHazleton\SampleMvcCRUD\Mwh.Sample.Web\Pages\EmployeeRazor\Edit.cshtml.cs(9,18): warning CA1515: Because an application's API isn't typically referenced from outside the assembly, types can be made internal (https://learn.microsoft.com/dotnet/fundamentals/code-analysis/quality-rules/ca1515) [C:\GitHub\MarkHazleton\SampleMvcCRUD\Mwh.Sample.Web\Mwh.Sample.Web.csproj]
C:\GitHub\MarkHazleton\SampleMvcCRUD\Mwh.Sample.Web\Pages\EmployeeRazor\Details.cshtml.cs(10,18): warning CA1515: Because an application's API isn't typically referenced from outside the assembly, types can be made internal (https://learn.microsoft.com/dotnet/fundamentals/code-analysis/quality-rules/ca1515) [C:\GitHub\MarkHazleton\SampleMvcCRUD\Mwh.Sample.Web\Mwh.Sample.Web.csproj]
C:\GitHub\MarkHazleton\SampleMvcCRUD\Mwh.Sample.Web\Pages\EmployeeRazor\Index.cshtml.cs(8,18): warning CA1515: Because an application's API isn't typically referenced from outside the assembly, types can be made internal (https://learn.microsoft.com/dotnet/fundamentals/code-analysis/quality-rules/ca1515) [C:\GitHub\MarkHazleton\SampleMvcCRUD\Mwh.Sample.Web\Mwh.Sample.Web.csproj]
C:\GitHub\MarkHazleton\SampleMvcCRUD\Mwh.Sample.Web\Pages\EmployeeRazor\Index.cshtml.cs(24,32): warning CA2227: Change 'Employee' to be read-only by removing the property setter (https://learn.microsoft.com/dotnet/fundamentals/code-analysis/quality-rules/ca2227) [C:\GitHub\MarkHazleton\SampleMvcCRUD\Mwh.Sample.Web\Mwh.Sample.Web.csproj]
C:\GitHub\MarkHazleton\SampleMvcCRUD\Mwh.Sample.Web\Controllers\BaseController.cs(11,23): warning CA1515: Because an application's API isn't typically referenced from outside the assembly, types can be made internal (https://learn.microsoft.com/dotnet/fundamentals/code-analysis/quality-rules/ca1515) [C:\GitHub\MarkHazleton\SampleMvcCRUD\Mwh.Sample.Web\Mwh.Sample.Web.csproj]
C:\GitHub\MarkHazleton\SampleMvcCRUD\Mwh.Sample.Web\Controllers\Api\BaseApiController.cs(9,23): warning CA1515: Because an application's API isn't typically referenced from outside the assembly, types can be made internal (https://learn.microsoft.com/dotnet/fundamentals/code-analysis/quality-rules/ca1515) [C:\GitHub\MarkHazleton\SampleMvcCRUD\Mwh.Sample.Web\Mwh.Sample.Web.csproj]
C:\GitHub\MarkHazleton\SampleMvcCRUD\Mwh.Sample.Web\Controllers\Api\Employee\v1\DepartmentApiController.cs(8,18): warning CA1515: Because an application's API isn't typically referenced from outside the assembly, types can be made internal (https://learn.microsoft.com/dotnet/fundamentals/code-analysis/quality-rules/ca1515) [C:\GitHub\MarkHazleton\SampleMvcCRUD\Mwh.Sample.Web\Mwh.Sample.Web.csproj]
C:\GitHub\MarkHazleton\SampleMvcCRUD\Mwh.Sample.Web\Controllers\Api\StatusController.cs(9,14): warning CA1515: Because an application's API isn't typically referenced from outside the assembly, types can be made internal (https://learn.microsoft.com/dotnet/fundamentals/code-analysis/quality-rules/ca1515) [C:\GitHub\MarkHazleton\SampleMvcCRUD\Mwh.Sample.Web\Mwh.Sample.Web.csproj]
C:\GitHub\MarkHazleton\SampleMvcCRUD\Mwh.Sample.Web\Pages\Error.cshtml.cs(10,18): warning CA1515: Because an application's API isn't typically referenced from outside the assembly, types can be made internal (https://learn.microsoft.com/dotnet/fundamentals/code-analysis/quality-rules/ca1515) [C:\GitHub\MarkHazleton\SampleMvcCRUD\Mwh.Sample.Web\Mwh.Sample.Web.csproj]
C:\GitHub\MarkHazleton\SampleMvcCRUD\Mwh.Sample.Web\Controllers\Api\Employee\v1\EmployeeApiController.cs(8,14): warning CA1515: Because an application's API isn't typically referenced from outside the assembly, types can be made internal (https://learn.microsoft.com/dotnet/fundamentals/code-analysis/quality-rules/ca1515) [C:\GitHub\MarkHazleton\SampleMvcCRUD\Mwh.Sample.Web\Mwh.Sample.Web.csproj]
C:\GitHub\MarkHazleton\SampleMvcCRUD\Mwh.Sample.Web\Controllers\Api\StatusController.cs(65,18): warning CA1515: Because an application's API isn't typically referenced from outside the assembly, types can be made internal (https://learn.microsoft.com/dotnet/fundamentals/code-analysis/quality-rules/ca1515) [C:\GitHub\MarkHazleton\SampleMvcCRUD\Mwh.Sample.Web\Mwh.Sample.Web.csproj]
C:\GitHub\MarkHazleton\SampleMvcCRUD\Mwh.Sample.Web\Controllers\Api\StatusController.cs(65,18): warning CA1034: Do not nest type ApiExplorerModel. Alternatively, change its accessibility so that it is not externally visible. (https://learn.microsoft.com/dotnet/fundamentals/code-analysis/quality-rules/ca1034) [C:\GitHub\MarkHazleton\SampleMvcCRUD\Mwh.Sample.Web\Mwh.Sample.Web.csproj]
C:\GitHub\MarkHazleton\SampleMvcCRUD\Mwh.Sample.Web\Controllers\Api\StatusController.cs(88,18): warning CA1515: Because an application's API isn't typically referenced from outside the assembly, types can be made internal (https://learn.microsoft.com/dotnet/fundamentals/code-analysis/quality-rules/ca1515) [C:\GitHub\MarkHazleton\SampleMvcCRUD\Mwh.Sample.Web\Mwh.Sample.Web.csproj]
C:\GitHub\MarkHazleton\SampleMvcCRUD\Mwh.Sample.Web\Controllers\Api\StatusController.cs(88,18): warning CA1034: Do not nest type ApiDescriptionModel. Alternatively, change its accessibility so that it is not externally visible. (https://learn.microsoft.com/dotnet/fundamentals/code-analysis/quality-rules/ca1034) [C:\GitHub\MarkHazleton\SampleMvcCRUD\Mwh.Sample.Web\Mwh.Sample.Web.csproj]
C:\GitHub\MarkHazleton\SampleMvcCRUD\Mwh.Sample.Web\Controllers\Api\StatusController.cs(79,42): warning CA2227: Change 'GroupItems' to be read-only by removing the property setter (https://learn.microsoft.com/dotnet/fundamentals/code-analysis/quality-rules/ca2227) [C:\GitHub\MarkHazleton\SampleMvcCRUD\Mwh.Sample.Web\Mwh.Sample.Web.csproj]
C:\GitHub\MarkHazleton\SampleMvcCRUD\Mwh.Sample.Web\Controllers\SitemapController.cs(12,14): warning CA1515: Because an application's API isn't typically referenced from outside the assembly, types can be made internal (https://learn.microsoft.com/dotnet/fundamentals/code-analysis/quality-rules/ca1515) [C:\GitHub\MarkHazleton\SampleMvcCRUD\Mwh.Sample.Web\Mwh.Sample.Web.csproj]
C:\GitHub\MarkHazleton\SampleMvcCRUD\Mwh.Sample.Web\Controllers\EmployeeController.cs(47,9): warning IDE0011: Add braces to 'if' statement. (https://learn.microsoft.com/dotnet/fundamentals/code-analysis/style-rules/ide0011) [C:\GitHub\MarkHazleton\SampleMvcCRUD\Mwh.Sample.Web\Mwh.Sample.Web.csproj]
C:\GitHub\MarkHazleton\SampleMvcCRUD\Mwh.Sample.Web\Controllers\EmployeeController.cs(76,9): warning IDE0011: Add braces to 'if' statement. (https://learn.microsoft.com/dotnet/fundamentals/code-analysis/style-rules/ide0011) [C:\GitHub\MarkHazleton\SampleMvcCRUD\Mwh.Sample.Web\Mwh.Sample.Web.csproj]
C:\GitHub\MarkHazleton\SampleMvcCRUD\Mwh.Sample.Web\Helpers\StructuredDataHelper.cs(41,55): warning CA1869: Avoid creating a new 'JsonSerializerOptions' instance for every serialization operation. Cache and reuse instances instead. (https://learn.microsoft.com/dotnet/fundamentals/code-analysis/quality-rules/ca1869) [C:\GitHub\MarkHazleton\SampleMvcCRUD\Mwh.Sample.Web\Mwh.Sample.Web.csproj]
C:\GitHub\MarkHazleton\SampleMvcCRUD\Mwh.Sample.Web\Controllers\EmployeeController.cs(94,9): warning IDE0011: Add braces to 'if' statement. (https://learn.microsoft.com/dotnet/fundamentals/code-analysis/style-rules/ide0011) [C:\GitHub\MarkHazleton\SampleMvcCRUD\Mwh.Sample.Web\Mwh.Sample.Web.csproj]
C:\GitHub\MarkHazleton\SampleMvcCRUD\Mwh.Sample.Web\Helpers\StructuredDataHelper.cs(68,50): warning CA1869: Avoid creating a new 'JsonSerializerOptions' instance for every serialization operation. Cache and reuse instances instead. (https://learn.microsoft.com/dotnet/fundamentals/code-analysis/quality-rules/ca1869) [C:\GitHub\MarkHazleton\SampleMvcCRUD\Mwh.Sample.Web\Mwh.Sample.Web.csproj]
C:\GitHub\MarkHazleton\SampleMvcCRUD\Mwh.Sample.Web\Controllers\Api\Employee\v1\EmployeeApiController.cs(95,9): warning IDE0011: Add braces to 'if' statement. (https://learn.microsoft.com/dotnet/fundamentals/code-analysis/style-rules/ide0011) [C:\GitHub\MarkHazleton\SampleMvcCRUD\Mwh.Sample.Web\Mwh.Sample.Web.csproj]
C:\GitHub\MarkHazleton\SampleMvcCRUD\Mwh.Sample.Web\Helpers\StructuredDataHelper.cs(112,49): warning CA1869: Avoid creating a new 'JsonSerializerOptions' instance for every serialization operation. Cache and reuse instances instead. (https://learn.microsoft.com/dotnet/fundamentals/code-analysis/quality-rules/ca1869) [C:\GitHub\MarkHazleton\SampleMvcCRUD\Mwh.Sample.Web\Mwh.Sample.Web.csproj]
C:\GitHub\MarkHazleton\SampleMvcCRUD\Mwh.Sample.Web\Controllers\EmployeeSinglePageController.cs(36,13): warning CA1848: For improved performance, use the LoggerMessage delegates instead of calling 'LoggerExtensions.LogInformation(ILogger, string?, params object?[])' (https://learn.microsoft.com/dotnet/fundamentals/code-analysis/quality-rules/ca1848) [C:\GitHub\MarkHazleton\SampleMvcCRUD\Mwh.Sample.Web\Mwh.Sample.Web.csproj]
C:\GitHub\MarkHazleton\SampleMvcCRUD\Mwh.Sample.Web\Controllers\SitemapController.cs(49,13): warning CA1848: For improved performance, use the LoggerMessage delegates instead of calling 'LoggerExtensions.LogError(ILogger, Exception?, string?, params object?[])' (https://learn.microsoft.com/dotnet/fundamentals/code-analysis/quality-rules/ca1848) [C:\GitHub\MarkHazleton\SampleMvcCRUD\Mwh.Sample.Web\Mwh.Sample.Web.csproj]
C:\GitHub\MarkHazleton\SampleMvcCRUD\Mwh.Sample.Web\Controllers\Api\Employee\v1\EmployeeApiController.cs(105,16): warning CA2234: Modify 'EmployeeApiController.PostAsync(EmployeeDto, [CancellationToken])' to call 'ControllerBase.Created(Uri, object)' instead of 'ControllerBase.Created(string, object)' (https://learn.microsoft.com/dotnet/fundamentals/code-analysis/quality-rules/ca2234) [C:\GitHub\MarkHazleton\SampleMvcCRUD\Mwh.Sample.Web\Mwh.Sample.Web.csproj]
C:\GitHub\MarkHazleton\SampleMvcCRUD\Mwh.Sample.Web\Extensions\HttpContextExtensions.cs(15,33): warning CA1062: In externally visible method 'IApplicationBuilder HttpContextExtensions.UseMyHttpContext(IApplicationBuilder app)', validate parameter 'app' is non-null before using it. If appropriate, throw an 'ArgumentNullException' when the argument is 'null'. (https://learn.microsoft.com/dotnet/fundamentals/code-analysis/quality-rules/ca1062) [C:\GitHub\MarkHazleton\SampleMvcCRUD\Mwh.Sample.Web\Mwh.Sample.Web.csproj]
C:\GitHub\MarkHazleton\SampleMvcCRUD\Mwh.Sample.Web\Helpers\StructuredDataHelper.cs(167,51): warning CA1869: Avoid creating a new 'JsonSerializerOptions' instance for every serialization operation. Cache and reuse instances instead. (https://learn.microsoft.com/dotnet/fundamentals/code-analysis/quality-rules/ca1869) [C:\GitHub\MarkHazleton\SampleMvcCRUD\Mwh.Sample.Web\Mwh.Sample.Web.csproj]
C:\GitHub\MarkHazleton\SampleMvcCRUD\Mwh.Sample.Web\Controllers\BaseController.cs(39,9): warning IDE0011: Add braces to 'if' statement. (https://learn.microsoft.com/dotnet/fundamentals/code-analysis/style-rules/ide0011) [C:\GitHub\MarkHazleton\SampleMvcCRUD\Mwh.Sample.Web\Mwh.Sample.Web.csproj]
C:\GitHub\MarkHazleton\SampleMvcCRUD\Mwh.Sample.Web\Pages\EmployeeRazor\Edit.cshtml.cs(46,38): warning CA2263: Prefer the generic overload 'System.Enum.GetValues<TEnum>()' instead of 'System.Enum.GetValues(System.Type)' (https://learn.microsoft.com/dotnet/fundamentals/code-analysis/quality-rules/ca2263) [C:\GitHub\MarkHazleton\SampleMvcCRUD\Mwh.Sample.Web\Mwh.Sample.Web.csproj]
C:\GitHub\MarkHazleton\SampleMvcCRUD\Mwh.Sample.Web\Helpers\StructuredDataHelper.cs(80,20): warning CA1062: In externally visible method 'string StructuredDataHelper.GenerateEmployeeSchema(EmployeeDto employee, string baseUrl)', validate parameter 'employee' is non-null before using it. If appropriate, throw an 'ArgumentNullException' when the argument is 'null'. (https://learn.microsoft.com/dotnet/fundamentals/code-analysis/quality-rules/ca1062) [C:\GitHub\MarkHazleton\SampleMvcCRUD\Mwh.Sample.Web\Mwh.Sample.Web.csproj]
C:\GitHub\MarkHazleton\SampleMvcCRUD\Mwh.Sample.Web\Helpers\StructuredDataHelper.cs(188,57): warning CA1869: Avoid creating a new 'JsonSerializerOptions' instance for every serialization operation. Cache and reuse instances instead. (https://learn.microsoft.com/dotnet/fundamentals/code-analysis/quality-rules/ca1869) [C:\GitHub\MarkHazleton\SampleMvcCRUD\Mwh.Sample.Web\Mwh.Sample.Web.csproj]
C:\GitHub\MarkHazleton\SampleMvcCRUD\Mwh.Sample.Web\Helpers\StructuredDataHelper.cs(184,24): warning CA1310: The behavior of 'string.StartsWith(string)' could vary based on the current user's locale settings. Replace this call in 'Mwh.Sample.Web.Helpers.StructuredDataHelper.GenerateBreadcrumbSchema(System.Collections.Generic.List<(string Name, string Url)>, string)' with a call to 'string.StartsWith(string, System.StringComparison)'. (https://learn.microsoft.com/dotnet/fundamentals/code-analysis/quality-rules/ca1310) [C:\GitHub\MarkHazleton\SampleMvcCRUD\Mwh.Sample.Web\Mwh.Sample.Web.csproj]
C:\GitHub\MarkHazleton\SampleMvcCRUD\Mwh.Sample.Web\Controllers\MvcEmployeeController.cs(44,9): warning IDE0011: Add braces to 'if' statement. (https://learn.microsoft.com/dotnet/fundamentals/code-analysis/style-rules/ide0011) [C:\GitHub\MarkHazleton\SampleMvcCRUD\Mwh.Sample.Web\Mwh.Sample.Web.csproj]
C:\GitHub\MarkHazleton\SampleMvcCRUD\Mwh.Sample.Web\Helpers\StructuredDataHelper.cs(231,54): warning CA1869: Avoid creating a new 'JsonSerializerOptions' instance for every serialization operation. Cache and reuse instances instead. (https://learn.microsoft.com/dotnet/fundamentals/code-analysis/quality-rules/ca1869) [C:\GitHub\MarkHazleton\SampleMvcCRUD\Mwh.Sample.Web\Mwh.Sample.Web.csproj]
C:\GitHub\MarkHazleton\SampleMvcCRUD\Mwh.Sample.Web\Controllers\MvcEmployeeController.cs(61,9): warning IDE0011: Add braces to 'if' statement. (https://learn.microsoft.com/dotnet/fundamentals/code-analysis/style-rules/ide0011) [C:\GitHub\MarkHazleton\SampleMvcCRUD\Mwh.Sample.Web\Mwh.Sample.Web.csproj]
C:\GitHub\MarkHazleton\SampleMvcCRUD\Mwh.Sample.Web\Extensions\ConfigurationExtensions.cs(121,23): warning CA1062: In externally visible method 'int ConfigurationExtensions.GetInt(IConfiguration _config, string configKey, string? defaultValue = null)', validate parameter '_config' is non-null before using it. If appropriate, throw an 'ArgumentNullException' when the argument is 'null'. (https://learn.microsoft.com/dotnet/fundamentals/code-analysis/quality-rules/ca1062) [C:\GitHub\MarkHazleton\SampleMvcCRUD\Mwh.Sample.Web\Mwh.Sample.Web.csproj]
C:\GitHub\MarkHazleton\SampleMvcCRUD\Mwh.Sample.Web\Controllers\MvcEmployeeController.cs(96,9): warning IDE0011: Add braces to 'if' statement. (https://learn.microsoft.com/dotnet/fundamentals/code-analysis/style-rules/ide0011) [C:\GitHub\MarkHazleton\SampleMvcCRUD\Mwh.Sample.Web\Mwh.Sample.Web.csproj]
C:\GitHub\MarkHazleton\SampleMvcCRUD\Mwh.Sample.Web\Helpers\BreadcrumbHelper.cs(64,33): warning CA1311: Specify a culture or use an invariant version to avoid implicit dependency on current culture (https://learn.microsoft.com/dotnet/fundamentals/code-analysis/quality-rules/ca1311) [C:\GitHub\MarkHazleton\SampleMvcCRUD\Mwh.Sample.Web\Mwh.Sample.Web.csproj]
C:\GitHub\MarkHazleton\SampleMvcCRUD\Mwh.Sample.Web\Controllers\MvcEmployeeController.cs(112,9): warning IDE0011: Add braces to 'if' statement. (https://learn.microsoft.com/dotnet/fundamentals/code-analysis/style-rules/ide0011) [C:\GitHub\MarkHazleton\SampleMvcCRUD\Mwh.Sample.Web\Mwh.Sample.Web.csproj]
C:\GitHub\MarkHazleton\SampleMvcCRUD\Mwh.Sample.Web\Helpers\BreadcrumbHelper.cs(105,9): warning IDE0011: Add braces to 'if' statement. (https://learn.microsoft.com/dotnet/fundamentals/code-analysis/style-rules/ide0011) [C:\GitHub\MarkHazleton\SampleMvcCRUD\Mwh.Sample.Web\Mwh.Sample.Web.csproj]
C:\GitHub\MarkHazleton\SampleMvcCRUD\Mwh.Sample.Web\Helpers\BreadcrumbHelper.cs(108,28): warning CA1311: Specify a culture or use an invariant version to avoid implicit dependency on current culture (https://learn.microsoft.com/dotnet/fundamentals/code-analysis/quality-rules/ca1311) [C:\GitHub\MarkHazleton\SampleMvcCRUD\Mwh.Sample.Web\Mwh.Sample.Web.csproj]
C:\GitHub\MarkHazleton\SampleMvcCRUD\Mwh.Sample.Web\Helpers\BreadcrumbHelper.cs(64,32): warning CA1304: The behavior of 'string.ToLower()' could vary based on the current user's locale settings. Replace this call in 'BreadcrumbHelper.GenerateBreadcrumbs(ViewContext)' with a call to 'string.ToLower(CultureInfo)'. (https://learn.microsoft.com/dotnet/fundamentals/code-analysis/quality-rules/ca1304) [C:\GitHub\MarkHazleton\SampleMvcCRUD\Mwh.Sample.Web\Mwh.Sample.Web.csproj]
C:\GitHub\MarkHazleton\SampleMvcCRUD\Mwh.Sample.Web\Helpers\BreadcrumbHelper.cs(108,17): warning CA1304: The behavior of 'string.ToLower()' could vary based on the current user's locale settings. Replace this call in 'BreadcrumbHelper.AddActionBreadcrumb(List<(string Name, string Url)>, string, string, string)' with a call to 'string.ToLower(CultureInfo)'. (https://learn.microsoft.com/dotnet/fundamentals/code-analysis/quality-rules/ca1304) [C:\GitHub\MarkHazleton\SampleMvcCRUD\Mwh.Sample.Web\Mwh.Sample.Web.csproj]
C:\GitHub\MarkHazleton\SampleMvcCRUD\Mwh.Sample.Web\Helpers\BreadcrumbHelper.cs(27,68): warning CA1307: 'string.Contains(string)' has a method overload that takes a 'StringComparison' parameter. Replace this call in 'Mwh.Sample.Web.Helpers.BreadcrumbHelper.GenerateBreadcrumbs(Microsoft.AspNetCore.Mvc.Rendering.ViewContext)' with a call to 'string.Contains(string, System.StringComparison)' for clarity of intent. (https://learn.microsoft.com/dotnet/fundamentals/code-analysis/quality-rules/ca1307) [C:\GitHub\MarkHazleton\SampleMvcCRUD\Mwh.Sample.Web\Mwh.Sample.Web.csproj]
C:\GitHub\MarkHazleton\SampleMvcCRUD\Mwh.Sample.Web\Helpers\BreadcrumbHelper.cs(28,69): warning CA1307: 'string.Contains(string)' has a method overload that takes a 'StringComparison' parameter. Replace this call in 'Mwh.Sample.Web.Helpers.BreadcrumbHelper.GenerateBreadcrumbs(Microsoft.AspNetCore.Mvc.Rendering.ViewContext)' with a call to 'string.Contains(string, System.StringComparison)' for clarity of intent. (https://learn.microsoft.com/dotnet/fundamentals/code-analysis/quality-rules/ca1307) [C:\GitHub\MarkHazleton\SampleMvcCRUD\Mwh.Sample.Web\Mwh.Sample.Web.csproj]
C:\GitHub\MarkHazleton\SampleMvcCRUD\Mwh.Sample.Web\Helpers\BreadcrumbHelper.cs(29,26): warning CA1307: 'string.Contains(string)' has a method overload that takes a 'StringComparison' parameter. Replace this call in 'Mwh.Sample.Web.Helpers.BreadcrumbHelper.GenerateBreadcrumbs(Microsoft.AspNetCore.Mvc.Rendering.ViewContext)' with a call to 'string.Contains(string, System.StringComparison)' for clarity of intent. (https://learn.microsoft.com/dotnet/fundamentals/code-analysis/quality-rules/ca1307) [C:\GitHub\MarkHazleton\SampleMvcCRUD\Mwh.Sample.Web\Mwh.Sample.Web.csproj]
C:\GitHub\MarkHazleton\SampleMvcCRUD\Mwh.Sample.Web\Controllers\MvcEmployeeController.cs(128,9): warning IDE0011: Add braces to 'if' statement. (https://learn.microsoft.com/dotnet/fundamentals/code-analysis/style-rules/ide0011) [C:\GitHub\MarkHazleton\SampleMvcCRUD\Mwh.Sample.Web\Mwh.Sample.Web.csproj]
C:\GitHub\MarkHazleton\SampleMvcCRUD\Mwh.Sample.Web\Controllers\MvcEmployeeController.cs(136,13): warning IDE0011: Add braces to 'if' statement. (https://learn.microsoft.com/dotnet/fundamentals/code-analysis/style-rules/ide0011) [C:\GitHub\MarkHazleton\SampleMvcCRUD\Mwh.Sample.Web\Mwh.Sample.Web.csproj]
C:\GitHub\MarkHazleton\SampleMvcCRUD\Mwh.Sample.Web\Controllers\MvcEmployeeController.cs(139,9): warning IDE0011: Add braces to 'if' statement. (https://learn.microsoft.com/dotnet/fundamentals/code-analysis/style-rules/ide0011) [C:\GitHub\MarkHazleton\SampleMvcCRUD\Mwh.Sample.Web\Mwh.Sample.Web.csproj]
C:\GitHub\MarkHazleton\SampleMvcCRUD\Mwh.Sample.Web\Controllers\MvcEmployeeController.cs(153,9): warning IDE0011: Add braces to 'if' statement. (https://learn.microsoft.com/dotnet/fundamentals/code-analysis/style-rules/ide0011) [C:\GitHub\MarkHazleton\SampleMvcCRUD\Mwh.Sample.Web\Mwh.Sample.Web.csproj]
C:\GitHub\MarkHazleton\SampleMvcCRUD\Mwh.Sample.Web\Helpers\BreadcrumbHelper.cs(138,26): warning CA1311: Specify a culture or use an invariant version to avoid implicit dependency on current culture (https://learn.microsoft.com/dotnet/fundamentals/code-analysis/quality-rules/ca1311) [C:\GitHub\MarkHazleton\SampleMvcCRUD\Mwh.Sample.Web\Mwh.Sample.Web.csproj]
C:\GitHub\MarkHazleton\SampleMvcCRUD\Mwh.Sample.Web\Helpers\BreadcrumbHelper.cs(138,17): warning CA1304: The behavior of 'string.ToLower()' could vary based on the current user's locale settings. Replace this call in 'BreadcrumbHelper.AddPageBreadcrumb(List<(string Name, string Url)>, string, string)' with a call to 'string.ToLower(CultureInfo)'. (https://learn.microsoft.com/dotnet/fundamentals/code-analysis/quality-rules/ca1304) [C:\GitHub\MarkHazleton\SampleMvcCRUD\Mwh.Sample.Web\Mwh.Sample.Web.csproj]
C:\GitHub\MarkHazleton\SampleMvcCRUD\Mwh.Sample.Web\Extensions\ConfigurationExtensions.cs(133,27): warning CA1062: In externally visible method 'int[] ConfigurationExtensions.GetIntList(IConfiguration _config, string configKey, string? defaultValue = null)', validate parameter '_config' is non-null before using it. If appropriate, throw an 'ArgumentNullException' when the argument is 'null'. (https://learn.microsoft.com/dotnet/fundamentals/code-analysis/quality-rules/ca1062) [C:\GitHub\MarkHazleton\SampleMvcCRUD\Mwh.Sample.Web\Mwh.Sample.Web.csproj]
C:\GitHub\MarkHazleton\SampleMvcCRUD\Mwh.Sample.Web\Extensions\ConfigurationExtensions.cs(145,26): warning CA1062: In externally visible method 'string ConfigurationExtensions.GetString(IConfiguration _config, string configKey, string? defaultValue = null)', validate parameter '_config' is non-null before using it. If appropriate, throw an 'ArgumentNullException' when the argument is 'null'. (https://learn.microsoft.com/dotnet/fundamentals/code-analysis/quality-rules/ca1062) [C:\GitHub\MarkHazleton\SampleMvcCRUD\Mwh.Sample.Web\Mwh.Sample.Web.csproj]
C:\GitHub\MarkHazleton\SampleMvcCRUD\Mwh.Sample.Web\Controllers\BaseController.cs(18,45): warning CA2213: 'BaseController' contains field 'cts' that is of IDisposable type 'CancellationTokenSource', but it is never disposed. Change the Dispose method on 'BaseController' to call Close or Dispose on this field. (https://learn.microsoft.com/dotnet/fundamentals/code-analysis/quality-rules/ca2213) [C:\GitHub\MarkHazleton\SampleMvcCRUD\Mwh.Sample.Web\Mwh.Sample.Web.csproj]
C:\GitHub\MarkHazleton\SampleMvcCRUD\Mwh.Sample.Web\Extensions\ConfigurationExtensions.cs(157,30): warning CA1062: In externally visible method 'string[] ConfigurationExtensions.GetStringList(IConfiguration _config, string configKey, string? defaultValue = null)', validate parameter '_config' is non-null before using it. If appropriate, throw an 'ArgumentNullException' when the argument is 'null'. (https://learn.microsoft.com/dotnet/fundamentals/code-analysis/quality-rules/ca1062) [C:\GitHub\MarkHazleton\SampleMvcCRUD\Mwh.Sample.Web\Mwh.Sample.Web.csproj]
C:\GitHub\MarkHazleton\SampleMvcCRUD\Mwh.Sample.Web\Controllers\SitemapController.cs(72,27): warning CA1308: In method 'GenerateSitemap', replace the call to 'ToLowerInvariant' with 'ToUpperInvariant' (https://learn.microsoft.com/dotnet/fundamentals/code-analysis/quality-rules/ca1308) [C:\GitHub\MarkHazleton\SampleMvcCRUD\Mwh.Sample.Web\Mwh.Sample.Web.csproj]
C:\GitHub\MarkHazleton\SampleMvcCRUD\Mwh.Sample.Web\Controllers\SitemapController.cs(169,9): warning IDE0011: Add braces to 'if' statement. (https://learn.microsoft.com/dotnet/fundamentals/code-analysis/style-rules/ide0011) [C:\GitHub\MarkHazleton\SampleMvcCRUD\Mwh.Sample.Web\Mwh.Sample.Web.csproj]
C:\GitHub\MarkHazleton\SampleMvcCRUD\Mwh.Sample.Web\Controllers\SitemapController.cs(180,9): warning IDE0011: Add braces to 'if' statement. (https://learn.microsoft.com/dotnet/fundamentals/code-analysis/style-rules/ide0011) [C:\GitHub\MarkHazleton\SampleMvcCRUD\Mwh.Sample.Web\Mwh.Sample.Web.csproj]
C:\GitHub\MarkHazleton\SampleMvcCRUD\Mwh.Sample.Web\Controllers\SitemapController.cs(191,28): warning CA1308: In method 'GetRouteInfo', replace the call to 'ToLowerInvariant' with 'ToUpperInvariant' (https://learn.microsoft.com/dotnet/fundamentals/code-analysis/quality-rules/ca1308) [C:\GitHub\MarkHazleton\SampleMvcCRUD\Mwh.Sample.Web\Mwh.Sample.Web.csproj]
C:\GitHub\MarkHazleton\SampleMvcCRUD\Mwh.Sample.Web\Controllers\SitemapController.cs(191,56): warning CA1308: In method 'GetRouteInfo', replace the call to 'ToLowerInvariant' with 'ToUpperInvariant' (https://learn.microsoft.com/dotnet/fundamentals/code-analysis/quality-rules/ca1308) [C:\GitHub\MarkHazleton\SampleMvcCRUD\Mwh.Sample.Web\Mwh.Sample.Web.csproj]
C:\GitHub\MarkHazleton\SampleMvcCRUD\Mwh.Sample.Web\Controllers\SitemapController.cs(138,17): warning CA1848: For improved performance, use the LoggerMessage delegates instead of calling 'LoggerExtensions.LogWarning(ILogger, Exception?, string?, params object?[])' (https://learn.microsoft.com/dotnet/fundamentals/code-analysis/quality-rules/ca1848) [C:\GitHub\MarkHazleton\SampleMvcCRUD\Mwh.Sample.Web\Mwh.Sample.Web.csproj]
C:\GitHub\MarkHazleton\SampleMvcCRUD\Mwh.Sample.Web\Program.cs(20,9): warning CA1848: For improved performance, use the LoggerMessage delegates instead of calling 'LoggerExtensions.LogError(ILogger, Exception?, string?, params object?[])' (https://learn.microsoft.com/dotnet/fundamentals/code-analysis/quality-rules/ca1848) [C:\GitHub\MarkHazleton\SampleMvcCRUD\Mwh.Sample.Web\Mwh.Sample.Web.csproj]
C:\GitHub\MarkHazleton\SampleMvcCRUD\Mwh.Sample.Web\Helpers\BreadcrumbHelper.cs(21,24): warning CA1062: In externally visible method 'List<(string Name, string Url)> BreadcrumbHelper.GenerateBreadcrumbs(ViewContext viewContext)', validate parameter 'viewContext' is non-null before using it. If appropriate, throw an 'ArgumentNullException' when the argument is 'null'. (https://learn.microsoft.com/dotnet/fundamentals/code-analysis/quality-rules/ca1062) [C:\GitHub\MarkHazleton\SampleMvcCRUD\Mwh.Sample.Web\Mwh.Sample.Web.csproj]
C:\GitHub\MarkHazleton\SampleMvcCRUD\Mwh.Sample.Web\Controllers\BaseController.cs(41,14): warning CA3003: Potential file path injection vulnerability was found where 'bool Directory.Exists(string? path)' in method 'string? BaseController.UploadedFile(IFormFile? ProfileImage, string EmployeeId)' may be tainted by user-controlled data from 'EmployeeDto? employee' in method 'Task<ActionResult> MvcEmployeeController.Edit(int id, EmployeeDto? employee)'. (https://learn.microsoft.com/dotnet/fundamentals/code-analysis/quality-rules/ca3003) [C:\GitHub\MarkHazleton\SampleMvcCRUD\Mwh.Sample.Web\Mwh.Sample.Web.csproj]
C:\GitHub\MarkHazleton\SampleMvcCRUD\Mwh.Sample.Web\Controllers\BaseController.cs(52,32): warning CA3003: Potential file path injection vulnerability was found where 'FileStream File.OpenWrite(string path)' in method 'string? BaseController.UploadedFile(IFormFile? ProfileImage, string EmployeeId)' may be tainted by user-controlled data from 'EmployeeDto? employee' in method 'Task<ActionResult> MvcEmployeeController.Edit(int id, EmployeeDto? employee)'. (https://learn.microsoft.com/dotnet/fundamentals/code-analysis/quality-rules/ca3003) [C:\GitHub\MarkHazleton\SampleMvcCRUD\Mwh.Sample.Web\Mwh.Sample.Web.csproj]
C:\GitHub\MarkHazleton\SampleMvcCRUD\Mwh.Sample.Web\Program.cs(20,9): warning ASP0000: Calling 'BuildServiceProvider' from application code results in an additional copy of singleton services being created. Consider alternatives such as dependency injecting services as parameters to 'Configure'. (https://aka.ms/AA5k895) [C:\GitHub\MarkHazleton\SampleMvcCRUD\Mwh.Sample.Web\Mwh.Sample.Web.csproj]
C:\GitHub\MarkHazleton\SampleMvcCRUD\Mwh.Sample.Web\Controllers\EmployeeController.cs(92,37): warning CA5391: Method GetEmployeeEdit handles a HttpPut request without performing antiforgery token validation. You also need to ensure that your HTML form sends an antiforgery token. (https://learn.microsoft.com/dotnet/fundamentals/code-analysis/quality-rules/ca5391) [C:\GitHub\MarkHazleton\SampleMvcCRUD\Mwh.Sample.Web\Mwh.Sample.Web.csproj]
C:\GitHub\MarkHazleton\SampleMvcCRUD\Mwh.Sample.Web\Controllers\EmployeeController.cs(45,37): warning CA5391: Method GetEmployeeDelete handles a HttpPost request without performing antiforgery token validation. You also need to ensure that your HTML form sends an antiforgery token. (https://learn.microsoft.com/dotnet/fundamentals/code-analysis/quality-rules/ca5391) [C:\GitHub\MarkHazleton\SampleMvcCRUD\Mwh.Sample.Web\Mwh.Sample.Web.csproj]
C:\GitHub\MarkHazleton\SampleMvcCRUD\Mwh.Sample.Web\Controllers\HomeController.cs(30,25): warning CA5395: Action method Index needs to specify the HTTP request kind explicitly (https://learn.microsoft.com/dotnet/fundamentals/code-analysis/quality-rules/ca5395) [C:\GitHub\MarkHazleton\SampleMvcCRUD\Mwh.Sample.Web\Mwh.Sample.Web.csproj]
C:\GitHub\MarkHazleton\SampleMvcCRUD\Mwh.Sample.Web\Controllers\EmployeeSinglePageController.cs(34,30): warning CA5395: Action method Index needs to specify the HTTP request kind explicitly (https://learn.microsoft.com/dotnet/fundamentals/code-analysis/quality-rules/ca5395) [C:\GitHub\MarkHazleton\SampleMvcCRUD\Mwh.Sample.Web\Mwh.Sample.Web.csproj]
C:\GitHub\MarkHazleton\SampleMvcCRUD\Mwh.Sample.Web\Controllers\HomeController.cs(23,26): warning CA5395: Action method Error needs to specify the HTTP request kind explicitly (https://learn.microsoft.com/dotnet/fundamentals/code-analysis/quality-rules/ca5395) [C:\GitHub\MarkHazleton\SampleMvcCRUD\Mwh.Sample.Web\Mwh.Sample.Web.csproj]
  Mwh.Sample.Web -> C:\GitHub\MarkHazleton\SampleMvcCRUD\Mwh.Sample.Web\bin\Debug\net10.0\Mwh.Sample.Web.dll

Build succeeded.

C:\GitHub\MarkHazleton\SampleMvcCRUD\Mwh.Sample.Domain\Models\EmployeeDto.cs(225,37): warning CS8766: Nullability of reference types in return type of 'string? EmployeeDto.DepartmentName.get' doesn't match implicitly implemented member 'string IEmployeeDto.DepartmentName.get' (possibly because of nullability attributes). [C:\GitHub\MarkHazleton\SampleMvcCRUD\Mwh.Sample.Domain\Mwh.Sample.Domain.csproj]
C:\GitHub\MarkHazleton\SampleMvcCRUD\Mwh.Sample.Domain\Models\EmployeeDto.cs(233,33): warning CS8766: Nullability of reference types in return type of 'string? EmployeeDto.GenderName.get' doesn't match implicitly implemented member 'string IEmployeeDto.GenderName.get' (possibly because of nullability attributes). [C:\GitHub\MarkHazleton\SampleMvcCRUD\Mwh.Sample.Domain\Mwh.Sample.Domain.csproj]
C:\GitHub\MarkHazleton\SampleMvcCRUD\Mwh.Sample.Domain\Models\EmployeeList.cs(13,13): warning CS8604: Possible null reference argument for parameter 'left' in 'bool EmployeeDto.operator ==(EmployeeDto left, EmployeeDto right)'. [C:\GitHub\MarkHazleton\SampleMvcCRUD\Mwh.Sample.Domain\Mwh.Sample.Domain.csproj]
C:\GitHub\MarkHazleton\SampleMvcCRUD\Mwh.Sample.Domain\Models\EmployeeList.cs(13,21): warning CS8625: Cannot convert null literal to non-nullable reference type. [C:\GitHub\MarkHazleton\SampleMvcCRUD\Mwh.Sample.Domain\Mwh.Sample.Domain.csproj]
C:\GitHub\MarkHazleton\SampleMvcCRUD\Mwh.Sample.Domain\Models\DepartmentDto.cs(11,12): warning CS8618: Non-nullable property 'Employees' must contain a non-null value when exiting constructor. Consider adding the 'required' modifier or declaring the property as nullable. [C:\GitHub\MarkHazleton\SampleMvcCRUD\Mwh.Sample.Domain\Mwh.Sample.Domain.csproj]
C:\GitHub\MarkHazleton\SampleMvcCRUD\Mwh.Sample.Domain\Models\DepartmentDto.cs(18,12): warning CS8618: Non-nullable property 'Employees' must contain a non-null value when exiting constructor. Consider adding the 'required' modifier or declaring the property as nullable. [C:\GitHub\MarkHazleton\SampleMvcCRUD\Mwh.Sample.Domain\Mwh.Sample.Domain.csproj]
C:\GitHub\MarkHazleton\SampleMvcCRUD\Mwh.Sample.Domain\Extensions\EnumExtension.cs(26,16): warning CS8603: Possible null reference return. [C:\GitHub\MarkHazleton\SampleMvcCRUD\Mwh.Sample.Domain\Mwh.Sample.Domain.csproj]
C:\GitHub\MarkHazleton\SampleMvcCRUD\Mwh.Sample.Domain\Extensions\EnumExtension.cs(45,16): warning CS8603: Possible null reference return. [C:\GitHub\MarkHazleton\SampleMvcCRUD\Mwh.Sample.Domain\Mwh.Sample.Domain.csproj]
C:\GitHub\MarkHazleton\SampleMvcCRUD\Mwh.Sample.Domain\Models\EmployeeDto.cs(86,13): warning CS8604: Possible null reference argument for parameter 'left' in 'bool EmployeeDto.operator ==(EmployeeDto left, EmployeeDto right)'. [C:\GitHub\MarkHazleton\SampleMvcCRUD\Mwh.Sample.Domain\Mwh.Sample.Domain.csproj]
C:\GitHub\MarkHazleton\SampleMvcCRUD\Mwh.Sample.Domain\Models\EmployeeDto.cs(86,22): warning CS8625: Cannot convert null literal to non-nullable reference type. [C:\GitHub\MarkHazleton\SampleMvcCRUD\Mwh.Sample.Domain\Mwh.Sample.Domain.csproj]
C:\GitHub\MarkHazleton\SampleMvcCRUD\Mwh.Sample.Domain\Extensions\EnumerableExtensions.cs(27,32): warning CS8600: Converting null literal or possible null value to non-nullable type. [C:\GitHub\MarkHazleton\SampleMvcCRUD\Mwh.Sample.Domain\Mwh.Sample.Domain.csproj]
C:\GitHub\MarkHazleton\SampleMvcCRUD\Mwh.Sample.Domain\Extensions\EnumerableExtensions.cs(25,24): warning CS8602: Dereference of a possibly null reference. [C:\GitHub\MarkHazleton\SampleMvcCRUD\Mwh.Sample.Domain\Mwh.Sample.Domain.csproj]
C:\GitHub\MarkHazleton\SampleMvcCRUD\Mwh.Sample.Domain\Extensions\EnumerableExtensions.cs(33,32): warning CS8600: Converting null literal or possible null value to non-nullable type. [C:\GitHub\MarkHazleton\SampleMvcCRUD\Mwh.Sample.Domain\Mwh.Sample.Domain.csproj]
C:\GitHub\MarkHazleton\SampleMvcCRUD\Mwh.Sample.Domain\Extensions\EnumerableExtensions.cs(31,24): warning CS8602: Dereference of a possibly null reference. [C:\GitHub\MarkHazleton\SampleMvcCRUD\Mwh.Sample.Domain\Mwh.Sample.Domain.csproj]
C:\GitHub\MarkHazleton\SampleMvcCRUD\Mwh.Sample.Domain\Models\EmployeeDtoValidationException.cs(3,25): warning CA1032: Add the following constructor to EmployeeDtoValidationException: public EmployeeDtoValidationException(string message) (https://learn.microsoft.com/dotnet/fundamentals/code-analysis/quality-rules/ca1032) [C:\GitHub\MarkHazleton\SampleMvcCRUD\Mwh.Sample.Domain\Mwh.Sample.Domain.csproj]
C:\GitHub\MarkHazleton\SampleMvcCRUD\Mwh.Sample.Domain\Models\EmployeeDtoValidationException.cs(3,25): warning CA1032: Add the following constructor to EmployeeDtoValidationException: public EmployeeDtoValidationException(string message, Exception innerException) (https://learn.microsoft.com/dotnet/fundamentals/code-analysis/quality-rules/ca1032) [C:\GitHub\MarkHazleton\SampleMvcCRUD\Mwh.Sample.Domain\Mwh.Sample.Domain.csproj]
C:\GitHub\MarkHazleton\SampleMvcCRUD\Mwh.Sample.Domain\Models\EmployeeGenderEnum.cs(7,17): warning CA1711: Rename type name EmployeeGenderEnum so that it does not end in 'Enum' (https://learn.microsoft.com/dotnet/fundamentals/code-analysis/quality-rules/ca1711) [C:\GitHub\MarkHazleton\SampleMvcCRUD\Mwh.Sample.Domain\Mwh.Sample.Domain.csproj]
C:\GitHub\MarkHazleton\SampleMvcCRUD\Mwh.Sample.Domain\Models\EmployeeDepartmentEnum.cs(13,13): warning CA1711: Rename type name EmployeeDepartmentEnum so that it does not end in 'Enum' (https://learn.microsoft.com/dotnet/fundamentals/code-analysis/quality-rules/ca1711) [C:\GitHub\MarkHazleton\SampleMvcCRUD\Mwh.Sample.Domain\Mwh.Sample.Domain.csproj]
C:\GitHub\MarkHazleton\SampleMvcCRUD\Mwh.Sample.Domain\Models\EmployeeDepartmentEnum.cs(4,13): warning CA1711: Rename type name GenderEnum so that it does not end in 'Enum' (https://learn.microsoft.com/dotnet/fundamentals/code-analysis/quality-rules/ca1711) [C:\GitHub\MarkHazleton\SampleMvcCRUD\Mwh.Sample.Domain\Mwh.Sample.Domain.csproj]
C:\GitHub\MarkHazleton\SampleMvcCRUD\Mwh.Sample.Domain\Models\DepartmentDto.cs(27,26): warning CA1819: Properties should not return arrays (https://learn.microsoft.com/dotnet/fundamentals/code-analysis/quality-rules/ca1819) [C:\GitHub\MarkHazleton\SampleMvcCRUD\Mwh.Sample.Domain\Mwh.Sample.Domain.csproj]
C:\GitHub\MarkHazleton\SampleMvcCRUD\Mwh.Sample.Domain\Models\EmployeeList.cs(13,9): warning IDE0011: Add braces to 'if' statement. (https://learn.microsoft.com/dotnet/fundamentals/code-analysis/style-rules/ide0011) [C:\GitHub\MarkHazleton\SampleMvcCRUD\Mwh.Sample.Domain\Mwh.Sample.Domain.csproj]
C:\GitHub\MarkHazleton\SampleMvcCRUD\Mwh.Sample.Domain\Extensions\ImageExtensions.cs(9,13): warning IDE0011: Add braces to 'if' statement. (https://learn.microsoft.com/dotnet/fundamentals/code-analysis/style-rules/ide0011) [C:\GitHub\MarkHazleton\SampleMvcCRUD\Mwh.Sample.Domain\Mwh.Sample.Domain.csproj]
C:\GitHub\MarkHazleton\SampleMvcCRUD\Mwh.Sample.Domain\Extensions\ImageExtensions.cs(11,13): warning IDE0011: Add braces to 'if' statement. (https://learn.microsoft.com/dotnet/fundamentals/code-analysis/style-rules/ide0011) [C:\GitHub\MarkHazleton\SampleMvcCRUD\Mwh.Sample.Domain\Mwh.Sample.Domain.csproj]
C:\GitHub\MarkHazleton\SampleMvcCRUD\Mwh.Sample.Domain\Extensions\EnumExtension.cs(17,9): warning IDE0011: Add braces to 'if' statement. (https://learn.microsoft.com/dotnet/fundamentals/code-analysis/style-rules/ide0011) [C:\GitHub\MarkHazleton\SampleMvcCRUD\Mwh.Sample.Domain\Mwh.Sample.Domain.csproj]
C:\GitHub\MarkHazleton\SampleMvcCRUD\Mwh.Sample.Domain\Extensions\EnumExtension.cs(22,9): warning IDE0011: Add braces to 'if' statement. (https://learn.microsoft.com/dotnet/fundamentals/code-analysis/style-rules/ide0011) [C:\GitHub\MarkHazleton\SampleMvcCRUD\Mwh.Sample.Domain\Mwh.Sample.Domain.csproj]
C:\GitHub\MarkHazleton\SampleMvcCRUD\Mwh.Sample.Domain\Extensions\EnumExtension.cs(36,9): warning IDE0011: Add braces to 'if' statement. (https://learn.microsoft.com/dotnet/fundamentals/code-analysis/style-rules/ide0011) [C:\GitHub\MarkHazleton\SampleMvcCRUD\Mwh.Sample.Domain\Mwh.Sample.Domain.csproj]
C:\GitHub\MarkHazleton\SampleMvcCRUD\Mwh.Sample.Domain\Extensions\EnumExtension.cs(41,9): warning IDE0011: Add braces to 'if' statement. (https://learn.microsoft.com/dotnet/fundamentals/code-analysis/style-rules/ide0011) [C:\GitHub\MarkHazleton\SampleMvcCRUD\Mwh.Sample.Domain\Mwh.Sample.Domain.csproj]
C:\GitHub\MarkHazleton\SampleMvcCRUD\Mwh.Sample.Domain\Extensions\ImageExtensions.cs(27,48): warning CA1062: In externally visible method 'SKBitmap ImageExtensions.ScaleImage(SKBitmap image, int maxHeight)', validate parameter 'image' is non-null before using it. If appropriate, throw an 'ArgumentNullException' when the argument is 'null'. (https://learn.microsoft.com/dotnet/fundamentals/code-analysis/quality-rules/ca1062) [C:\GitHub\MarkHazleton\SampleMvcCRUD\Mwh.Sample.Domain\Mwh.Sample.Domain.csproj]
C:\GitHub\MarkHazleton\SampleMvcCRUD\Mwh.Sample.Domain\Extensions\ImageExtensions.cs(10,28): warning CA1062: In externally visible method 'SKBitmap ImageExtensions.Resize(SKBitmap image, int maxWidth = 0, int maxHeight = 0)', validate parameter 'image' is non-null before using it. If appropriate, throw an 'ArgumentNullException' when the argument is 'null'. (https://learn.microsoft.com/dotnet/fundamentals/code-analysis/quality-rules/ca1062) [C:\GitHub\MarkHazleton\SampleMvcCRUD\Mwh.Sample.Domain\Mwh.Sample.Domain.csproj]
C:\GitHub\MarkHazleton\SampleMvcCRUD\Mwh.Sample.Domain\Extensions\TreeNode.cs(16,9): warning IDE0011: Add braces to 'if' statement. (https://learn.microsoft.com/dotnet/fundamentals/code-analysis/style-rules/ide0011) [C:\GitHub\MarkHazleton\SampleMvcCRUD\Mwh.Sample.Domain\Mwh.Sample.Domain.csproj]
C:\GitHub\MarkHazleton\SampleMvcCRUD\Mwh.Sample.Domain\Extensions\TreeNode.cs(18,9): warning IDE0011: Add braces to 'else' statement. (https://learn.microsoft.com/dotnet/fundamentals/code-analysis/style-rules/ide0011) [C:\GitHub\MarkHazleton\SampleMvcCRUD\Mwh.Sample.Domain\Mwh.Sample.Domain.csproj]
C:\GitHub\MarkHazleton\SampleMvcCRUD\Mwh.Sample.Domain\Extensions\PropertyBag.cs(43,17): warning IDE0011: Add braces to 'if' statement. (https://learn.microsoft.com/dotnet/fundamentals/code-analysis/style-rules/ide0011) [C:\GitHub\MarkHazleton\SampleMvcCRUD\Mwh.Sample.Domain\Mwh.Sample.Domain.csproj]
C:\GitHub\MarkHazleton\SampleMvcCRUD\Mwh.Sample.Domain\Extensions\PropertyBag.cs(48,17): warning IDE0011: Add braces to 'if' statement. (https://learn.microsoft.com/dotnet/fundamentals/code-analysis/style-rules/ide0011) [C:\GitHub\MarkHazleton\SampleMvcCRUD\Mwh.Sample.Domain\Mwh.Sample.Domain.csproj]
C:\GitHub\MarkHazleton\SampleMvcCRUD\Mwh.Sample.Domain\Extensions\StringExtensions.cs(45,9): warning IDE0011: Add braces to 'if' statement. (https://learn.microsoft.com/dotnet/fundamentals/code-analysis/style-rules/ide0011) [C:\GitHub\MarkHazleton\SampleMvcCRUD\Mwh.Sample.Domain\Mwh.Sample.Domain.csproj]
C:\GitHub\MarkHazleton\SampleMvcCRUD\Mwh.Sample.Domain\Extensions\StringExtensions.cs(48,9): warning IDE0011: Add braces to 'if' statement. (https://learn.microsoft.com/dotnet/fundamentals/code-analysis/style-rules/ide0011) [C:\GitHub\MarkHazleton\SampleMvcCRUD\Mwh.Sample.Domain\Mwh.Sample.Domain.csproj]
C:\GitHub\MarkHazleton\SampleMvcCRUD\Mwh.Sample.Domain\Extensions\StringExtensions.cs(55,13): warning IDE0011: Add braces to 'if' statement. (https://learn.microsoft.com/dotnet/fundamentals/code-analysis/style-rules/ide0011) [C:\GitHub\MarkHazleton\SampleMvcCRUD\Mwh.Sample.Domain\Mwh.Sample.Domain.csproj]
C:\GitHub\MarkHazleton\SampleMvcCRUD\Mwh.Sample.Domain\Extensions\StringExtensions.cs(72,9): warning IDE0011: Add braces to 'if' statement. (https://learn.microsoft.com/dotnet/fundamentals/code-analysis/style-rules/ide0011) [C:\GitHub\MarkHazleton\SampleMvcCRUD\Mwh.Sample.Domain\Mwh.Sample.Domain.csproj]
C:\GitHub\MarkHazleton\SampleMvcCRUD\Mwh.Sample.Domain\Extensions\StringExtensions.cs(75,9): warning IDE0011: Add braces to 'if' statement. (https://learn.microsoft.com/dotnet/fundamentals/code-analysis/style-rules/ide0011) [C:\GitHub\MarkHazleton\SampleMvcCRUD\Mwh.Sample.Domain\Mwh.Sample.Domain.csproj]
C:\GitHub\MarkHazleton\SampleMvcCRUD\Mwh.Sample.Domain\Extensions\StringExtensions.cs(89,9): warning IDE0011: Add braces to 'if' statement. (https://learn.microsoft.com/dotnet/fundamentals/code-analysis/style-rules/ide0011) [C:\GitHub\MarkHazleton\SampleMvcCRUD\Mwh.Sample.Domain\Mwh.Sample.Domain.csproj]
C:\GitHub\MarkHazleton\SampleMvcCRUD\Mwh.Sample.Domain\Models\EmployeeList.cs(22,9): warning IDE0011: Add braces to 'foreach' statement. (https://learn.microsoft.com/dotnet/fundamentals/code-analysis/style-rules/ide0011) [C:\GitHub\MarkHazleton\SampleMvcCRUD\Mwh.Sample.Domain\Mwh.Sample.Domain.csproj]
C:\GitHub\MarkHazleton\SampleMvcCRUD\Mwh.Sample.Domain\Models\EmployeeDto.cs(86,9): warning IDE0011: Add braces to 'if' statement. (https://learn.microsoft.com/dotnet/fundamentals/code-analysis/style-rules/ide0011) [C:\GitHub\MarkHazleton\SampleMvcCRUD\Mwh.Sample.Domain\Mwh.Sample.Domain.csproj]
C:\GitHub\MarkHazleton\SampleMvcCRUD\Mwh.Sample.Domain\Models\EmployeeDto.cs(121,9): warning IDE0011: Add braces to 'if' statement. (https://learn.microsoft.com/dotnet/fundamentals/code-analysis/style-rules/ide0011) [C:\GitHub\MarkHazleton\SampleMvcCRUD\Mwh.Sample.Domain\Mwh.Sample.Domain.csproj]
C:\GitHub\MarkHazleton\SampleMvcCRUD\Mwh.Sample.Domain\Models\EmployeeDto.cs(124,9): warning IDE0011: Add braces to 'if' statement. (https://learn.microsoft.com/dotnet/fundamentals/code-analysis/style-rules/ide0011) [C:\GitHub\MarkHazleton\SampleMvcCRUD\Mwh.Sample.Domain\Mwh.Sample.Domain.csproj]
C:\GitHub\MarkHazleton\SampleMvcCRUD\Mwh.Sample.Domain\Models\EmployeeDto.cs(136,13): warning IDE0011: Add braces to 'if' statement. (https://learn.microsoft.com/dotnet/fundamentals/code-analysis/style-rules/ide0011) [C:\GitHub\MarkHazleton\SampleMvcCRUD\Mwh.Sample.Domain\Mwh.Sample.Domain.csproj]
C:\GitHub\MarkHazleton\SampleMvcCRUD\Mwh.Sample.Domain\Models\EmployeeDto.cs(145,9): warning IDE0011: Add braces to 'if' statement. (https://learn.microsoft.com/dotnet/fundamentals/code-analysis/style-rules/ide0011) [C:\GitHub\MarkHazleton\SampleMvcCRUD\Mwh.Sample.Domain\Mwh.Sample.Domain.csproj]
C:\GitHub\MarkHazleton\SampleMvcCRUD\Mwh.Sample.Domain\Models\EmployeeDto.cs(171,9): warning IDE0011: Add braces to 'if' statement. (https://learn.microsoft.com/dotnet/fundamentals/code-analysis/style-rules/ide0011) [C:\GitHub\MarkHazleton\SampleMvcCRUD\Mwh.Sample.Domain\Mwh.Sample.Domain.csproj]
C:\GitHub\MarkHazleton\SampleMvcCRUD\Mwh.Sample.Domain\Models\EmployeeDto.cs(173,9): warning IDE0011: Add braces to 'if' statement. (https://learn.microsoft.com/dotnet/fundamentals/code-analysis/style-rules/ide0011) [C:\GitHub\MarkHazleton\SampleMvcCRUD\Mwh.Sample.Domain\Mwh.Sample.Domain.csproj]
C:\GitHub\MarkHazleton\SampleMvcCRUD\Mwh.Sample.Domain\Models\EmployeeDto.cs(175,9): warning IDE0011: Add braces to 'if' statement. (https://learn.microsoft.com/dotnet/fundamentals/code-analysis/style-rules/ide0011) [C:\GitHub\MarkHazleton\SampleMvcCRUD\Mwh.Sample.Domain\Mwh.Sample.Domain.csproj]
C:\GitHub\MarkHazleton\SampleMvcCRUD\Mwh.Sample.Domain\Models\EmployeeDto.cs(156,16): warning CA1307: 'string.GetHashCode()' has a method overload that takes a 'StringComparison' parameter. Replace this call in 'Mwh.Sample.Domain.Models.EmployeeDto.GetHashCode()' with a call to 'string.GetHashCode(System.StringComparison)' for clarity of intent. (https://learn.microsoft.com/dotnet/fundamentals/code-analysis/quality-rules/ca1307) [C:\GitHub\MarkHazleton\SampleMvcCRUD\Mwh.Sample.Domain\Mwh.Sample.Domain.csproj]
C:\GitHub\MarkHazleton\SampleMvcCRUD\Mwh.Sample.Domain\Extensions\TreeNode.cs(28,13): warning IDE0011: Add braces to 'foreach' statement. (https://learn.microsoft.com/dotnet/fundamentals/code-analysis/style-rules/ide0011) [C:\GitHub\MarkHazleton\SampleMvcCRUD\Mwh.Sample.Domain\Mwh.Sample.Domain.csproj]
C:\GitHub\MarkHazleton\SampleMvcCRUD\Mwh.Sample.Domain\Models\EmployeeDto.cs(188,9): warning IDE0011: Add braces to 'if' statement. (https://learn.microsoft.com/dotnet/fundamentals/code-analysis/style-rules/ide0011) [C:\GitHub\MarkHazleton\SampleMvcCRUD\Mwh.Sample.Domain\Mwh.Sample.Domain.csproj]
C:\GitHub\MarkHazleton\SampleMvcCRUD\Mwh.Sample.Domain\Models\EmployeeDto.cs(190,9): warning IDE0011: Add braces to 'if' statement. (https://learn.microsoft.com/dotnet/fundamentals/code-analysis/style-rules/ide0011) [C:\GitHub\MarkHazleton\SampleMvcCRUD\Mwh.Sample.Domain\Mwh.Sample.Domain.csproj]
C:\GitHub\MarkHazleton\SampleMvcCRUD\Mwh.Sample.Domain\Models\EmployeeDto.cs(192,9): warning IDE0011: Add braces to 'if' statement. (https://learn.microsoft.com/dotnet/fundamentals/code-analysis/style-rules/ide0011) [C:\GitHub\MarkHazleton\SampleMvcCRUD\Mwh.Sample.Domain\Mwh.Sample.Domain.csproj]
C:\GitHub\MarkHazleton\SampleMvcCRUD\Mwh.Sample.Domain\Models\EmployeeDto.cs(194,9): warning IDE0011: Add braces to 'if' statement. (https://learn.microsoft.com/dotnet/fundamentals/code-analysis/style-rules/ide0011) [C:\GitHub\MarkHazleton\SampleMvcCRUD\Mwh.Sample.Domain\Mwh.Sample.Domain.csproj]
C:\GitHub\MarkHazleton\SampleMvcCRUD\Mwh.Sample.Domain\Models\EmployeeDto.cs(196,9): warning IDE0011: Add braces to 'if' statement. (https://learn.microsoft.com/dotnet/fundamentals/code-analysis/style-rules/ide0011) [C:\GitHub\MarkHazleton\SampleMvcCRUD\Mwh.Sample.Domain\Mwh.Sample.Domain.csproj]
C:\GitHub\MarkHazleton\SampleMvcCRUD\Mwh.Sample.Domain\Extensions\PropertyBag.cs(60,31): warning CA1062: In externally visible method 'void PropertyBag<TKey, TValue>.Add(Dictionary<TKey, TValue> value)', validate parameter 'value' is non-null before using it. If appropriate, throw an 'ArgumentNullException' when the argument is 'null'. (https://learn.microsoft.com/dotnet/fundamentals/code-analysis/quality-rules/ca1062) [C:\GitHub\MarkHazleton\SampleMvcCRUD\Mwh.Sample.Domain\Mwh.Sample.Domain.csproj]
C:\GitHub\MarkHazleton\SampleMvcCRUD\Mwh.Sample.Domain\Extensions\LogExtensions.cs(71,16): warning CA1062: In externally visible method 'bool LogExtensions.IsSimpleType(Type type)', validate parameter 'type' is non-null before using it. If appropriate, throw an 'ArgumentNullException' when the argument is 'null'. (https://learn.microsoft.com/dotnet/fundamentals/code-analysis/quality-rules/ca1062) [C:\GitHub\MarkHazleton\SampleMvcCRUD\Mwh.Sample.Domain\Mwh.Sample.Domain.csproj]
C:\GitHub\MarkHazleton\SampleMvcCRUD\Mwh.Sample.Domain\Models\DepartmentDto.cs(49,9): warning IDE0011: Add braces to 'if' statement. (https://learn.microsoft.com/dotnet/fundamentals/code-analysis/style-rules/ide0011) [C:\GitHub\MarkHazleton\SampleMvcCRUD\Mwh.Sample.Domain\Mwh.Sample.Domain.csproj]
C:\GitHub\MarkHazleton\SampleMvcCRUD\Mwh.Sample.Domain\Extensions\LogExtensions.cs(84,9): warning IDE0011: Add braces to 'if' statement. (https://learn.microsoft.com/dotnet/fundamentals/code-analysis/style-rules/ide0011) [C:\GitHub\MarkHazleton\SampleMvcCRUD\Mwh.Sample.Domain\Mwh.Sample.Domain.csproj]
C:\GitHub\MarkHazleton\SampleMvcCRUD\Mwh.Sample.Domain\Models\DepartmentDto.cs(55,9): warning IDE0011: Add braces to 'if' statement. (https://learn.microsoft.com/dotnet/fundamentals/code-analysis/style-rules/ide0011) [C:\GitHub\MarkHazleton\SampleMvcCRUD\Mwh.Sample.Domain\Mwh.Sample.Domain.csproj]
C:\GitHub\MarkHazleton\SampleMvcCRUD\Mwh.Sample.Domain\Extensions\LogExtensions.cs(113,9): warning IDE0011: Add braces to 'if' statement. (https://learn.microsoft.com/dotnet/fundamentals/code-analysis/style-rules/ide0011) [C:\GitHub\MarkHazleton\SampleMvcCRUD\Mwh.Sample.Domain\Mwh.Sample.Domain.csproj]
C:\GitHub\MarkHazleton\SampleMvcCRUD\Mwh.Sample.Domain\Extensions\PropertyBag.cs(70,9): warning IDE0011: Add braces to 'if' statement. (https://learn.microsoft.com/dotnet/fundamentals/code-analysis/style-rules/ide0011) [C:\GitHub\MarkHazleton\SampleMvcCRUD\Mwh.Sample.Domain\Mwh.Sample.Domain.csproj]
C:\GitHub\MarkHazleton\SampleMvcCRUD\Mwh.Sample.Domain\Extensions\PropertyBag.cs(73,9): warning IDE0011: Add braces to 'if' statement. (https://learn.microsoft.com/dotnet/fundamentals/code-analysis/style-rules/ide0011) [C:\GitHub\MarkHazleton\SampleMvcCRUD\Mwh.Sample.Domain\Mwh.Sample.Domain.csproj]
C:\GitHub\MarkHazleton\SampleMvcCRUD\Mwh.Sample.Domain\Extensions\PropertyBag.cs(101,9): warning IDE0011: Add braces to 'if' statement. (https://learn.microsoft.com/dotnet/fundamentals/code-analysis/style-rules/ide0011) [C:\GitHub\MarkHazleton\SampleMvcCRUD\Mwh.Sample.Domain\Mwh.Sample.Domain.csproj]
C:\GitHub\MarkHazleton\SampleMvcCRUD\Mwh.Sample.Domain\Extensions\PropertyBag.cs(103,9): warning IDE0011: Add braces to 'if' statement. (https://learn.microsoft.com/dotnet/fundamentals/code-analysis/style-rules/ide0011) [C:\GitHub\MarkHazleton\SampleMvcCRUD\Mwh.Sample.Domain\Mwh.Sample.Domain.csproj]
C:\GitHub\MarkHazleton\SampleMvcCRUD\Mwh.Sample.Domain\Extensions\PropertyBag.cs(105,9): warning IDE0011: Add braces to 'else' statement. (https://learn.microsoft.com/dotnet/fundamentals/code-analysis/style-rules/ide0011) [C:\GitHub\MarkHazleton\SampleMvcCRUD\Mwh.Sample.Domain\Mwh.Sample.Domain.csproj]
C:\GitHub\MarkHazleton\SampleMvcCRUD\Mwh.Sample.Domain\Models\ApplicationStatus.cs(24,25): warning CA1310: The behavior of 'string.IndexOf(string)' could vary based on the current user's locale settings. Replace this call in 'Mwh.Sample.Domain.Models.ApplicationStatus.GetBuildDate(System.Reflection.Assembly)' with a call to 'string.IndexOf(string, System.StringComparison)'. (https://learn.microsoft.com/dotnet/fundamentals/code-analysis/quality-rules/ca1310) [C:\GitHub\MarkHazleton\SampleMvcCRUD\Mwh.Sample.Domain\Mwh.Sample.Domain.csproj]
C:\GitHub\MarkHazleton\SampleMvcCRUD\Mwh.Sample.Domain\Extensions\TreeNode.cs(37,13): warning IDE0011: Add braces to 'foreach' statement. (https://learn.microsoft.com/dotnet/fundamentals/code-analysis/style-rules/ide0011) [C:\GitHub\MarkHazleton\SampleMvcCRUD\Mwh.Sample.Domain\Mwh.Sample.Domain.csproj]
C:\GitHub\MarkHazleton\SampleMvcCRUD\Mwh.Sample.Domain\Extensions\PropertyBag.cs(103,13): warning CA1864: To avoid double lookup, call 'TryAdd' instead of calling 'Add' with a 'ContainsKey' guard (https://learn.microsoft.com/dotnet/fundamentals/code-analysis/quality-rules/ca1864) [C:\GitHub\MarkHazleton\SampleMvcCRUD\Mwh.Sample.Domain\Mwh.Sample.Domain.csproj]
C:\GitHub\MarkHazleton\SampleMvcCRUD\Mwh.Sample.Domain\Extensions\PropertyBag.cs(133,17): warning CA1062: In externally visible method 'void PropertyBag<TKey, TValue>.GetObjectData(SerializationInfo info)', validate parameter 'info' is non-null before using it. If appropriate, throw an 'ArgumentNullException' when the argument is 'null'. (https://learn.microsoft.com/dotnet/fundamentals/code-analysis/quality-rules/ca1062) [C:\GitHub\MarkHazleton\SampleMvcCRUD\Mwh.Sample.Domain\Mwh.Sample.Domain.csproj]
C:\GitHub\MarkHazleton\SampleMvcCRUD\Mwh.Sample.Domain\Extensions\EnumerableExtensions.cs(19,9): warning IDE0011: Add braces to 'if' statement. (https://learn.microsoft.com/dotnet/fundamentals/code-analysis/style-rules/ide0011) [C:\GitHub\MarkHazleton\SampleMvcCRUD\Mwh.Sample.Domain\Mwh.Sample.Domain.csproj]
C:\GitHub\MarkHazleton\SampleMvcCRUD\Mwh.Sample.Domain\Extensions\EnumExtension.cs(64,25): warning CA1062: In externally visible method 'Dictionary<int, string> EnumExtension.ToDictionary(Enum enumValue)', validate parameter 'enumValue' is non-null before using it. If appropriate, throw an 'ArgumentNullException' when the argument is 'null'. (https://learn.microsoft.com/dotnet/fundamentals/code-analysis/quality-rules/ca1062) [C:\GitHub\MarkHazleton\SampleMvcCRUD\Mwh.Sample.Domain\Mwh.Sample.Domain.csproj]
C:\GitHub\MarkHazleton\SampleMvcCRUD\Mwh.Sample.Domain\Extensions\EnumerableExtensions.cs(25,24): warning CA1851: Possible multiple enumerations of 'IEnumerable' collection. Consider using an implementation that avoids multiple enumerations. (https://learn.microsoft.com/dotnet/fundamentals/code-analysis/quality-rules/ca1851) [C:\GitHub\MarkHazleton\SampleMvcCRUD\Mwh.Sample.Domain\Mwh.Sample.Domain.csproj]
C:\GitHub\MarkHazleton\SampleMvcCRUD\Mwh.Sample.Domain\Extensions\EnumerableExtensions.cs(19,34): warning CA1851: Possible multiple enumerations of 'IEnumerable' collection. Consider using an implementation that avoids multiple enumerations. (https://learn.microsoft.com/dotnet/fundamentals/code-analysis/quality-rules/ca1851) [C:\GitHub\MarkHazleton\SampleMvcCRUD\Mwh.Sample.Domain\Mwh.Sample.Domain.csproj]
C:\GitHub\MarkHazleton\SampleMvcCRUD\Mwh.Sample.Domain\Extensions\EnumerableExtensions.cs(31,24): warning CA1851: Possible multiple enumerations of 'IEnumerable' collection. Consider using an implementation that avoids multiple enumerations. (https://learn.microsoft.com/dotnet/fundamentals/code-analysis/quality-rules/ca1851) [C:\GitHub\MarkHazleton\SampleMvcCRUD\Mwh.Sample.Domain\Mwh.Sample.Domain.csproj]
C:\GitHub\MarkHazleton\SampleMvcCRUD\Mwh.Sample.Domain\Extensions\EnumerableExtensions.cs(37,24): warning CA1851: Possible multiple enumerations of 'IEnumerable' collection. Consider using an implementation that avoids multiple enumerations. (https://learn.microsoft.com/dotnet/fundamentals/code-analysis/quality-rules/ca1851) [C:\GitHub\MarkHazleton\SampleMvcCRUD\Mwh.Sample.Domain\Mwh.Sample.Domain.csproj]
C:\GitHub\MarkHazleton\SampleMvcCRUD\Mwh.Sample.Domain\Extensions\EnumerableExtensions.cs(40,24): warning CA1851: Possible multiple enumerations of 'IEnumerable' collection. Consider using an implementation that avoids multiple enumerations. (https://learn.microsoft.com/dotnet/fundamentals/code-analysis/quality-rules/ca1851) [C:\GitHub\MarkHazleton\SampleMvcCRUD\Mwh.Sample.Domain\Mwh.Sample.Domain.csproj]
C:\GitHub\MarkHazleton\SampleMvcCRUD\Mwh.Sample.Domain\Extensions\EnumerableExtensions.cs(46,39): warning CA1851: Possible multiple enumerations of 'IEnumerable' collection. Consider using an implementation that avoids multiple enumerations. (https://learn.microsoft.com/dotnet/fundamentals/code-analysis/quality-rules/ca1851) [C:\GitHub\MarkHazleton\SampleMvcCRUD\Mwh.Sample.Domain\Mwh.Sample.Domain.csproj]
C:\GitHub\MarkHazleton\SampleMvcCRUD\Mwh.Sample.Domain\Extensions\EnumerableExtensions.cs(59,28): warning CA1851: Possible multiple enumerations of 'IEnumerable' collection. Consider using an implementation that avoids multiple enumerations. (https://learn.microsoft.com/dotnet/fundamentals/code-analysis/quality-rules/ca1851) [C:\GitHub\MarkHazleton\SampleMvcCRUD\Mwh.Sample.Domain\Mwh.Sample.Domain.csproj]
C:\GitHub\MarkHazleton\SampleMvcCRUD\Mwh.Sample.Domain\Extensions\EnumerableExtensions.cs(48,32): warning CA1062: In externally visible method 'T? EnumerableExtensions.SelectElementByOption<T, TKey>(IEnumerable<T>? sequence, Func<T, TKey> keySelector, MinMaxOption option = MinMaxOption.Minimum)', validate parameter 'keySelector' is non-null before using it. If appropriate, throw an 'ArgumentNullException' when the argument is 'null'. (https://learn.microsoft.com/dotnet/fundamentals/code-analysis/quality-rules/ca1062) [C:\GitHub\MarkHazleton\SampleMvcCRUD\Mwh.Sample.Domain\Mwh.Sample.Domain.csproj]
C:\GitHub\MarkHazleton\SampleMvcCRUD\Mwh.Sample.Repository\Models\Employee.cs(46,41): warning CS8767: Nullability of reference types in type of parameter 'value' of 'void Employee.ProfilePicture.set' doesn't match implicitly implemented member 'void IEmployee.ProfilePicture.set' (possibly because of nullability attributes). [C:\GitHub\MarkHazleton\SampleMvcCRUD\Mwh.Sample.Repository\Mwh.Sample.Repository.csproj]
C:\GitHub\MarkHazleton\SampleMvcCRUD\Mwh.Sample.Repository\Repository\EmployeeMock.cs(116,39): warning CS8613: Nullability of reference types in return type of 'Task<DepartmentDto?> EmployeeMock.DepartmentAsync(int id)' doesn't match implicitly implemented member 'Task<DepartmentDto> IEmployeeDB.DepartmentAsync(int id)'. [C:\GitHub\MarkHazleton\SampleMvcCRUD\Mwh.Sample.Repository\Mwh.Sample.Repository.csproj]
C:\GitHub\MarkHazleton\SampleMvcCRUD\Mwh.Sample.Repository\Services\EmployeeDatabaseClient.cs(12,28): warning CS8614: Nullability of reference types in type of parameter 'namelist' of 'Task<int> EmployeeDatabaseClient.AddMultipleEmployeesAsync(string[] namelist)' doesn't match implicitly implemented member 'Task<int> IEmployeeService.AddMultipleEmployeesAsync(string?[]? namelist)'. [C:\GitHub\MarkHazleton\SampleMvcCRUD\Mwh.Sample.Repository\Mwh.Sample.Repository.csproj]
C:\GitHub\MarkHazleton\SampleMvcCRUD\Mwh.Sample.Repository\Services\EmployeeDatabaseClient.cs(42,41): warning CS8767: Nullability of reference types in type of parameter 'employee' of 'Task<EmployeeResponse> EmployeeDatabaseClient.SaveAsync(EmployeeDto employee, CancellationToken token)' doesn't match implicitly implemented member 'Task<EmployeeResponse> IEmployeeService.SaveAsync(EmployeeDto? employee, CancellationToken token)' (possibly because of nullability attributes). [C:\GitHub\MarkHazleton\SampleMvcCRUD\Mwh.Sample.Repository\Mwh.Sample.Repository.csproj]
C:\GitHub\MarkHazleton\SampleMvcCRUD\Mwh.Sample.Repository\Services\EmployeeDatabaseClient.cs(52,41): warning CS8767: Nullability of reference types in type of parameter 'employee' of 'Task<EmployeeResponse> EmployeeDatabaseClient.UpdateAsync(int id, EmployeeDto employee, CancellationToken token)' doesn't match implicitly implemented member 'Task<EmployeeResponse> IEmployeeService.UpdateAsync(int id, EmployeeDto? employee, CancellationToken token)' (possibly because of nullability attributes). [C:\GitHub\MarkHazleton\SampleMvcCRUD\Mwh.Sample.Repository\Mwh.Sample.Repository.csproj]
C:\GitHub\MarkHazleton\SampleMvcCRUD\Mwh.Sample.Repository\Repository\EmployeeDB.cs(42,25): warning CS8601: Possible null reference assignment. [C:\GitHub\MarkHazleton\SampleMvcCRUD\Mwh.Sample.Repository\Mwh.Sample.Repository.csproj]
C:\GitHub\MarkHazleton\SampleMvcCRUD\Mwh.Sample.Repository\Repository\EmployeeDB.cs(56,13): warning CS8629: Nullable value type may be null. [C:\GitHub\MarkHazleton\SampleMvcCRUD\Mwh.Sample.Repository\Mwh.Sample.Repository.csproj]
C:\GitHub\MarkHazleton\SampleMvcCRUD\Mwh.Sample.Repository\Repository\EmployeeMock.cs(105,17): warning CS8604: Possible null reference argument for parameter 'left' in 'bool EmployeeDto.operator !=(EmployeeDto left, EmployeeDto right)'. [C:\GitHub\MarkHazleton\SampleMvcCRUD\Mwh.Sample.Repository\Mwh.Sample.Repository.csproj]
C:\GitHub\MarkHazleton\SampleMvcCRUD\Mwh.Sample.Repository\Repository\EmployeeMock.cs(105,26): warning CS8625: Cannot convert null literal to non-nullable reference type. [C:\GitHub\MarkHazleton\SampleMvcCRUD\Mwh.Sample.Repository\Mwh.Sample.Repository.csproj]
C:\GitHub\MarkHazleton\SampleMvcCRUD\Mwh.Sample.Repository\Services\EmployeeDatabaseService.cs(21,25): warning CS8601: Possible null reference assignment. [C:\GitHub\MarkHazleton\SampleMvcCRUD\Mwh.Sample.Repository\Mwh.Sample.Repository.csproj]
C:\GitHub\MarkHazleton\SampleMvcCRUD\Mwh.Sample.Repository\Services\EmployeeDatabaseService.cs(54,16): warning CS8601: Possible null reference assignment. [C:\GitHub\MarkHazleton\SampleMvcCRUD\Mwh.Sample.Repository\Mwh.Sample.Repository.csproj]
C:\GitHub\MarkHazleton\SampleMvcCRUD\Mwh.Sample.Repository\Repository\EmployeeDB.cs(85,23): warning CS8604: Possible null reference argument for parameter 'item' in 'DepartmentDto EmployeeDB.Create(Department item)'. [C:\GitHub\MarkHazleton\SampleMvcCRUD\Mwh.Sample.Repository\Mwh.Sample.Repository.csproj]
C:\GitHub\MarkHazleton\SampleMvcCRUD\Mwh.Sample.Repository\Services\EmployeeDatabaseService.cs(118,16): warning CS8603: Possible null reference return. [C:\GitHub\MarkHazleton\SampleMvcCRUD\Mwh.Sample.Repository\Mwh.Sample.Repository.csproj]
C:\GitHub\MarkHazleton\SampleMvcCRUD\Mwh.Sample.Repository\Repository\EmployeeDB.cs(115,13): warning CS8604: Possible null reference argument for parameter 'left' in 'bool EmployeeDto.operator ==(EmployeeDto left, EmployeeDto right)'. [C:\GitHub\MarkHazleton\SampleMvcCRUD\Mwh.Sample.Repository\Mwh.Sample.Repository.csproj]
C:\GitHub\MarkHazleton\SampleMvcCRUD\Mwh.Sample.Repository\Repository\EmployeeDB.cs(115,20): warning CS8625: Cannot convert null literal to non-nullable reference type. [C:\GitHub\MarkHazleton\SampleMvcCRUD\Mwh.Sample.Repository\Mwh.Sample.Repository.csproj]
C:\GitHub\MarkHazleton\SampleMvcCRUD\Mwh.Sample.Repository\Repository\EmployeeDB.cs(121,24): warning CS8601: Possible null reference assignment. [C:\GitHub\MarkHazleton\SampleMvcCRUD\Mwh.Sample.Repository\Mwh.Sample.Repository.csproj]
C:\GitHub\MarkHazleton\SampleMvcCRUD\Mwh.Sample.Repository\Repository\EmployeeDB.cs(140,33): warning CS8601: Possible null reference assignment. [C:\GitHub\MarkHazleton\SampleMvcCRUD\Mwh.Sample.Repository\Mwh.Sample.Repository.csproj]
C:\GitHub\MarkHazleton\SampleMvcCRUD\Mwh.Sample.Repository\Repository\EmployeeDB.cs(155,28): warning CS8601: Possible null reference assignment. [C:\GitHub\MarkHazleton\SampleMvcCRUD\Mwh.Sample.Repository\Mwh.Sample.Repository.csproj]
C:\GitHub\MarkHazleton\SampleMvcCRUD\Mwh.Sample.Repository\Repository\EmployeeMock.cs(205,13): warning CS8604: Possible null reference argument for parameter 'left' in 'bool EmployeeDto.operator ==(EmployeeDto left, EmployeeDto right)'. [C:\GitHub\MarkHazleton\SampleMvcCRUD\Mwh.Sample.Repository\Mwh.Sample.Repository.csproj]
C:\GitHub\MarkHazleton\SampleMvcCRUD\Mwh.Sample.Repository\Repository\EmployeeMock.cs(205,20): warning CS8625: Cannot convert null literal to non-nullable reference type. [C:\GitHub\MarkHazleton\SampleMvcCRUD\Mwh.Sample.Repository\Mwh.Sample.Repository.csproj]
C:\GitHub\MarkHazleton\SampleMvcCRUD\Mwh.Sample.Repository\Repository\EmployeeMock.cs(224,17): warning CS8604: Possible null reference argument for parameter 'left' in 'bool EmployeeDto.operator ==(EmployeeDto left, EmployeeDto right)'. [C:\GitHub\MarkHazleton\SampleMvcCRUD\Mwh.Sample.Repository\Mwh.Sample.Repository.csproj]
C:\GitHub\MarkHazleton\SampleMvcCRUD\Mwh.Sample.Repository\Repository\EmployeeMock.cs(224,30): warning CS8625: Cannot convert null literal to non-nullable reference type. [C:\GitHub\MarkHazleton\SampleMvcCRUD\Mwh.Sample.Repository\Mwh.Sample.Repository.csproj]
C:\GitHub\MarkHazleton\SampleMvcCRUD\Mwh.Sample.Repository\Repository\EmployeeDB.cs(183,18): warning CS8602: Dereference of a possibly null reference. [C:\GitHub\MarkHazleton\SampleMvcCRUD\Mwh.Sample.Repository\Mwh.Sample.Repository.csproj]
C:\GitHub\MarkHazleton\SampleMvcCRUD\Mwh.Sample.Repository\Services\EmployeeDatabaseService.cs(226,17): warning CS8604: Possible null reference argument for parameter 'name' in 'EmployeeDto.EmployeeDto(int id, string name, int age, string state, string country, EmployeeDepartmentEnum dept, string? profilePicture = null, GenderEnum? gender = null)'. [C:\GitHub\MarkHazleton\SampleMvcCRUD\Mwh.Sample.Repository\Mwh.Sample.Repository.csproj]
C:\GitHub\MarkHazleton\SampleMvcCRUD\Mwh.Sample.Repository\Services\EmployeeDatabaseService.cs(228,17): warning CS8604: Possible null reference argument for parameter 'state' in 'EmployeeDto.EmployeeDto(int id, string name, int age, string state, string country, EmployeeDepartmentEnum dept, string? profilePicture = null, GenderEnum? gender = null)'. [C:\GitHub\MarkHazleton\SampleMvcCRUD\Mwh.Sample.Repository\Mwh.Sample.Repository.csproj]
C:\GitHub\MarkHazleton\SampleMvcCRUD\Mwh.Sample.Repository\Services\EmployeeDatabaseService.cs(229,17): warning CS8604: Possible null reference argument for parameter 'country' in 'EmployeeDto.EmployeeDto(int id, string name, int age, string state, string country, EmployeeDepartmentEnum dept, string? profilePicture = null, GenderEnum? gender = null)'. [C:\GitHub\MarkHazleton\SampleMvcCRUD\Mwh.Sample.Repository\Mwh.Sample.Repository.csproj]
C:\GitHub\MarkHazleton\SampleMvcCRUD\Mwh.Sample.Repository\Models\IDepartment.cs(6,27): warning CA2227: Change 'Employees' to be read-only by removing the property setter (https://learn.microsoft.com/dotnet/fundamentals/code-analysis/quality-rules/ca2227) [C:\GitHub\MarkHazleton\SampleMvcCRUD\Mwh.Sample.Repository\Mwh.Sample.Repository.csproj]
C:\GitHub\MarkHazleton\SampleMvcCRUD\Mwh.Sample.Repository\Models\BaseEntity.cs(9,23): warning CA1012: Abstract type 'BaseEntity' should not have public constructors (https://learn.microsoft.com/dotnet/fundamentals/code-analysis/quality-rules/ca1012) [C:\GitHub\MarkHazleton\SampleMvcCRUD\Mwh.Sample.Repository\Mwh.Sample.Repository.csproj]
C:\GitHub\MarkHazleton\SampleMvcCRUD\Mwh.Sample.Repository\Repository\EmployeeMock.cs(11,50): warning CA1805: Member '_generatedEmployeeCount' is explicitly initialized to its default value (https://learn.microsoft.com/dotnet/fundamentals/code-analysis/quality-rules/ca1805) [C:\GitHub\MarkHazleton\SampleMvcCRUD\Mwh.Sample.Repository\Mwh.Sample.Repository.csproj]
C:\GitHub\MarkHazleton\SampleMvcCRUD\Mwh.Sample.Repository\Repository\EmployeeMock.cs(63,17): warning IDE0011: Add braces to 'if' statement. (https://learn.microsoft.com/dotnet/fundamentals/code-analysis/style-rules/ide0011) [C:\GitHub\MarkHazleton\SampleMvcCRUD\Mwh.Sample.Repository\Mwh.Sample.Repository.csproj]
C:\GitHub\MarkHazleton\SampleMvcCRUD\Mwh.Sample.Repository\Repository\EmployeeMock.cs(45,17): warning IDE0011: Add braces to 'if' statement. (https://learn.microsoft.com/dotnet/fundamentals/code-analysis/style-rules/ide0011) [C:\GitHub\MarkHazleton\SampleMvcCRUD\Mwh.Sample.Repository\Mwh.Sample.Repository.csproj]
C:\GitHub\MarkHazleton\SampleMvcCRUD\Mwh.Sample.Repository\Repository\EmployeeDB.cs(17,9): warning IDE0011: Add braces to 'if' statement. (https://learn.microsoft.com/dotnet/fundamentals/code-analysis/style-rules/ide0011) [C:\GitHub\MarkHazleton\SampleMvcCRUD\Mwh.Sample.Repository\Mwh.Sample.Repository.csproj]
C:\GitHub\MarkHazleton\SampleMvcCRUD\Mwh.Sample.Repository\Repository\EmployeeMock.cs(72,9): warning IDE0011: Add braces to 'if' statement. (https://learn.microsoft.com/dotnet/fundamentals/code-analysis/style-rules/ide0011) [C:\GitHub\MarkHazleton\SampleMvcCRUD\Mwh.Sample.Repository\Mwh.Sample.Repository.csproj]
C:\GitHub\MarkHazleton\SampleMvcCRUD\Mwh.Sample.Repository\Repository\EmployeeMock.cs(58,49): warning CA2263: Prefer the generic overload 'System.Enum.GetValues<TEnum>()' instead of 'System.Enum.GetValues(System.Type)' (https://learn.microsoft.com/dotnet/fundamentals/code-analysis/quality-rules/ca2263) [C:\GitHub\MarkHazleton\SampleMvcCRUD\Mwh.Sample.Repository\Mwh.Sample.Repository.csproj]
C:\GitHub\MarkHazleton\SampleMvcCRUD\Mwh.Sample.Repository\Repository\EmployeeDB.cs(24,9): warning IDE0011: Add braces to 'if' statement. (https://learn.microsoft.com/dotnet/fundamentals/code-analysis/style-rules/ide0011) [C:\GitHub\MarkHazleton\SampleMvcCRUD\Mwh.Sample.Repository\Mwh.Sample.Repository.csproj]
C:\GitHub\MarkHazleton\SampleMvcCRUD\Mwh.Sample.Repository\Repository\EmployeeDB.cs(32,9): warning IDE0011: Add braces to 'if' statement. (https://learn.microsoft.com/dotnet/fundamentals/code-analysis/style-rules/ide0011) [C:\GitHub\MarkHazleton\SampleMvcCRUD\Mwh.Sample.Repository\Mwh.Sample.Repository.csproj]
C:\GitHub\MarkHazleton\SampleMvcCRUD\Mwh.Sample.Repository\Models\EmployeeContext.cs(16,14): warning CA1062: In externally visible method 'void EmployeeContext.OnConfiguring(DbContextOptionsBuilder optionsBuilder)', validate parameter 'optionsBuilder' is non-null before using it. If appropriate, throw an 'ArgumentNullException' when the argument is 'null'. (https://learn.microsoft.com/dotnet/fundamentals/code-analysis/quality-rules/ca1062) [C:\GitHub\MarkHazleton\SampleMvcCRUD\Mwh.Sample.Repository\Mwh.Sample.Repository.csproj]
C:\GitHub\MarkHazleton\SampleMvcCRUD\Mwh.Sample.Repository\Services\EmployeeDatabaseService.cs(14,9): warning IDE0011: Add braces to 'if' statement. (https://learn.microsoft.com/dotnet/fundamentals/code-analysis/style-rules/ide0011) [C:\GitHub\MarkHazleton\SampleMvcCRUD\Mwh.Sample.Repository\Mwh.Sample.Repository.csproj]
C:\GitHub\MarkHazleton\SampleMvcCRUD\Mwh.Sample.Repository\Repository\EmployeeMock.cs(105,13): warning IDE0011: Add braces to 'if' statement. (https://learn.microsoft.com/dotnet/fundamentals/code-analysis/style-rules/ide0011) [C:\GitHub\MarkHazleton\SampleMvcCRUD\Mwh.Sample.Repository\Mwh.Sample.Repository.csproj]
C:\GitHub\MarkHazleton\SampleMvcCRUD\Mwh.Sample.Repository\Services\EmployeeDatabaseService.cs(34,9): warning IDE0011: Add braces to 'if' statement. (https://learn.microsoft.com/dotnet/fundamentals/code-analysis/style-rules/ide0011) [C:\GitHub\MarkHazleton\SampleMvcCRUD\Mwh.Sample.Repository\Mwh.Sample.Repository.csproj]
C:\GitHub\MarkHazleton\SampleMvcCRUD\Mwh.Sample.Repository\Services\EmployeeDatabaseService.cs(71,9): warning IDE0011: Add braces to 'if' statement. (https://learn.microsoft.com/dotnet/fundamentals/code-analysis/style-rules/ide0011) [C:\GitHub\MarkHazleton\SampleMvcCRUD\Mwh.Sample.Repository\Mwh.Sample.Repository.csproj]
C:\GitHub\MarkHazleton\SampleMvcCRUD\Mwh.Sample.Repository\Services\EmployeeDatabaseService.cs(95,9): warning IDE0011: Add braces to 'if' statement. (https://learn.microsoft.com/dotnet/fundamentals/code-analysis/style-rules/ide0011) [C:\GitHub\MarkHazleton\SampleMvcCRUD\Mwh.Sample.Repository\Mwh.Sample.Repository.csproj]
C:\GitHub\MarkHazleton\SampleMvcCRUD\Mwh.Sample.Repository\Services\EmployeeDatabaseService.cs(100,9): warning IDE0011: Add braces to 'if' statement. (https://learn.microsoft.com/dotnet/fundamentals/code-analysis/style-rules/ide0011) [C:\GitHub\MarkHazleton\SampleMvcCRUD\Mwh.Sample.Repository\Mwh.Sample.Repository.csproj]
C:\GitHub\MarkHazleton\SampleMvcCRUD\Mwh.Sample.Repository\Repository\EmployeeDB.cs(115,9): warning IDE0011: Add braces to 'if' statement. (https://learn.microsoft.com/dotnet/fundamentals/code-analysis/style-rules/ide0011) [C:\GitHub\MarkHazleton\SampleMvcCRUD\Mwh.Sample.Repository\Mwh.Sample.Repository.csproj]
C:\GitHub\MarkHazleton\SampleMvcCRUD\Mwh.Sample.Repository\Repository\EmployeeDB.cs(174,9): warning IDE0011: Add braces to 'if' statement. (https://learn.microsoft.com/dotnet/fundamentals/code-analysis/style-rules/ide0011) [C:\GitHub\MarkHazleton\SampleMvcCRUD\Mwh.Sample.Repository\Mwh.Sample.Repository.csproj]
C:\GitHub\MarkHazleton\SampleMvcCRUD\Mwh.Sample.Repository\Services\EmployeeDatabaseService.cs(141,9): warning IDE0011: Add braces to 'if' statement. (https://learn.microsoft.com/dotnet/fundamentals/code-analysis/style-rules/ide0011) [C:\GitHub\MarkHazleton\SampleMvcCRUD\Mwh.Sample.Repository\Mwh.Sample.Repository.csproj]
C:\GitHub\MarkHazleton\SampleMvcCRUD\Mwh.Sample.Repository\Services\EmployeeDatabaseService.cs(79,23): warning CA5394: Random is an insecure random number generator. Use cryptographically secure random number generators when randomness is required for security. (https://learn.microsoft.com/dotnet/fundamentals/code-analysis/quality-rules/ca5394) [C:\GitHub\MarkHazleton\SampleMvcCRUD\Mwh.Sample.Repository\Mwh.Sample.Repository.csproj]
C:\GitHub\MarkHazleton\SampleMvcCRUD\Mwh.Sample.Repository\Services\EmployeeDatabaseService.cs(81,32): warning CA5394: Random is an insecure random number generator. Use cryptographically secure random number generators when randomness is required for security. (https://learn.microsoft.com/dotnet/fundamentals/code-analysis/quality-rules/ca5394) [C:\GitHub\MarkHazleton\SampleMvcCRUD\Mwh.Sample.Repository\Mwh.Sample.Repository.csproj]
C:\GitHub\MarkHazleton\SampleMvcCRUD\Mwh.Sample.Repository\Services\EmployeeDatabaseService.cs(82,34): warning CA5394: Random is an insecure random number generator. Use cryptographically secure random number generators when randomness is required for security. (https://learn.microsoft.com/dotnet/fundamentals/code-analysis/quality-rules/ca5394) [C:\GitHub\MarkHazleton\SampleMvcCRUD\Mwh.Sample.Repository\Mwh.Sample.Repository.csproj]
C:\GitHub\MarkHazleton\SampleMvcCRUD\Mwh.Sample.Repository\Repository\EmployeeMock.cs(205,9): warning IDE0011: Add braces to 'if' statement. (https://learn.microsoft.com/dotnet/fundamentals/code-analysis/style-rules/ide0011) [C:\GitHub\MarkHazleton\SampleMvcCRUD\Mwh.Sample.Repository\Mwh.Sample.Repository.csproj]
C:\GitHub\MarkHazleton\SampleMvcCRUD\Mwh.Sample.Repository\Repository\EmployeeMock.cs(208,9): warning IDE0011: Add braces to 'if' statement. (https://learn.microsoft.com/dotnet/fundamentals/code-analysis/style-rules/ide0011) [C:\GitHub\MarkHazleton\SampleMvcCRUD\Mwh.Sample.Repository\Mwh.Sample.Repository.csproj]
C:\GitHub\MarkHazleton\SampleMvcCRUD\Mwh.Sample.Repository\Models\EmployeeContext.cs(24,9): warning CA1062: In externally visible method 'void EmployeeContext.OnModelCreating(ModelBuilder modelBuilder)', validate parameter 'modelBuilder' is non-null before using it. If appropriate, throw an 'ArgumentNullException' when the argument is 'null'. (https://learn.microsoft.com/dotnet/fundamentals/code-analysis/quality-rules/ca1062) [C:\GitHub\MarkHazleton\SampleMvcCRUD\Mwh.Sample.Repository\Mwh.Sample.Repository.csproj]
C:\GitHub\MarkHazleton\SampleMvcCRUD\Mwh.Sample.Repository\Services\EmployeeDatabaseService.cs(174,9): warning IDE0011: Add braces to 'if' statement. (https://learn.microsoft.com/dotnet/fundamentals/code-analysis/style-rules/ide0011) [C:\GitHub\MarkHazleton\SampleMvcCRUD\Mwh.Sample.Repository\Mwh.Sample.Repository.csproj]
C:\GitHub\MarkHazleton\SampleMvcCRUD\Mwh.Sample.Repository\Services\EmployeeDatabaseService.cs(182,9): warning IDE0011: Add braces to 'if' statement. (https://learn.microsoft.com/dotnet/fundamentals/code-analysis/style-rules/ide0011) [C:\GitHub\MarkHazleton\SampleMvcCRUD\Mwh.Sample.Repository\Mwh.Sample.Repository.csproj]
C:\GitHub\MarkHazleton\SampleMvcCRUD\Mwh.Sample.Repository\Services\EmployeeDatabaseService.cs(190,9): warning IDE0011: Add braces to 'if' statement. (https://learn.microsoft.com/dotnet/fundamentals/code-analysis/style-rules/ide0011) [C:\GitHub\MarkHazleton\SampleMvcCRUD\Mwh.Sample.Repository\Mwh.Sample.Repository.csproj]
C:\GitHub\MarkHazleton\SampleMvcCRUD\Mwh.Sample.Repository\Services\EmployeeDatabaseService.cs(193,9): warning IDE0011: Add braces to 'if' statement. (https://learn.microsoft.com/dotnet/fundamentals/code-analysis/style-rules/ide0011) [C:\GitHub\MarkHazleton\SampleMvcCRUD\Mwh.Sample.Repository\Mwh.Sample.Repository.csproj]
C:\GitHub\MarkHazleton\SampleMvcCRUD\Mwh.Sample.Repository\Services\EmployeeDatabaseService.cs(162,20): warning CA1062: In externally visible method 'Task<IEnumerable<EmployeeDto>> EmployeeDatabaseService.GetEmployeesAsync(PagingParameterModel paging, CancellationToken token)', validate parameter 'paging' is non-null before using it. If appropriate, throw an 'ArgumentNullException' when the argument is 'null'. (https://learn.microsoft.com/dotnet/fundamentals/code-analysis/quality-rules/ca1062) [C:\GitHub\MarkHazleton\SampleMvcCRUD\Mwh.Sample.Repository\Mwh.Sample.Repository.csproj]
C:\GitHub\MarkHazleton\SampleMvcCRUD\Mwh.Sample.Repository\Services\EmployeeDatabaseService.cs(219,9): warning IDE0011: Add braces to 'if' statement. (https://learn.microsoft.com/dotnet/fundamentals/code-analysis/style-rules/ide0011) [C:\GitHub\MarkHazleton\SampleMvcCRUD\Mwh.Sample.Repository\Mwh.Sample.Repository.csproj]
C:\GitHub\MarkHazleton\SampleMvcCRUD\Mwh.Sample.Repository\Services\EmployeeDatabaseService.cs(239,13): warning IDE0011: Add braces to 'if' statement. (https://learn.microsoft.com/dotnet/fundamentals/code-analysis/style-rules/ide0011) [C:\GitHub\MarkHazleton\SampleMvcCRUD\Mwh.Sample.Repository\Mwh.Sample.Repository.csproj]
C:\GitHub\MarkHazleton\SampleMvcCRUD\Mwh.Sample.Repository\Services\EmployeeDatabaseService.cs(306,9): warning IDE0011: Add braces to 'if' statement. (https://learn.microsoft.com/dotnet/fundamentals/code-analysis/style-rules/ide0011) [C:\GitHub\MarkHazleton\SampleMvcCRUD\Mwh.Sample.Repository\Mwh.Sample.Repository.csproj]
C:\GitHub\MarkHazleton\SampleMvcCRUD\Mwh.Sample.Repository\Services\EmployeeDatabaseService.cs(309,9): warning IDE0011: Add braces to 'if' statement. (https://learn.microsoft.com/dotnet/fundamentals/code-analysis/style-rules/ide0011) [C:\GitHub\MarkHazleton\SampleMvcCRUD\Mwh.Sample.Repository\Mwh.Sample.Repository.csproj]
C:\GitHub\MarkHazleton\SampleMvcCRUD\Mwh.Sample.Repository\Services\EmployeeDatabaseService.cs(312,9): warning IDE0011: Add braces to 'if' statement. (https://learn.microsoft.com/dotnet/fundamentals/code-analysis/style-rules/ide0011) [C:\GitHub\MarkHazleton\SampleMvcCRUD\Mwh.Sample.Repository\Mwh.Sample.Repository.csproj]
C:\GitHub\MarkHazleton\SampleMvcCRUD\Mwh.Sample.Repository\Services\EmployeeDatabaseService.cs(315,9): warning IDE0011: Add braces to 'if' statement. (https://learn.microsoft.com/dotnet/fundamentals/code-analysis/style-rules/ide0011) [C:\GitHub\MarkHazleton\SampleMvcCRUD\Mwh.Sample.Repository\Mwh.Sample.Repository.csproj]
C:\GitHub\MarkHazleton\SampleMvcCRUD\Mwh.Sample.Domain.Tests\Extensions\LogExtensionsTests.cs(32,33): warning CS8625: Cannot convert null literal to non-nullable reference type. [C:\GitHub\MarkHazleton\SampleMvcCRUD\Mwh.Sample.Domain.Tests\Mwh.Sample.Domain.Tests.csproj]
C:\GitHub\MarkHazleton\SampleMvcCRUD\Mwh.Sample.Domain.Tests\Extensions\EnumExtensionTests.cs(44,30): warning CS8604: Possible null reference argument for parameter 'e' in 'string EnumExtension.GetDescription(Enum e)'. [C:\GitHub\MarkHazleton\SampleMvcCRUD\Mwh.Sample.Domain.Tests\Mwh.Sample.Domain.Tests.csproj]
C:\GitHub\MarkHazleton\SampleMvcCRUD\Mwh.Sample.Domain.Tests\Extensions\LogExtensionsTests.cs(57,41): warning CS8600: Converting null literal or possible null value to non-nullable type. [C:\GitHub\MarkHazleton\SampleMvcCRUD\Mwh.Sample.Domain.Tests\Mwh.Sample.Domain.Tests.csproj]
C:\GitHub\MarkHazleton\SampleMvcCRUD\Mwh.Sample.Domain.Tests\Extensions\EnumExtensionTests.cs(67,25): warning CS8604: Possible null reference argument for parameter 'e' in 'string EnumExtension.GetDescription(Enum e)'. [C:\GitHub\MarkHazleton\SampleMvcCRUD\Mwh.Sample.Domain.Tests\Mwh.Sample.Domain.Tests.csproj]
C:\GitHub\MarkHazleton\SampleMvcCRUD\Mwh.Sample.Domain.Tests\Extensions\LogExtensionsTests.cs(83,41): warning CS8600: Converting null literal or possible null value to non-nullable type. [C:\GitHub\MarkHazleton\SampleMvcCRUD\Mwh.Sample.Domain.Tests\Mwh.Sample.Domain.Tests.csproj]
C:\GitHub\MarkHazleton\SampleMvcCRUD\Mwh.Sample.Domain.Tests\Extensions\EnumExtensionTests.cs(97,25): warning CS8604: Possible null reference argument for parameter 'e' in 'string EnumExtension.GetDisplayName(Enum e)'. [C:\GitHub\MarkHazleton\SampleMvcCRUD\Mwh.Sample.Domain.Tests\Mwh.Sample.Domain.Tests.csproj]
C:\GitHub\MarkHazleton\SampleMvcCRUD\Mwh.Sample.Domain.Tests\Extensions\PropertyBagTests.cs(110,107): warning SYSLIB0050: 'FormatterConverter' is obsolete: 'Formatter-based serialization is obsolete and should not be used.' (https://aka.ms/dotnet-warnings/SYSLIB0050) [C:\GitHub\MarkHazleton\SampleMvcCRUD\Mwh.Sample.Domain.Tests\Mwh.Sample.Domain.Tests.csproj]
C:\GitHub\MarkHazleton\SampleMvcCRUD\Mwh.Sample.Domain.Tests\Extensions\PropertyBagTests.cs(110,47): warning SYSLIB0050: 'SerializationInfo.SerializationInfo(Type, IFormatterConverter)' is obsolete: 'Formatter-based serialization is obsolete and should not be used.' (https://aka.ms/dotnet-warnings/SYSLIB0050) [C:\GitHub\MarkHazleton\SampleMvcCRUD\Mwh.Sample.Domain.Tests\Mwh.Sample.Domain.Tests.csproj]
C:\GitHub\MarkHazleton\SampleMvcCRUD\Mwh.Sample.Domain.Tests\Extensions\PropertyBagTests.cs(126,107): warning SYSLIB0050: 'FormatterConverter' is obsolete: 'Formatter-based serialization is obsolete and should not be used.' (https://aka.ms/dotnet-warnings/SYSLIB0050) [C:\GitHub\MarkHazleton\SampleMvcCRUD\Mwh.Sample.Domain.Tests\Mwh.Sample.Domain.Tests.csproj]
C:\GitHub\MarkHazleton\SampleMvcCRUD\Mwh.Sample.Domain.Tests\Extensions\PropertyBagTests.cs(126,47): warning SYSLIB0050: 'SerializationInfo.SerializationInfo(Type, IFormatterConverter)' is obsolete: 'Formatter-based serialization is obsolete and should not be used.' (https://aka.ms/dotnet-warnings/SYSLIB0050) [C:\GitHub\MarkHazleton\SampleMvcCRUD\Mwh.Sample.Domain.Tests\Mwh.Sample.Domain.Tests.csproj]
C:\GitHub\MarkHazleton\SampleMvcCRUD\Mwh.Sample.Domain.Tests\Extensions\EnumExtensionTests.cs(167,18): warning CS0219: The variable 'myTest' is assigned but its value is never used [C:\GitHub\MarkHazleton\SampleMvcCRUD\Mwh.Sample.Domain.Tests\Mwh.Sample.Domain.Tests.csproj]
C:\GitHub\MarkHazleton\SampleMvcCRUD\Mwh.Sample.Domain.Tests\Extensions\EnumExtensionTests.cs(182,18): warning CS0219: The variable 'myTest' is assigned but its value is never used [C:\GitHub\MarkHazleton\SampleMvcCRUD\Mwh.Sample.Domain.Tests\Mwh.Sample.Domain.Tests.csproj]
C:\GitHub\MarkHazleton\SampleMvcCRUD\Mwh.Sample.Domain.Tests\Extensions\EnumExtensionTests.cs(195,18): warning CS0219: The variable 'myTest' is assigned but its value is never used [C:\GitHub\MarkHazleton\SampleMvcCRUD\Mwh.Sample.Domain.Tests\Mwh.Sample.Domain.Tests.csproj]
C:\GitHub\MarkHazleton\SampleMvcCRUD\Mwh.Sample.Domain.Tests\Extensions\EnumExtensionTests.cs(210,18): warning CS0219: The variable 'myTest' is assigned but its value is never used [C:\GitHub\MarkHazleton\SampleMvcCRUD\Mwh.Sample.Domain.Tests\Mwh.Sample.Domain.Tests.csproj]
C:\GitHub\MarkHazleton\SampleMvcCRUD\Mwh.Sample.Domain.Tests\Models\EmployeeDtoTests.cs(316,33): warning CS8600: Converting null literal or possible null value to non-nullable type. [C:\GitHub\MarkHazleton\SampleMvcCRUD\Mwh.Sample.Domain.Tests\Mwh.Sample.Domain.Tests.csproj]
C:\GitHub\MarkHazleton\SampleMvcCRUD\Mwh.Sample.Domain.Tests\Models\EmployeeDtoTests.cs(317,33): warning CS8600: Converting null literal or possible null value to non-nullable type. [C:\GitHub\MarkHazleton\SampleMvcCRUD\Mwh.Sample.Domain.Tests\Mwh.Sample.Domain.Tests.csproj]
C:\GitHub\MarkHazleton\SampleMvcCRUD\Mwh.Sample.Domain.Tests\Models\EmployeeDtoTests.cs(328,33): warning CS8600: Converting null literal or possible null value to non-nullable type. [C:\GitHub\MarkHazleton\SampleMvcCRUD\Mwh.Sample.Domain.Tests\Mwh.Sample.Domain.Tests.csproj]
C:\GitHub\MarkHazleton\SampleMvcCRUD\Mwh.Sample.Domain.Tests\Models\EmployeeDtoTests.cs(340,33): warning CS8600: Converting null literal or possible null value to non-nullable type. [C:\GitHub\MarkHazleton\SampleMvcCRUD\Mwh.Sample.Domain.Tests\Mwh.Sample.Domain.Tests.csproj]
C:\GitHub\MarkHazleton\SampleMvcCRUD\Mwh.Sample.Domain.Tests\Models\EmployeeDtoTests.cs(353,33): warning CS8600: Converting null literal or possible null value to non-nullable type. [C:\GitHub\MarkHazleton\SampleMvcCRUD\Mwh.Sample.Domain.Tests\Mwh.Sample.Domain.Tests.csproj]
C:\GitHub\MarkHazleton\SampleMvcCRUD\Mwh.Sample.Domain.Tests\Extensions\EnumExtensionTests.cs(280,30): warning CS8604: Possible null reference argument for parameter 'e' in 'string EnumExtension.GetDisplayName(Enum e)'. [C:\GitHub\MarkHazleton\SampleMvcCRUD\Mwh.Sample.Domain.Tests\Mwh.Sample.Domain.Tests.csproj]
C:\GitHub\MarkHazleton\SampleMvcCRUD\Mwh.Sample.Domain.Tests\Extensions\TestEnum.cs(8,17): warning CA1515: Because an application's API isn't typically referenced from outside the assembly, types can be made internal (https://learn.microsoft.com/dotnet/fundamentals/code-analysis/quality-rules/ca1515) [C:\GitHub\MarkHazleton\SampleMvcCRUD\Mwh.Sample.Domain.Tests\Mwh.Sample.Domain.Tests.csproj]
C:\GitHub\MarkHazleton\SampleMvcCRUD\Mwh.Sample.Domain.Tests\Extensions\LogExtensionsTests.cs(158,14): warning CA1515: Because an application's API isn't typically referenced from outside the assembly, types can be made internal (https://learn.microsoft.com/dotnet/fundamentals/code-analysis/quality-rules/ca1515) [C:\GitHub\MarkHazleton\SampleMvcCRUD\Mwh.Sample.Domain.Tests\Mwh.Sample.Domain.Tests.csproj]
C:\GitHub\MarkHazleton\SampleMvcCRUD\Mwh.Sample.Domain.Tests\Extensions\TestEnum.cs(8,17): warning CA1711: Rename type name TestEnum so that it does not end in 'Enum' (https://learn.microsoft.com/dotnet/fundamentals/code-analysis/quality-rules/ca1711) [C:\GitHub\MarkHazleton\SampleMvcCRUD\Mwh.Sample.Domain.Tests\Mwh.Sample.Domain.Tests.csproj]
C:\GitHub\MarkHazleton\SampleMvcCRUD\Mwh.Sample.Domain.Tests\Models\BuildVersionTests.cs(5,14): warning CA1515: Because an application's API isn't typically referenced from outside the assembly, types can be made internal (https://learn.microsoft.com/dotnet/fundamentals/code-analysis/quality-rules/ca1515) [C:\GitHub\MarkHazleton\SampleMvcCRUD\Mwh.Sample.Domain.Tests\Mwh.Sample.Domain.Tests.csproj]
C:\GitHub\MarkHazleton\SampleMvcCRUD\Mwh.Sample.Domain.Tests\Extensions\LogExtensionsTests.cs(6,14): warning CA1515: Because an application's API isn't typically referenced from outside the assembly, types can be made internal (https://learn.microsoft.com/dotnet/fundamentals/code-analysis/quality-rules/ca1515) [C:\GitHub\MarkHazleton\SampleMvcCRUD\Mwh.Sample.Domain.Tests\Mwh.Sample.Domain.Tests.csproj]
C:\GitHub\MarkHazleton\SampleMvcCRUD\Mwh.Sample.Domain.Tests\Models\EmployeeListTests.cs(4,14): warning CA1515: Because an application's API isn't typically referenced from outside the assembly, types can be made internal (https://learn.microsoft.com/dotnet/fundamentals/code-analysis/quality-rules/ca1515) [C:\GitHub\MarkHazleton\SampleMvcCRUD\Mwh.Sample.Domain.Tests\Mwh.Sample.Domain.Tests.csproj]
C:\GitHub\MarkHazleton\SampleMvcCRUD\Mwh.Sample.Domain.Tests\Extensions\ImageExtensionsTests.cs(7,14): warning CA1515: Because an application's API isn't typically referenced from outside the assembly, types can be made internal (https://learn.microsoft.com/dotnet/fundamentals/code-analysis/quality-rules/ca1515) [C:\GitHub\MarkHazleton\SampleMvcCRUD\Mwh.Sample.Domain.Tests\Mwh.Sample.Domain.Tests.csproj]
C:\GitHub\MarkHazleton\SampleMvcCRUD\Mwh.Sample.Domain.Tests\Models\DepartmentResponseTests.cs(4,18): warning CA1515: Because an application's API isn't typically referenced from outside the assembly, types can be made internal (https://learn.microsoft.com/dotnet/fundamentals/code-analysis/quality-rules/ca1515) [C:\GitHub\MarkHazleton\SampleMvcCRUD\Mwh.Sample.Domain.Tests\Mwh.Sample.Domain.Tests.csproj]
C:\GitHub\MarkHazleton\SampleMvcCRUD\Mwh.Sample.Domain.Tests\Models\DepartmentDtoTests.cs(6,14): warning CA1515: Because an application's API isn't typically referenced from outside the assembly, types can be made internal (https://learn.microsoft.com/dotnet/fundamentals/code-analysis/quality-rules/ca1515) [C:\GitHub\MarkHazleton\SampleMvcCRUD\Mwh.Sample.Domain.Tests\Mwh.Sample.Domain.Tests.csproj]
C:\GitHub\MarkHazleton\SampleMvcCRUD\Mwh.Sample.Domain.Tests\Models\ApplicationStatusTests.cs(6,14): warning CA1515: Because an application's API isn't typically referenced from outside the assembly, types can be made internal (https://learn.microsoft.com/dotnet/fundamentals/code-analysis/quality-rules/ca1515) [C:\GitHub\MarkHazleton\SampleMvcCRUD\Mwh.Sample.Domain.Tests\Mwh.Sample.Domain.Tests.csproj]
C:\GitHub\MarkHazleton\SampleMvcCRUD\Mwh.Sample.Domain.Tests\Extensions\TreeNodeTests.cs(4,14): warning CA1515: Because an application's API isn't typically referenced from outside the assembly, types can be made internal (https://learn.microsoft.com/dotnet/fundamentals/code-analysis/quality-rules/ca1515) [C:\GitHub\MarkHazleton\SampleMvcCRUD\Mwh.Sample.Domain.Tests\Mwh.Sample.Domain.Tests.csproj]
C:\GitHub\MarkHazleton\SampleMvcCRUD\Mwh.Sample.Domain.Tests\Models\EmployeeResponseTests.cs(5,14): warning CA1515: Because an application's API isn't typically referenced from outside the assembly, types can be made internal (https://learn.microsoft.com/dotnet/fundamentals/code-analysis/quality-rules/ca1515) [C:\GitHub\MarkHazleton\SampleMvcCRUD\Mwh.Sample.Domain.Tests\Mwh.Sample.Domain.Tests.csproj]
C:\GitHub\MarkHazleton\SampleMvcCRUD\Mwh.Sample.Domain.Tests\Extensions\PropertyBagTests.cs(9,14): warning CA1515: Because an application's API isn't typically referenced from outside the assembly, types can be made internal (https://learn.microsoft.com/dotnet/fundamentals/code-analysis/quality-rules/ca1515) [C:\GitHub\MarkHazleton\SampleMvcCRUD\Mwh.Sample.Domain.Tests\Mwh.Sample.Domain.Tests.csproj]
C:\GitHub\MarkHazleton\SampleMvcCRUD\Mwh.Sample.Domain.Tests\Extensions\EnumExtensionTests.cs(7,14): warning CA1515: Because an application's API isn't typically referenced from outside the assembly, types can be made internal (https://learn.microsoft.com/dotnet/fundamentals/code-analysis/quality-rules/ca1515) [C:\GitHub\MarkHazleton\SampleMvcCRUD\Mwh.Sample.Domain.Tests\Mwh.Sample.Domain.Tests.csproj]
C:\GitHub\MarkHazleton\SampleMvcCRUD\Mwh.Sample.Domain.Tests\Extensions\EnumerableExtensionsTest.cs(6,14): warning CA1515: Because an application's API isn't typically referenced from outside the assembly, types can be made internal (https://learn.microsoft.com/dotnet/fundamentals/code-analysis/quality-rules/ca1515) [C:\GitHub\MarkHazleton\SampleMvcCRUD\Mwh.Sample.Domain.Tests\Mwh.Sample.Domain.Tests.csproj]
C:\GitHub\MarkHazleton\SampleMvcCRUD\Mwh.Sample.Domain.Tests\Models\EmployeeDtoTests.cs(7,14): warning CA1515: Because an application's API isn't typically referenced from outside the assembly, types can be made internal (https://learn.microsoft.com/dotnet/fundamentals/code-analysis/quality-rules/ca1515) [C:\GitHub\MarkHazleton\SampleMvcCRUD\Mwh.Sample.Domain.Tests\Mwh.Sample.Domain.Tests.csproj]
CSC : warning MSTEST0001: Explicitly enable or disable tests parallelization (https://learn.microsoft.com/dotnet/core/testing/mstest-analyzers/mstest0001) [C:\GitHub\MarkHazleton\SampleMvcCRUD\Mwh.Sample.Domain.Tests\Mwh.Sample.Domain.Tests.csproj]
C:\GitHub\MarkHazleton\SampleMvcCRUD\Mwh.Sample.Domain.Tests\Extensions\StringExtensionsTests.cs(9,14): warning CA1515: Because an application's API isn't typically referenced from outside the assembly, types can be made internal (https://learn.microsoft.com/dotnet/fundamentals/code-analysis/quality-rules/ca1515) [C:\GitHub\MarkHazleton\SampleMvcCRUD\Mwh.Sample.Domain.Tests\Mwh.Sample.Domain.Tests.csproj]
C:\GitHub\MarkHazleton\SampleMvcCRUD\Mwh.Sample.Domain.Tests\Extensions\EnumExtensionTests.cs(173,28): warning CA1851: Possible multiple enumerations of 'IEnumerable' collection. Consider using an implementation that avoids multiple enumerations. (https://learn.microsoft.com/dotnet/fundamentals/code-analysis/quality-rules/ca1851) [C:\GitHub\MarkHazleton\SampleMvcCRUD\Mwh.Sample.Domain.Tests\Mwh.Sample.Domain.Tests.csproj]
C:\GitHub\MarkHazleton\SampleMvcCRUD\Mwh.Sample.Domain.Tests\Extensions\EnumExtensionTests.cs(174,35): warning CA1851: Possible multiple enumerations of 'IEnumerable' collection. Consider using an implementation that avoids multiple enumerations. (https://learn.microsoft.com/dotnet/fundamentals/code-analysis/quality-rules/ca1851) [C:\GitHub\MarkHazleton\SampleMvcCRUD\Mwh.Sample.Domain.Tests\Mwh.Sample.Domain.Tests.csproj]
C:\GitHub\MarkHazleton\SampleMvcCRUD\Mwh.Sample.Domain.Tests\Extensions\EnumExtensionTests.cs(175,35): warning CA1851: Possible multiple enumerations of 'IEnumerable' collection. Consider using an implementation that avoids multiple enumerations. (https://learn.microsoft.com/dotnet/fundamentals/code-analysis/quality-rules/ca1851) [C:\GitHub\MarkHazleton\SampleMvcCRUD\Mwh.Sample.Domain.Tests\Mwh.Sample.Domain.Tests.csproj]
C:\GitHub\MarkHazleton\SampleMvcCRUD\Mwh.Sample.Repository.Tests\Repository\EmployeeMockTests.cs(261,13): warning CS8602: Dereference of a possibly null reference. [C:\GitHub\MarkHazleton\SampleMvcCRUD\Mwh.Sample.Repository.Tests\Mwh.Sample.Repository.Tests.csproj]
C:\GitHub\MarkHazleton\SampleMvcCRUD\Mwh.Sample.Repository.Tests\Repository\EmployeeMockTests.cs(267,71): warning CS8602: Dereference of a possibly null reference. [C:\GitHub\MarkHazleton\SampleMvcCRUD\Mwh.Sample.Repository.Tests\Mwh.Sample.Repository.Tests.csproj]
C:\GitHub\MarkHazleton\SampleMvcCRUD\Mwh.Sample.Repository.Tests\Repository\EmployeeDBTests.cs(150,60): warning CS8602: Dereference of a possibly null reference. [C:\GitHub\MarkHazleton\SampleMvcCRUD\Mwh.Sample.Repository.Tests\Mwh.Sample.Repository.Tests.csproj]
C:\GitHub\MarkHazleton\SampleMvcCRUD\Mwh.Sample.Repository.Tests\Services\EmployeeDatabaseServiceTests.cs(181,9): warning CS8602: Dereference of a possibly null reference. [C:\GitHub\MarkHazleton\SampleMvcCRUD\Mwh.Sample.Repository.Tests\Mwh.Sample.Repository.Tests.csproj]
C:\GitHub\MarkHazleton\SampleMvcCRUD\Mwh.Sample.Repository.Tests\Repository\EmployeeDBTests.cs(222,9): warning CS8602: Dereference of a possibly null reference. [C:\GitHub\MarkHazleton\SampleMvcCRUD\Mwh.Sample.Repository.Tests\Mwh.Sample.Repository.Tests.csproj]
C:\GitHub\MarkHazleton\SampleMvcCRUD\Mwh.Sample.Repository.Tests\Repository\EmployeeDBTests.cs(228,67): warning CS8602: Dereference of a possibly null reference. [C:\GitHub\MarkHazleton\SampleMvcCRUD\Mwh.Sample.Repository.Tests\Mwh.Sample.Repository.Tests.csproj]
C:\GitHub\MarkHazleton\SampleMvcCRUD\Mwh.Sample.Repository.Tests\Repository\EmployeeDBTests.cs(233,25): warning CS8602: Dereference of a possibly null reference. [C:\GitHub\MarkHazleton\SampleMvcCRUD\Mwh.Sample.Repository.Tests\Mwh.Sample.Repository.Tests.csproj]
C:\GitHub\MarkHazleton\SampleMvcCRUD\Mwh.Sample.Repository.Tests\Services\EmployeeDatabaseServiceTests.cs(245,20): warning CS8600: Converting null literal or possible null value to non-nullable type. [C:\GitHub\MarkHazleton\SampleMvcCRUD\Mwh.Sample.Repository.Tests\Mwh.Sample.Repository.Tests.csproj]
C:\GitHub\MarkHazleton\SampleMvcCRUD\Mwh.Sample.Repository.Tests\Services\EmployeeDatabaseServiceTests.cs(247,83): warning CS8602: Dereference of a possibly null reference. [C:\GitHub\MarkHazleton\SampleMvcCRUD\Mwh.Sample.Repository.Tests\Mwh.Sample.Repository.Tests.csproj]
C:\GitHub\MarkHazleton\SampleMvcCRUD\Mwh.Sample.Repository.Tests\Services\EmployeeDatabaseServiceTests.cs(250,20): warning CS8600: Converting null literal or possible null value to non-nullable type. [C:\GitHub\MarkHazleton\SampleMvcCRUD\Mwh.Sample.Repository.Tests\Mwh.Sample.Repository.Tests.csproj]
C:\GitHub\MarkHazleton\SampleMvcCRUD\Mwh.Sample.Repository.Tests\Services\EmployeeDatabaseServiceTests.cs(252,9): warning CS8602: Dereference of a possibly null reference. [C:\GitHub\MarkHazleton\SampleMvcCRUD\Mwh.Sample.Repository.Tests\Mwh.Sample.Repository.Tests.csproj]
C:\GitHub\MarkHazleton\SampleMvcCRUD\Mwh.Sample.Repository.Tests\Services\EmployeeDatabaseServiceTests.cs(257,20): warning CS8600: Converting null literal or possible null value to non-nullable type. [C:\GitHub\MarkHazleton\SampleMvcCRUD\Mwh.Sample.Repository.Tests\Mwh.Sample.Repository.Tests.csproj]
CSC : warning MSTEST0001: Explicitly enable or disable tests parallelization (https://learn.microsoft.com/dotnet/core/testing/mstest-analyzers/mstest0001) [C:\GitHub\MarkHazleton\SampleMvcCRUD\Mwh.Sample.Repository.Tests\Mwh.Sample.Repository.Tests.csproj]
C:\GitHub\MarkHazleton\SampleMvcCRUD\Mwh.Sample.Repository.Tests\Models\DepartmentTests.cs(6,18): warning CA1515: Because an application's API isn't typically referenced from outside the assembly, types can be made internal (https://learn.microsoft.com/dotnet/fundamentals/code-analysis/quality-rules/ca1515) [C:\GitHub\MarkHazleton\SampleMvcCRUD\Mwh.Sample.Repository.Tests\Mwh.Sample.Repository.Tests.csproj]
C:\GitHub\MarkHazleton\SampleMvcCRUD\Mwh.Sample.Repository.Tests\Models\EmployeeTests.cs(5,14): warning CA1515: Because an application's API isn't typically referenced from outside the assembly, types can be made internal (https://learn.microsoft.com/dotnet/fundamentals/code-analysis/quality-rules/ca1515) [C:\GitHub\MarkHazleton\SampleMvcCRUD\Mwh.Sample.Repository.Tests\Mwh.Sample.Repository.Tests.csproj]
C:\GitHub\MarkHazleton\SampleMvcCRUD\Mwh.Sample.Repository.Tests\Services\EmployeeDatabaseClientTests.cs(12,14): warning CA1515: Because an application's API isn't typically referenced from outside the assembly, types can be made internal (https://learn.microsoft.com/dotnet/fundamentals/code-analysis/quality-rules/ca1515) [C:\GitHub\MarkHazleton\SampleMvcCRUD\Mwh.Sample.Repository.Tests\Mwh.Sample.Repository.Tests.csproj]
C:\GitHub\MarkHazleton\SampleMvcCRUD\Mwh.Sample.Repository.Tests\Models\EmployeeContextTests.cs(9,14): warning CA1515: Because an application's API isn't typically referenced from outside the assembly, types can be made internal (https://learn.microsoft.com/dotnet/fundamentals/code-analysis/quality-rules/ca1515) [C:\GitHub\MarkHazleton\SampleMvcCRUD\Mwh.Sample.Repository.Tests\Mwh.Sample.Repository.Tests.csproj]
C:\GitHub\MarkHazleton\SampleMvcCRUD\Mwh.Sample.Repository.Tests\Repository\EmployeeDBTests.cs(9,14): warning CA1515: Because an application's API isn't typically referenced from outside the assembly, types can be made internal (https://learn.microsoft.com/dotnet/fundamentals/code-analysis/quality-rules/ca1515) [C:\GitHub\MarkHazleton\SampleMvcCRUD\Mwh.Sample.Repository.Tests\Mwh.Sample.Repository.Tests.csproj]
C:\GitHub\MarkHazleton\SampleMvcCRUD\Mwh.Sample.Repository.Tests\Repository\EmployeeMockTests.cs(8,18): warning CA1515: Because an application's API isn't typically referenced from outside the assembly, types can be made internal (https://learn.microsoft.com/dotnet/fundamentals/code-analysis/quality-rules/ca1515) [C:\GitHub\MarkHazleton\SampleMvcCRUD\Mwh.Sample.Repository.Tests\Mwh.Sample.Repository.Tests.csproj]
C:\GitHub\MarkHazleton\SampleMvcCRUD\Mwh.Sample.Repository.Tests\Services\EmployeeDatabaseServiceTests.cs(14,14): warning CA1515: Because an application's API isn't typically referenced from outside the assembly, types can be made internal (https://learn.microsoft.com/dotnet/fundamentals/code-analysis/quality-rules/ca1515) [C:\GitHub\MarkHazleton\SampleMvcCRUD\Mwh.Sample.Repository.Tests\Mwh.Sample.Repository.Tests.csproj]
C:\GitHub\MarkHazleton\SampleMvcCRUD\Mwh.Sample.Repository.Tests\Services\EmployeeDatabaseServiceTests.cs(231,23): warning CA1711: Either replace the suffix 'New' in member name SaveAsync_StateUnderTest_ValidNew with the suggested numeric alternate '2' or provide a more meaningful suffix that distinguishes it from the member it replaces (https://learn.microsoft.com/dotnet/fundamentals/code-analysis/quality-rules/ca1711) [C:\GitHub\MarkHazleton\SampleMvcCRUD\Mwh.Sample.Repository.Tests\Mwh.Sample.Repository.Tests.csproj]
C:\GitHub\MarkHazleton\SampleMvcCRUD\Mwh.Sample.Repository.Tests\Services\EmployeeDatabaseServiceTests.cs(17,39): warning CA1859: Change type of field 'employeeService' from 'Mwh.Sample.Domain.Interfaces.IEmployeeService' to 'Mwh.Sample.Repository.Services.EmployeeDatabaseService' for improved performance (https://learn.microsoft.com/dotnet/fundamentals/code-analysis/quality-rules/ca1859) [C:\GitHub\MarkHazleton\SampleMvcCRUD\Mwh.Sample.Repository.Tests\Mwh.Sample.Repository.Tests.csproj]
C:\GitHub\MarkHazleton\SampleMvcCRUD\Mwh.Sample.Console\Program.cs(36,5): warning CA1849: 'EmployeeMock.DepartmentCollection()' synchronously blocks. Await 'EmployeeMock.DepartmentCollectionAsync()' instead. (https://learn.microsoft.com/dotnet/fundamentals/code-analysis/quality-rules/ca1849) [C:\GitHub\MarkHazleton\SampleMvcCRUD\Mwh.Sample.Console\Mwh.Sample.Console.csproj]
C:\GitHub\MarkHazleton\SampleMvcCRUD\Mwh.Sample.Console\Program.cs(44,5): warning CA1849: 'EmployeeMock.EmployeeCollection()' synchronously blocks. Await 'EmployeeMock.EmployeeCollectionAsync()' instead. (https://learn.microsoft.com/dotnet/fundamentals/code-analysis/quality-rules/ca1849) [C:\GitHub\MarkHazleton\SampleMvcCRUD\Mwh.Sample.Console\Mwh.Sample.Console.csproj]
C:\GitHub\MarkHazleton\SampleMvcCRUD\Mwh.Sample.Web\Controllers\EmployeeController.cs(47,13): warning CS8604: Possible null reference argument for parameter 'left' in 'bool EmployeeDto.operator !=(EmployeeDto left, EmployeeDto right)'. [C:\GitHub\MarkHazleton\SampleMvcCRUD\Mwh.Sample.Web\Mwh.Sample.Web.csproj]
C:\GitHub\MarkHazleton\SampleMvcCRUD\Mwh.Sample.Web\Controllers\EmployeeController.cs(47,25): warning CS8625: Cannot convert null literal to non-nullable reference type. [C:\GitHub\MarkHazleton\SampleMvcCRUD\Mwh.Sample.Web\Mwh.Sample.Web.csproj]
C:\GitHub\MarkHazleton\SampleMvcCRUD\Mwh.Sample.Web\Controllers\EmployeeController.cs(94,13): warning CS8604: Possible null reference argument for parameter 'left' in 'bool EmployeeDto.operator !=(EmployeeDto left, EmployeeDto right)'. [C:\GitHub\MarkHazleton\SampleMvcCRUD\Mwh.Sample.Web\Mwh.Sample.Web.csproj]
C:\GitHub\MarkHazleton\SampleMvcCRUD\Mwh.Sample.Web\Controllers\EmployeeController.cs(94,25): warning CS8625: Cannot convert null literal to non-nullable reference type. [C:\GitHub\MarkHazleton\SampleMvcCRUD\Mwh.Sample.Web\Mwh.Sample.Web.csproj]
C:\GitHub\MarkHazleton\SampleMvcCRUD\Mwh.Sample.Web\Pages\EmployeeRazor\Edit.cshtml.cs(22,16): warning CS8618: Non-nullable property 'Genders' must contain a non-null value when exiting constructor. Consider adding the 'required' modifier or declaring the property as nullable. [C:\GitHub\MarkHazleton\SampleMvcCRUD\Mwh.Sample.Web\Mwh.Sample.Web.csproj]
C:\GitHub\MarkHazleton\SampleMvcCRUD\Mwh.Sample.Web\Extensions\ConfigurationExtensions.cs(121,23): warning CS8604: Possible null reference argument for parameter 'Value' in 'int ConfigurationExtensions.GetInt(string Value, string? defaultValue = null)'. [C:\GitHub\MarkHazleton\SampleMvcCRUD\Mwh.Sample.Web\Mwh.Sample.Web.csproj]
C:\GitHub\MarkHazleton\SampleMvcCRUD\Mwh.Sample.Web\Controllers\MvcEmployeeController.cs(77,25): warning CS8625: Cannot convert null literal to non-nullable reference type. [C:\GitHub\MarkHazleton\SampleMvcCRUD\Mwh.Sample.Web\Mwh.Sample.Web.csproj]
C:\GitHub\MarkHazleton\SampleMvcCRUD\Mwh.Sample.Web\Controllers\MvcEmployeeController.cs(131,83): warning CS8604: Possible null reference argument for parameter 'EmployeeId' in 'string? BaseController.UploadedFile(IFormFile? ProfileImage, string EmployeeId)'. [C:\GitHub\MarkHazleton\SampleMvcCRUD\Mwh.Sample.Web\Mwh.Sample.Web.csproj]
C:\GitHub\MarkHazleton\SampleMvcCRUD\Mwh.Sample.Web\Controllers\MvcEmployeeController.cs(134,25): warning CS8625: Cannot convert null literal to non-nullable reference type. [C:\GitHub\MarkHazleton\SampleMvcCRUD\Mwh.Sample.Web\Mwh.Sample.Web.csproj]
C:\GitHub\MarkHazleton\SampleMvcCRUD\Mwh.Sample.Web\Extensions\ConfigurationExtensions.cs(133,27): warning CS8604: Possible null reference argument for parameter 'Value' in 'int[] ConfigurationExtensions.GetIntList(string Value, string? defaultValue = null)'. [C:\GitHub\MarkHazleton\SampleMvcCRUD\Mwh.Sample.Web\Mwh.Sample.Web.csproj]
C:\GitHub\MarkHazleton\SampleMvcCRUD\Mwh.Sample.Web\Extensions\ConfigurationExtensions.cs(145,26): warning CS8604: Possible null reference argument for parameter 'Value' in 'string ConfigurationExtensions.GetString(string Value, string? defaultValue = null)'. [C:\GitHub\MarkHazleton\SampleMvcCRUD\Mwh.Sample.Web\Mwh.Sample.Web.csproj]
C:\GitHub\MarkHazleton\SampleMvcCRUD\Mwh.Sample.Web\Extensions\ConfigurationExtensions.cs(157,30): warning CS8604: Possible null reference argument for parameter 'Value' in 'string[] ConfigurationExtensions.GetStringList(string Value, string? defaultValue = null)'. [C:\GitHub\MarkHazleton\SampleMvcCRUD\Mwh.Sample.Web\Mwh.Sample.Web.csproj]
C:\GitHub\MarkHazleton\SampleMvcCRUD\Mwh.Sample.Web\Pages\EmployeeRazor\Index.cshtml(26,59): warning CS8602: Dereference of a possibly null reference. [C:\GitHub\MarkHazleton\SampleMvcCRUD\Mwh.Sample.Web\Mwh.Sample.Web.csproj]
C:\GitHub\MarkHazleton\SampleMvcCRUD\Mwh.Sample.Web\Pages\EmployeeRazor\Index.cshtml(42,63): warning CS8602: Dereference of a possibly null reference. [C:\GitHub\MarkHazleton\SampleMvcCRUD\Mwh.Sample.Web\Mwh.Sample.Web.csproj]
C:\GitHub\MarkHazleton\SampleMvcCRUD\Mwh.Sample.Web\Pages\EmployeeRazor\Delete.cshtml(29,79): warning CS8602: Dereference of a possibly null reference. [C:\GitHub\MarkHazleton\SampleMvcCRUD\Mwh.Sample.Web\Mwh.Sample.Web.csproj]
C:\GitHub\MarkHazleton\SampleMvcCRUD\Mwh.Sample.Web\Pages\EmployeeRazor\Delete.cshtml(30,64): warning CS8602: Dereference of a possibly null reference. [C:\GitHub\MarkHazleton\SampleMvcCRUD\Mwh.Sample.Web\Mwh.Sample.Web.csproj]
C:\GitHub\MarkHazleton\SampleMvcCRUD\Mwh.Sample.Web\Program.cs(73,1): warning CS0618: 'ApplicationInsightsExtensions.AddApplicationInsightsTelemetry(IServiceCollection, string)' is obsolete: 'InstrumentationKey based global ingestion is being deprecated. Use the AddApplicationInsightsTelemetry() overload which accepts Action<ApplicationInsightsServiceOptions> and set ApplicationInsightsServiceOptions.ConnectionString. See https://github.com/microsoft/ApplicationInsights-dotnet/issues/2560 for more details.' [C:\GitHub\MarkHazleton\SampleMvcCRUD\Mwh.Sample.Web\Mwh.Sample.Web.csproj]
C:\GitHub\MarkHazleton\SampleMvcCRUD\Mwh.Sample.Web\Models\KeyVaultOptions.cs(15,20): warning CA1056: Change the type of property 'KeyVaultOptions.KeyVaultUri' from 'string' to 'System.Uri' (https://learn.microsoft.com/dotnet/fundamentals/code-analysis/quality-rules/ca1056) [C:\GitHub\MarkHazleton\SampleMvcCRUD\Mwh.Sample.Web\Mwh.Sample.Web.csproj]
C:\GitHub\MarkHazleton\SampleMvcCRUD\Mwh.Sample.Web\Extensions\MyHttpContext.cs(18,26): warning CA1056: Change the type of property 'MyHttpContext.AppBaseUrl' from 'string' to 'System.Uri' (https://learn.microsoft.com/dotnet/fundamentals/code-analysis/quality-rules/ca1056) [C:\GitHub\MarkHazleton\SampleMvcCRUD\Mwh.Sample.Web\Mwh.Sample.Web.csproj]
C:\GitHub\MarkHazleton\SampleMvcCRUD\Mwh.Sample.Web\Extensions\MyHttpContext.cs(6,21): warning CA1515: Because an application's API isn't typically referenced from outside the assembly, types can be made internal (https://learn.microsoft.com/dotnet/fundamentals/code-analysis/quality-rules/ca1515) [C:\GitHub\MarkHazleton\SampleMvcCRUD\Mwh.Sample.Web\Mwh.Sample.Web.csproj]
C:\GitHub\MarkHazleton\SampleMvcCRUD\Mwh.Sample.Web\Models\KeyVaultUsage.cs(5,13): warning CA1515: Because an application's API isn't typically referenced from outside the assembly, types can be made internal (https://learn.microsoft.com/dotnet/fundamentals/code-analysis/quality-rules/ca1515) [C:\GitHub\MarkHazleton\SampleMvcCRUD\Mwh.Sample.Web\Mwh.Sample.Web.csproj]
C:\GitHub\MarkHazleton\SampleMvcCRUD\Mwh.Sample.Web\Extensions\HttpContextExtensions.cs(6,21): warning CA1515: Because an application's API isn't typically referenced from outside the assembly, types can be made internal (https://learn.microsoft.com/dotnet/fundamentals/code-analysis/quality-rules/ca1515) [C:\GitHub\MarkHazleton\SampleMvcCRUD\Mwh.Sample.Web\Mwh.Sample.Web.csproj]
C:\GitHub\MarkHazleton\SampleMvcCRUD\Mwh.Sample.Web\Helpers\SeedDatabase.cs(8,21): warning CA1515: Because an application's API isn't typically referenced from outside the assembly, types can be made internal (https://learn.microsoft.com/dotnet/fundamentals/code-analysis/quality-rules/ca1515) [C:\GitHub\MarkHazleton\SampleMvcCRUD\Mwh.Sample.Web\Mwh.Sample.Web.csproj]
C:\GitHub\MarkHazleton\SampleMvcCRUD\Mwh.Sample.Web\Extensions\ConfigurationExtensions.cs(6,21): warning CA1515: Because an application's API isn't typically referenced from outside the assembly, types can be made internal (https://learn.microsoft.com/dotnet/fundamentals/code-analysis/quality-rules/ca1515) [C:\GitHub\MarkHazleton\SampleMvcCRUD\Mwh.Sample.Web\Mwh.Sample.Web.csproj]
C:\GitHub\MarkHazleton\SampleMvcCRUD\Mwh.Sample.Web\Helpers\BreadcrumbHelper.cs(9,21): warning CA1515: Because an application's API isn't typically referenced from outside the assembly, types can be made internal (https://learn.microsoft.com/dotnet/fundamentals/code-analysis/quality-rules/ca1515) [C:\GitHub\MarkHazleton\SampleMvcCRUD\Mwh.Sample.Web\Mwh.Sample.Web.csproj]
C:\GitHub\MarkHazleton\SampleMvcCRUD\Mwh.Sample.Web\Helpers\StructuredDataHelper.cs(9,21): warning CA1515: Because an application's API isn't typically referenced from outside the assembly, types can be made internal (https://learn.microsoft.com/dotnet/fundamentals/code-analysis/quality-rules/ca1515) [C:\GitHub\MarkHazleton\SampleMvcCRUD\Mwh.Sample.Web\Mwh.Sample.Web.csproj]
C:\GitHub\MarkHazleton\SampleMvcCRUD\Mwh.Sample.Web\Controllers\BaseController.cs(18,45): warning CA1051: Do not declare visible instance fields (https://learn.microsoft.com/dotnet/fundamentals/code-analysis/quality-rules/ca1051) [C:\GitHub\MarkHazleton\SampleMvcCRUD\Mwh.Sample.Web\Mwh.Sample.Web.csproj]
C:\GitHub\MarkHazleton\SampleMvcCRUD\Mwh.Sample.Web\Models\KeyVaultOptions.cs(5,14): warning CA1515: Because an application's API isn't typically referenced from outside the assembly, types can be made internal (https://learn.microsoft.com/dotnet/fundamentals/code-analysis/quality-rules/ca1515) [C:\GitHub\MarkHazleton\SampleMvcCRUD\Mwh.Sample.Web\Mwh.Sample.Web.csproj]
C:\GitHub\MarkHazleton\SampleMvcCRUD\Mwh.Sample.Web\Controllers\Api\ErrorResource.cs(6,14): warning CA1515: Because an application's API isn't typically referenced from outside the assembly, types can be made internal (https://learn.microsoft.com/dotnet/fundamentals/code-analysis/quality-rules/ca1515) [C:\GitHub\MarkHazleton\SampleMvcCRUD\Mwh.Sample.Web\Mwh.Sample.Web.csproj]
C:\GitHub\MarkHazleton\SampleMvcCRUD\Mwh.Sample.Web\Controllers\EmployeeSinglePageController.cs(12,18): warning CA1515: Because an application's API isn't typically referenced from outside the assembly, types can be made internal (https://learn.microsoft.com/dotnet/fundamentals/code-analysis/quality-rules/ca1515) [C:\GitHub\MarkHazleton\SampleMvcCRUD\Mwh.Sample.Web\Mwh.Sample.Web.csproj]
C:\GitHub\MarkHazleton\SampleMvcCRUD\Mwh.Sample.Web\Models\ErrorViewModel.cs(5,14): warning CA1515: Because an application's API isn't typically referenced from outside the assembly, types can be made internal (https://learn.microsoft.com/dotnet/fundamentals/code-analysis/quality-rules/ca1515) [C:\GitHub\MarkHazleton\SampleMvcCRUD\Mwh.Sample.Web\Mwh.Sample.Web.csproj]
C:\GitHub\MarkHazleton\SampleMvcCRUD\Mwh.Sample.Web\Controllers\EmployeePivotController.cs(6,18): warning CA1515: Because an application's API isn't typically referenced from outside the assembly, types can be made internal (https://learn.microsoft.com/dotnet/fundamentals/code-analysis/quality-rules/ca1515) [C:\GitHub\MarkHazleton\SampleMvcCRUD\Mwh.Sample.Web\Mwh.Sample.Web.csproj]
C:\GitHub\MarkHazleton\SampleMvcCRUD\Mwh.Sample.Web\Controllers\HomeController.cs(7,14): warning CA1515: Because an application's API isn't typically referenced from outside the assembly, types can be made internal (https://learn.microsoft.com/dotnet/fundamentals/code-analysis/quality-rules/ca1515) [C:\GitHub\MarkHazleton\SampleMvcCRUD\Mwh.Sample.Web\Mwh.Sample.Web.csproj]
C:\GitHub\MarkHazleton\SampleMvcCRUD\Mwh.Sample.Web\Pages\EmployeeRazor\Create.cshtml.cs(11,18): warning CA1515: Because an application's API isn't typically referenced from outside the assembly, types can be made internal (https://learn.microsoft.com/dotnet/fundamentals/code-analysis/quality-rules/ca1515) [C:\GitHub\MarkHazleton\SampleMvcCRUD\Mwh.Sample.Web\Mwh.Sample.Web.csproj]
C:\GitHub\MarkHazleton\SampleMvcCRUD\Mwh.Sample.Web\Pages\EmployeeRazor\Delete.cshtml.cs(10,18): warning CA1515: Because an application's API isn't typically referenced from outside the assembly, types can be made internal (https://learn.microsoft.com/dotnet/fundamentals/code-analysis/quality-rules/ca1515) [C:\GitHub\MarkHazleton\SampleMvcCRUD\Mwh.Sample.Web\Mwh.Sample.Web.csproj]
C:\GitHub\MarkHazleton\SampleMvcCRUD\Mwh.Sample.Web\Controllers\MvcEmployeeController.cs(6,14): warning CA1515: Because an application's API isn't typically referenced from outside the assembly, types can be made internal (https://learn.microsoft.com/dotnet/fundamentals/code-analysis/quality-rules/ca1515) [C:\GitHub\MarkHazleton\SampleMvcCRUD\Mwh.Sample.Web\Mwh.Sample.Web.csproj]
C:\GitHub\MarkHazleton\SampleMvcCRUD\Mwh.Sample.Web\Controllers\EmployeeController.cs(7,14): warning CA1515: Because an application's API isn't typically referenced from outside the assembly, types can be made internal (https://learn.microsoft.com/dotnet/fundamentals/code-analysis/quality-rules/ca1515) [C:\GitHub\MarkHazleton\SampleMvcCRUD\Mwh.Sample.Web\Mwh.Sample.Web.csproj]
C:\GitHub\MarkHazleton\SampleMvcCRUD\Mwh.Sample.Web\Pages\EmployeeRazor\Edit.cshtml.cs(9,18): warning CA1515: Because an application's API isn't typically referenced from outside the assembly, types can be made internal (https://learn.microsoft.com/dotnet/fundamentals/code-analysis/quality-rules/ca1515) [C:\GitHub\MarkHazleton\SampleMvcCRUD\Mwh.Sample.Web\Mwh.Sample.Web.csproj]
C:\GitHub\MarkHazleton\SampleMvcCRUD\Mwh.Sample.Web\Pages\EmployeeRazor\Details.cshtml.cs(10,18): warning CA1515: Because an application's API isn't typically referenced from outside the assembly, types can be made internal (https://learn.microsoft.com/dotnet/fundamentals/code-analysis/quality-rules/ca1515) [C:\GitHub\MarkHazleton\SampleMvcCRUD\Mwh.Sample.Web\Mwh.Sample.Web.csproj]
C:\GitHub\MarkHazleton\SampleMvcCRUD\Mwh.Sample.Web\Pages\EmployeeRazor\Index.cshtml.cs(8,18): warning CA1515: Because an application's API isn't typically referenced from outside the assembly, types can be made internal (https://learn.microsoft.com/dotnet/fundamentals/code-analysis/quality-rules/ca1515) [C:\GitHub\MarkHazleton\SampleMvcCRUD\Mwh.Sample.Web\Mwh.Sample.Web.csproj]
C:\GitHub\MarkHazleton\SampleMvcCRUD\Mwh.Sample.Web\Pages\EmployeeRazor\Index.cshtml.cs(24,32): warning CA2227: Change 'Employee' to be read-only by removing the property setter (https://learn.microsoft.com/dotnet/fundamentals/code-analysis/quality-rules/ca2227) [C:\GitHub\MarkHazleton\SampleMvcCRUD\Mwh.Sample.Web\Mwh.Sample.Web.csproj]
C:\GitHub\MarkHazleton\SampleMvcCRUD\Mwh.Sample.Web\Controllers\BaseController.cs(11,23): warning CA1515: Because an application's API isn't typically referenced from outside the assembly, types can be made internal (https://learn.microsoft.com/dotnet/fundamentals/code-analysis/quality-rules/ca1515) [C:\GitHub\MarkHazleton\SampleMvcCRUD\Mwh.Sample.Web\Mwh.Sample.Web.csproj]
C:\GitHub\MarkHazleton\SampleMvcCRUD\Mwh.Sample.Web\Controllers\Api\BaseApiController.cs(9,23): warning CA1515: Because an application's API isn't typically referenced from outside the assembly, types can be made internal (https://learn.microsoft.com/dotnet/fundamentals/code-analysis/quality-rules/ca1515) [C:\GitHub\MarkHazleton\SampleMvcCRUD\Mwh.Sample.Web\Mwh.Sample.Web.csproj]
C:\GitHub\MarkHazleton\SampleMvcCRUD\Mwh.Sample.Web\Controllers\Api\Employee\v1\DepartmentApiController.cs(8,18): warning CA1515: Because an application's API isn't typically referenced from outside the assembly, types can be made internal (https://learn.microsoft.com/dotnet/fundamentals/code-analysis/quality-rules/ca1515) [C:\GitHub\MarkHazleton\SampleMvcCRUD\Mwh.Sample.Web\Mwh.Sample.Web.csproj]
C:\GitHub\MarkHazleton\SampleMvcCRUD\Mwh.Sample.Web\Controllers\Api\StatusController.cs(9,14): warning CA1515: Because an application's API isn't typically referenced from outside the assembly, types can be made internal (https://learn.microsoft.com/dotnet/fundamentals/code-analysis/quality-rules/ca1515) [C:\GitHub\MarkHazleton\SampleMvcCRUD\Mwh.Sample.Web\Mwh.Sample.Web.csproj]
C:\GitHub\MarkHazleton\SampleMvcCRUD\Mwh.Sample.Web\Pages\Error.cshtml.cs(10,18): warning CA1515: Because an application's API isn't typically referenced from outside the assembly, types can be made internal (https://learn.microsoft.com/dotnet/fundamentals/code-analysis/quality-rules/ca1515) [C:\GitHub\MarkHazleton\SampleMvcCRUD\Mwh.Sample.Web\Mwh.Sample.Web.csproj]
C:\GitHub\MarkHazleton\SampleMvcCRUD\Mwh.Sample.Web\Controllers\Api\Employee\v1\EmployeeApiController.cs(8,14): warning CA1515: Because an application's API isn't typically referenced from outside the assembly, types can be made internal (https://learn.microsoft.com/dotnet/fundamentals/code-analysis/quality-rules/ca1515) [C:\GitHub\MarkHazleton\SampleMvcCRUD\Mwh.Sample.Web\Mwh.Sample.Web.csproj]
C:\GitHub\MarkHazleton\SampleMvcCRUD\Mwh.Sample.Web\Controllers\Api\StatusController.cs(65,18): warning CA1515: Because an application's API isn't typically referenced from outside the assembly, types can be made internal (https://learn.microsoft.com/dotnet/fundamentals/code-analysis/quality-rules/ca1515) [C:\GitHub\MarkHazleton\SampleMvcCRUD\Mwh.Sample.Web\Mwh.Sample.Web.csproj]
C:\GitHub\MarkHazleton\SampleMvcCRUD\Mwh.Sample.Web\Controllers\Api\StatusController.cs(65,18): warning CA1034: Do not nest type ApiExplorerModel. Alternatively, change its accessibility so that it is not externally visible. (https://learn.microsoft.com/dotnet/fundamentals/code-analysis/quality-rules/ca1034) [C:\GitHub\MarkHazleton\SampleMvcCRUD\Mwh.Sample.Web\Mwh.Sample.Web.csproj]
C:\GitHub\MarkHazleton\SampleMvcCRUD\Mwh.Sample.Web\Controllers\Api\StatusController.cs(88,18): warning CA1515: Because an application's API isn't typically referenced from outside the assembly, types can be made internal (https://learn.microsoft.com/dotnet/fundamentals/code-analysis/quality-rules/ca1515) [C:\GitHub\MarkHazleton\SampleMvcCRUD\Mwh.Sample.Web\Mwh.Sample.Web.csproj]
C:\GitHub\MarkHazleton\SampleMvcCRUD\Mwh.Sample.Web\Controllers\Api\StatusController.cs(88,18): warning CA1034: Do not nest type ApiDescriptionModel. Alternatively, change its accessibility so that it is not externally visible. (https://learn.microsoft.com/dotnet/fundamentals/code-analysis/quality-rules/ca1034) [C:\GitHub\MarkHazleton\SampleMvcCRUD\Mwh.Sample.Web\Mwh.Sample.Web.csproj]
C:\GitHub\MarkHazleton\SampleMvcCRUD\Mwh.Sample.Web\Controllers\Api\StatusController.cs(79,42): warning CA2227: Change 'GroupItems' to be read-only by removing the property setter (https://learn.microsoft.com/dotnet/fundamentals/code-analysis/quality-rules/ca2227) [C:\GitHub\MarkHazleton\SampleMvcCRUD\Mwh.Sample.Web\Mwh.Sample.Web.csproj]
C:\GitHub\MarkHazleton\SampleMvcCRUD\Mwh.Sample.Web\Controllers\SitemapController.cs(12,14): warning CA1515: Because an application's API isn't typically referenced from outside the assembly, types can be made internal (https://learn.microsoft.com/dotnet/fundamentals/code-analysis/quality-rules/ca1515) [C:\GitHub\MarkHazleton\SampleMvcCRUD\Mwh.Sample.Web\Mwh.Sample.Web.csproj]
C:\GitHub\MarkHazleton\SampleMvcCRUD\Mwh.Sample.Web\Controllers\EmployeeController.cs(47,9): warning IDE0011: Add braces to 'if' statement. (https://learn.microsoft.com/dotnet/fundamentals/code-analysis/style-rules/ide0011) [C:\GitHub\MarkHazleton\SampleMvcCRUD\Mwh.Sample.Web\Mwh.Sample.Web.csproj]
C:\GitHub\MarkHazleton\SampleMvcCRUD\Mwh.Sample.Web\Controllers\EmployeeController.cs(76,9): warning IDE0011: Add braces to 'if' statement. (https://learn.microsoft.com/dotnet/fundamentals/code-analysis/style-rules/ide0011) [C:\GitHub\MarkHazleton\SampleMvcCRUD\Mwh.Sample.Web\Mwh.Sample.Web.csproj]
C:\GitHub\MarkHazleton\SampleMvcCRUD\Mwh.Sample.Web\Helpers\StructuredDataHelper.cs(41,55): warning CA1869: Avoid creating a new 'JsonSerializerOptions' instance for every serialization operation. Cache and reuse instances instead. (https://learn.microsoft.com/dotnet/fundamentals/code-analysis/quality-rules/ca1869) [C:\GitHub\MarkHazleton\SampleMvcCRUD\Mwh.Sample.Web\Mwh.Sample.Web.csproj]
C:\GitHub\MarkHazleton\SampleMvcCRUD\Mwh.Sample.Web\Controllers\EmployeeController.cs(94,9): warning IDE0011: Add braces to 'if' statement. (https://learn.microsoft.com/dotnet/fundamentals/code-analysis/style-rules/ide0011) [C:\GitHub\MarkHazleton\SampleMvcCRUD\Mwh.Sample.Web\Mwh.Sample.Web.csproj]
C:\GitHub\MarkHazleton\SampleMvcCRUD\Mwh.Sample.Web\Helpers\StructuredDataHelper.cs(68,50): warning CA1869: Avoid creating a new 'JsonSerializerOptions' instance for every serialization operation. Cache and reuse instances instead. (https://learn.microsoft.com/dotnet/fundamentals/code-analysis/quality-rules/ca1869) [C:\GitHub\MarkHazleton\SampleMvcCRUD\Mwh.Sample.Web\Mwh.Sample.Web.csproj]
C:\GitHub\MarkHazleton\SampleMvcCRUD\Mwh.Sample.Web\Controllers\Api\Employee\v1\EmployeeApiController.cs(95,9): warning IDE0011: Add braces to 'if' statement. (https://learn.microsoft.com/dotnet/fundamentals/code-analysis/style-rules/ide0011) [C:\GitHub\MarkHazleton\SampleMvcCRUD\Mwh.Sample.Web\Mwh.Sample.Web.csproj]
C:\GitHub\MarkHazleton\SampleMvcCRUD\Mwh.Sample.Web\Helpers\StructuredDataHelper.cs(112,49): warning CA1869: Avoid creating a new 'JsonSerializerOptions' instance for every serialization operation. Cache and reuse instances instead. (https://learn.microsoft.com/dotnet/fundamentals/code-analysis/quality-rules/ca1869) [C:\GitHub\MarkHazleton\SampleMvcCRUD\Mwh.Sample.Web\Mwh.Sample.Web.csproj]
C:\GitHub\MarkHazleton\SampleMvcCRUD\Mwh.Sample.Web\Controllers\EmployeeSinglePageController.cs(36,13): warning CA1848: For improved performance, use the LoggerMessage delegates instead of calling 'LoggerExtensions.LogInformation(ILogger, string?, params object?[])' (https://learn.microsoft.com/dotnet/fundamentals/code-analysis/quality-rules/ca1848) [C:\GitHub\MarkHazleton\SampleMvcCRUD\Mwh.Sample.Web\Mwh.Sample.Web.csproj]
C:\GitHub\MarkHazleton\SampleMvcCRUD\Mwh.Sample.Web\Controllers\SitemapController.cs(49,13): warning CA1848: For improved performance, use the LoggerMessage delegates instead of calling 'LoggerExtensions.LogError(ILogger, Exception?, string?, params object?[])' (https://learn.microsoft.com/dotnet/fundamentals/code-analysis/quality-rules/ca1848) [C:\GitHub\MarkHazleton\SampleMvcCRUD\Mwh.Sample.Web\Mwh.Sample.Web.csproj]
C:\GitHub\MarkHazleton\SampleMvcCRUD\Mwh.Sample.Web\Controllers\Api\Employee\v1\EmployeeApiController.cs(105,16): warning CA2234: Modify 'EmployeeApiController.PostAsync(EmployeeDto, [CancellationToken])' to call 'ControllerBase.Created(Uri, object)' instead of 'ControllerBase.Created(string, object)' (https://learn.microsoft.com/dotnet/fundamentals/code-analysis/quality-rules/ca2234) [C:\GitHub\MarkHazleton\SampleMvcCRUD\Mwh.Sample.Web\Mwh.Sample.Web.csproj]
C:\GitHub\MarkHazleton\SampleMvcCRUD\Mwh.Sample.Web\Extensions\HttpContextExtensions.cs(15,33): warning CA1062: In externally visible method 'IApplicationBuilder HttpContextExtensions.UseMyHttpContext(IApplicationBuilder app)', validate parameter 'app' is non-null before using it. If appropriate, throw an 'ArgumentNullException' when the argument is 'null'. (https://learn.microsoft.com/dotnet/fundamentals/code-analysis/quality-rules/ca1062) [C:\GitHub\MarkHazleton\SampleMvcCRUD\Mwh.Sample.Web\Mwh.Sample.Web.csproj]
C:\GitHub\MarkHazleton\SampleMvcCRUD\Mwh.Sample.Web\Helpers\StructuredDataHelper.cs(167,51): warning CA1869: Avoid creating a new 'JsonSerializerOptions' instance for every serialization operation. Cache and reuse instances instead. (https://learn.microsoft.com/dotnet/fundamentals/code-analysis/quality-rules/ca1869) [C:\GitHub\MarkHazleton\SampleMvcCRUD\Mwh.Sample.Web\Mwh.Sample.Web.csproj]
C:\GitHub\MarkHazleton\SampleMvcCRUD\Mwh.Sample.Web\Controllers\BaseController.cs(39,9): warning IDE0011: Add braces to 'if' statement. (https://learn.microsoft.com/dotnet/fundamentals/code-analysis/style-rules/ide0011) [C:\GitHub\MarkHazleton\SampleMvcCRUD\Mwh.Sample.Web\Mwh.Sample.Web.csproj]
C:\GitHub\MarkHazleton\SampleMvcCRUD\Mwh.Sample.Web\Pages\EmployeeRazor\Edit.cshtml.cs(46,38): warning CA2263: Prefer the generic overload 'System.Enum.GetValues<TEnum>()' instead of 'System.Enum.GetValues(System.Type)' (https://learn.microsoft.com/dotnet/fundamentals/code-analysis/quality-rules/ca2263) [C:\GitHub\MarkHazleton\SampleMvcCRUD\Mwh.Sample.Web\Mwh.Sample.Web.csproj]
C:\GitHub\MarkHazleton\SampleMvcCRUD\Mwh.Sample.Web\Helpers\StructuredDataHelper.cs(80,20): warning CA1062: In externally visible method 'string StructuredDataHelper.GenerateEmployeeSchema(EmployeeDto employee, string baseUrl)', validate parameter 'employee' is non-null before using it. If appropriate, throw an 'ArgumentNullException' when the argument is 'null'. (https://learn.microsoft.com/dotnet/fundamentals/code-analysis/quality-rules/ca1062) [C:\GitHub\MarkHazleton\SampleMvcCRUD\Mwh.Sample.Web\Mwh.Sample.Web.csproj]
C:\GitHub\MarkHazleton\SampleMvcCRUD\Mwh.Sample.Web\Helpers\StructuredDataHelper.cs(188,57): warning CA1869: Avoid creating a new 'JsonSerializerOptions' instance for every serialization operation. Cache and reuse instances instead. (https://learn.microsoft.com/dotnet/fundamentals/code-analysis/quality-rules/ca1869) [C:\GitHub\MarkHazleton\SampleMvcCRUD\Mwh.Sample.Web\Mwh.Sample.Web.csproj]
C:\GitHub\MarkHazleton\SampleMvcCRUD\Mwh.Sample.Web\Helpers\StructuredDataHelper.cs(184,24): warning CA1310: The behavior of 'string.StartsWith(string)' could vary based on the current user's locale settings. Replace this call in 'Mwh.Sample.Web.Helpers.StructuredDataHelper.GenerateBreadcrumbSchema(System.Collections.Generic.List<(string Name, string Url)>, string)' with a call to 'string.StartsWith(string, System.StringComparison)'. (https://learn.microsoft.com/dotnet/fundamentals/code-analysis/quality-rules/ca1310) [C:\GitHub\MarkHazleton\SampleMvcCRUD\Mwh.Sample.Web\Mwh.Sample.Web.csproj]
C:\GitHub\MarkHazleton\SampleMvcCRUD\Mwh.Sample.Web\Controllers\MvcEmployeeController.cs(44,9): warning IDE0011: Add braces to 'if' statement. (https://learn.microsoft.com/dotnet/fundamentals/code-analysis/style-rules/ide0011) [C:\GitHub\MarkHazleton\SampleMvcCRUD\Mwh.Sample.Web\Mwh.Sample.Web.csproj]
C:\GitHub\MarkHazleton\SampleMvcCRUD\Mwh.Sample.Web\Helpers\StructuredDataHelper.cs(231,54): warning CA1869: Avoid creating a new 'JsonSerializerOptions' instance for every serialization operation. Cache and reuse instances instead. (https://learn.microsoft.com/dotnet/fundamentals/code-analysis/quality-rules/ca1869) [C:\GitHub\MarkHazleton\SampleMvcCRUD\Mwh.Sample.Web\Mwh.Sample.Web.csproj]
C:\GitHub\MarkHazleton\SampleMvcCRUD\Mwh.Sample.Web\Controllers\MvcEmployeeController.cs(61,9): warning IDE0011: Add braces to 'if' statement. (https://learn.microsoft.com/dotnet/fundamentals/code-analysis/style-rules/ide0011) [C:\GitHub\MarkHazleton\SampleMvcCRUD\Mwh.Sample.Web\Mwh.Sample.Web.csproj]
C:\GitHub\MarkHazleton\SampleMvcCRUD\Mwh.Sample.Web\Extensions\ConfigurationExtensions.cs(121,23): warning CA1062: In externally visible method 'int ConfigurationExtensions.GetInt(IConfiguration _config, string configKey, string? defaultValue = null)', validate parameter '_config' is non-null before using it. If appropriate, throw an 'ArgumentNullException' when the argument is 'null'. (https://learn.microsoft.com/dotnet/fundamentals/code-analysis/quality-rules/ca1062) [C:\GitHub\MarkHazleton\SampleMvcCRUD\Mwh.Sample.Web\Mwh.Sample.Web.csproj]
C:\GitHub\MarkHazleton\SampleMvcCRUD\Mwh.Sample.Web\Controllers\MvcEmployeeController.cs(96,9): warning IDE0011: Add braces to 'if' statement. (https://learn.microsoft.com/dotnet/fundamentals/code-analysis/style-rules/ide0011) [C:\GitHub\MarkHazleton\SampleMvcCRUD\Mwh.Sample.Web\Mwh.Sample.Web.csproj]
C:\GitHub\MarkHazleton\SampleMvcCRUD\Mwh.Sample.Web\Helpers\BreadcrumbHelper.cs(64,33): warning CA1311: Specify a culture or use an invariant version to avoid implicit dependency on current culture (https://learn.microsoft.com/dotnet/fundamentals/code-analysis/quality-rules/ca1311) [C:\GitHub\MarkHazleton\SampleMvcCRUD\Mwh.Sample.Web\Mwh.Sample.Web.csproj]
C:\GitHub\MarkHazleton\SampleMvcCRUD\Mwh.Sample.Web\Controllers\MvcEmployeeController.cs(112,9): warning IDE0011: Add braces to 'if' statement. (https://learn.microsoft.com/dotnet/fundamentals/code-analysis/style-rules/ide0011) [C:\GitHub\MarkHazleton\SampleMvcCRUD\Mwh.Sample.Web\Mwh.Sample.Web.csproj]
C:\GitHub\MarkHazleton\SampleMvcCRUD\Mwh.Sample.Web\Helpers\BreadcrumbHelper.cs(105,9): warning IDE0011: Add braces to 'if' statement. (https://learn.microsoft.com/dotnet/fundamentals/code-analysis/style-rules/ide0011) [C:\GitHub\MarkHazleton\SampleMvcCRUD\Mwh.Sample.Web\Mwh.Sample.Web.csproj]
C:\GitHub\MarkHazleton\SampleMvcCRUD\Mwh.Sample.Web\Helpers\BreadcrumbHelper.cs(108,28): warning CA1311: Specify a culture or use an invariant version to avoid implicit dependency on current culture (https://learn.microsoft.com/dotnet/fundamentals/code-analysis/quality-rules/ca1311) [C:\GitHub\MarkHazleton\SampleMvcCRUD\Mwh.Sample.Web\Mwh.Sample.Web.csproj]
C:\GitHub\MarkHazleton\SampleMvcCRUD\Mwh.Sample.Web\Helpers\BreadcrumbHelper.cs(64,32): warning CA1304: The behavior of 'string.ToLower()' could vary based on the current user's locale settings. Replace this call in 'BreadcrumbHelper.GenerateBreadcrumbs(ViewContext)' with a call to 'string.ToLower(CultureInfo)'. (https://learn.microsoft.com/dotnet/fundamentals/code-analysis/quality-rules/ca1304) [C:\GitHub\MarkHazleton\SampleMvcCRUD\Mwh.Sample.Web\Mwh.Sample.Web.csproj]
C:\GitHub\MarkHazleton\SampleMvcCRUD\Mwh.Sample.Web\Helpers\BreadcrumbHelper.cs(108,17): warning CA1304: The behavior of 'string.ToLower()' could vary based on the current user's locale settings. Replace this call in 'BreadcrumbHelper.AddActionBreadcrumb(List<(string Name, string Url)>, string, string, string)' with a call to 'string.ToLower(CultureInfo)'. (https://learn.microsoft.com/dotnet/fundamentals/code-analysis/quality-rules/ca1304) [C:\GitHub\MarkHazleton\SampleMvcCRUD\Mwh.Sample.Web\Mwh.Sample.Web.csproj]
C:\GitHub\MarkHazleton\SampleMvcCRUD\Mwh.Sample.Web\Helpers\BreadcrumbHelper.cs(27,68): warning CA1307: 'string.Contains(string)' has a method overload that takes a 'StringComparison' parameter. Replace this call in 'Mwh.Sample.Web.Helpers.BreadcrumbHelper.GenerateBreadcrumbs(Microsoft.AspNetCore.Mvc.Rendering.ViewContext)' with a call to 'string.Contains(string, System.StringComparison)' for clarity of intent. (https://learn.microsoft.com/dotnet/fundamentals/code-analysis/quality-rules/ca1307) [C:\GitHub\MarkHazleton\SampleMvcCRUD\Mwh.Sample.Web\Mwh.Sample.Web.csproj]
C:\GitHub\MarkHazleton\SampleMvcCRUD\Mwh.Sample.Web\Helpers\BreadcrumbHelper.cs(28,69): warning CA1307: 'string.Contains(string)' has a method overload that takes a 'StringComparison' parameter. Replace this call in 'Mwh.Sample.Web.Helpers.BreadcrumbHelper.GenerateBreadcrumbs(Microsoft.AspNetCore.Mvc.Rendering.ViewContext)' with a call to 'string.Contains(string, System.StringComparison)' for clarity of intent. (https://learn.microsoft.com/dotnet/fundamentals/code-analysis/quality-rules/ca1307) [C:\GitHub\MarkHazleton\SampleMvcCRUD\Mwh.Sample.Web\Mwh.Sample.Web.csproj]
C:\GitHub\MarkHazleton\SampleMvcCRUD\Mwh.Sample.Web\Helpers\BreadcrumbHelper.cs(29,26): warning CA1307: 'string.Contains(string)' has a method overload that takes a 'StringComparison' parameter. Replace this call in 'Mwh.Sample.Web.Helpers.BreadcrumbHelper.GenerateBreadcrumbs(Microsoft.AspNetCore.Mvc.Rendering.ViewContext)' with a call to 'string.Contains(string, System.StringComparison)' for clarity of intent. (https://learn.microsoft.com/dotnet/fundamentals/code-analysis/quality-rules/ca1307) [C:\GitHub\MarkHazleton\SampleMvcCRUD\Mwh.Sample.Web\Mwh.Sample.Web.csproj]
C:\GitHub\MarkHazleton\SampleMvcCRUD\Mwh.Sample.Web\Controllers\MvcEmployeeController.cs(128,9): warning IDE0011: Add braces to 'if' statement. (https://learn.microsoft.com/dotnet/fundamentals/code-analysis/style-rules/ide0011) [C:\GitHub\MarkHazleton\SampleMvcCRUD\Mwh.Sample.Web\Mwh.Sample.Web.csproj]
C:\GitHub\MarkHazleton\SampleMvcCRUD\Mwh.Sample.Web\Controllers\MvcEmployeeController.cs(136,13): warning IDE0011: Add braces to 'if' statement. (https://learn.microsoft.com/dotnet/fundamentals/code-analysis/style-rules/ide0011) [C:\GitHub\MarkHazleton\SampleMvcCRUD\Mwh.Sample.Web\Mwh.Sample.Web.csproj]
C:\GitHub\MarkHazleton\SampleMvcCRUD\Mwh.Sample.Web\Controllers\MvcEmployeeController.cs(139,9): warning IDE0011: Add braces to 'if' statement. (https://learn.microsoft.com/dotnet/fundamentals/code-analysis/style-rules/ide0011) [C:\GitHub\MarkHazleton\SampleMvcCRUD\Mwh.Sample.Web\Mwh.Sample.Web.csproj]
C:\GitHub\MarkHazleton\SampleMvcCRUD\Mwh.Sample.Web\Controllers\MvcEmployeeController.cs(153,9): warning IDE0011: Add braces to 'if' statement. (https://learn.microsoft.com/dotnet/fundamentals/code-analysis/style-rules/ide0011) [C:\GitHub\MarkHazleton\SampleMvcCRUD\Mwh.Sample.Web\Mwh.Sample.Web.csproj]
C:\GitHub\MarkHazleton\SampleMvcCRUD\Mwh.Sample.Web\Helpers\BreadcrumbHelper.cs(138,26): warning CA1311: Specify a culture or use an invariant version to avoid implicit dependency on current culture (https://learn.microsoft.com/dotnet/fundamentals/code-analysis/quality-rules/ca1311) [C:\GitHub\MarkHazleton\SampleMvcCRUD\Mwh.Sample.Web\Mwh.Sample.Web.csproj]
C:\GitHub\MarkHazleton\SampleMvcCRUD\Mwh.Sample.Web\Helpers\BreadcrumbHelper.cs(138,17): warning CA1304: The behavior of 'string.ToLower()' could vary based on the current user's locale settings. Replace this call in 'BreadcrumbHelper.AddPageBreadcrumb(List<(string Name, string Url)>, string, string)' with a call to 'string.ToLower(CultureInfo)'. (https://learn.microsoft.com/dotnet/fundamentals/code-analysis/quality-rules/ca1304) [C:\GitHub\MarkHazleton\SampleMvcCRUD\Mwh.Sample.Web\Mwh.Sample.Web.csproj]
C:\GitHub\MarkHazleton\SampleMvcCRUD\Mwh.Sample.Web\Extensions\ConfigurationExtensions.cs(133,27): warning CA1062: In externally visible method 'int[] ConfigurationExtensions.GetIntList(IConfiguration _config, string configKey, string? defaultValue = null)', validate parameter '_config' is non-null before using it. If appropriate, throw an 'ArgumentNullException' when the argument is 'null'. (https://learn.microsoft.com/dotnet/fundamentals/code-analysis/quality-rules/ca1062) [C:\GitHub\MarkHazleton\SampleMvcCRUD\Mwh.Sample.Web\Mwh.Sample.Web.csproj]
C:\GitHub\MarkHazleton\SampleMvcCRUD\Mwh.Sample.Web\Extensions\ConfigurationExtensions.cs(145,26): warning CA1062: In externally visible method 'string ConfigurationExtensions.GetString(IConfiguration _config, string configKey, string? defaultValue = null)', validate parameter '_config' is non-null before using it. If appropriate, throw an 'ArgumentNullException' when the argument is 'null'. (https://learn.microsoft.com/dotnet/fundamentals/code-analysis/quality-rules/ca1062) [C:\GitHub\MarkHazleton\SampleMvcCRUD\Mwh.Sample.Web\Mwh.Sample.Web.csproj]
C:\GitHub\MarkHazleton\SampleMvcCRUD\Mwh.Sample.Web\Controllers\BaseController.cs(18,45): warning CA2213: 'BaseController' contains field 'cts' that is of IDisposable type 'CancellationTokenSource', but it is never disposed. Change the Dispose method on 'BaseController' to call Close or Dispose on this field. (https://learn.microsoft.com/dotnet/fundamentals/code-analysis/quality-rules/ca2213) [C:\GitHub\MarkHazleton\SampleMvcCRUD\Mwh.Sample.Web\Mwh.Sample.Web.csproj]
C:\GitHub\MarkHazleton\SampleMvcCRUD\Mwh.Sample.Web\Extensions\ConfigurationExtensions.cs(157,30): warning CA1062: In externally visible method 'string[] ConfigurationExtensions.GetStringList(IConfiguration _config, string configKey, string? defaultValue = null)', validate parameter '_config' is non-null before using it. If appropriate, throw an 'ArgumentNullException' when the argument is 'null'. (https://learn.microsoft.com/dotnet/fundamentals/code-analysis/quality-rules/ca1062) [C:\GitHub\MarkHazleton\SampleMvcCRUD\Mwh.Sample.Web\Mwh.Sample.Web.csproj]
C:\GitHub\MarkHazleton\SampleMvcCRUD\Mwh.Sample.Web\Controllers\SitemapController.cs(72,27): warning CA1308: In method 'GenerateSitemap', replace the call to 'ToLowerInvariant' with 'ToUpperInvariant' (https://learn.microsoft.com/dotnet/fundamentals/code-analysis/quality-rules/ca1308) [C:\GitHub\MarkHazleton\SampleMvcCRUD\Mwh.Sample.Web\Mwh.Sample.Web.csproj]
C:\GitHub\MarkHazleton\SampleMvcCRUD\Mwh.Sample.Web\Controllers\SitemapController.cs(169,9): warning IDE0011: Add braces to 'if' statement. (https://learn.microsoft.com/dotnet/fundamentals/code-analysis/style-rules/ide0011) [C:\GitHub\MarkHazleton\SampleMvcCRUD\Mwh.Sample.Web\Mwh.Sample.Web.csproj]
C:\GitHub\MarkHazleton\SampleMvcCRUD\Mwh.Sample.Web\Controllers\SitemapController.cs(180,9): warning IDE0011: Add braces to 'if' statement. (https://learn.microsoft.com/dotnet/fundamentals/code-analysis/style-rules/ide0011) [C:\GitHub\MarkHazleton\SampleMvcCRUD\Mwh.Sample.Web\Mwh.Sample.Web.csproj]
C:\GitHub\MarkHazleton\SampleMvcCRUD\Mwh.Sample.Web\Controllers\SitemapController.cs(191,28): warning CA1308: In method 'GetRouteInfo', replace the call to 'ToLowerInvariant' with 'ToUpperInvariant' (https://learn.microsoft.com/dotnet/fundamentals/code-analysis/quality-rules/ca1308) [C:\GitHub\MarkHazleton\SampleMvcCRUD\Mwh.Sample.Web\Mwh.Sample.Web.csproj]
C:\GitHub\MarkHazleton\SampleMvcCRUD\Mwh.Sample.Web\Controllers\SitemapController.cs(191,56): warning CA1308: In method 'GetRouteInfo', replace the call to 'ToLowerInvariant' with 'ToUpperInvariant' (https://learn.microsoft.com/dotnet/fundamentals/code-analysis/quality-rules/ca1308) [C:\GitHub\MarkHazleton\SampleMvcCRUD\Mwh.Sample.Web\Mwh.Sample.Web.csproj]
C:\GitHub\MarkHazleton\SampleMvcCRUD\Mwh.Sample.Web\Controllers\SitemapController.cs(138,17): warning CA1848: For improved performance, use the LoggerMessage delegates instead of calling 'LoggerExtensions.LogWarning(ILogger, Exception?, string?, params object?[])' (https://learn.microsoft.com/dotnet/fundamentals/code-analysis/quality-rules/ca1848) [C:\GitHub\MarkHazleton\SampleMvcCRUD\Mwh.Sample.Web\Mwh.Sample.Web.csproj]
C:\GitHub\MarkHazleton\SampleMvcCRUD\Mwh.Sample.Web\Program.cs(20,9): warning CA1848: For improved performance, use the LoggerMessage delegates instead of calling 'LoggerExtensions.LogError(ILogger, Exception?, string?, params object?[])' (https://learn.microsoft.com/dotnet/fundamentals/code-analysis/quality-rules/ca1848) [C:\GitHub\MarkHazleton\SampleMvcCRUD\Mwh.Sample.Web\Mwh.Sample.Web.csproj]
C:\GitHub\MarkHazleton\SampleMvcCRUD\Mwh.Sample.Web\Helpers\BreadcrumbHelper.cs(21,24): warning CA1062: In externally visible method 'List<(string Name, string Url)> BreadcrumbHelper.GenerateBreadcrumbs(ViewContext viewContext)', validate parameter 'viewContext' is non-null before using it. If appropriate, throw an 'ArgumentNullException' when the argument is 'null'. (https://learn.microsoft.com/dotnet/fundamentals/code-analysis/quality-rules/ca1062) [C:\GitHub\MarkHazleton\SampleMvcCRUD\Mwh.Sample.Web\Mwh.Sample.Web.csproj]
C:\GitHub\MarkHazleton\SampleMvcCRUD\Mwh.Sample.Web\Controllers\BaseController.cs(41,14): warning CA3003: Potential file path injection vulnerability was found where 'bool Directory.Exists(string? path)' in method 'string? BaseController.UploadedFile(IFormFile? ProfileImage, string EmployeeId)' may be tainted by user-controlled data from 'EmployeeDto? employee' in method 'Task<ActionResult> MvcEmployeeController.Edit(int id, EmployeeDto? employee)'. (https://learn.microsoft.com/dotnet/fundamentals/code-analysis/quality-rules/ca3003) [C:\GitHub\MarkHazleton\SampleMvcCRUD\Mwh.Sample.Web\Mwh.Sample.Web.csproj]
C:\GitHub\MarkHazleton\SampleMvcCRUD\Mwh.Sample.Web\Controllers\BaseController.cs(52,32): warning CA3003: Potential file path injection vulnerability was found where 'FileStream File.OpenWrite(string path)' in method 'string? BaseController.UploadedFile(IFormFile? ProfileImage, string EmployeeId)' may be tainted by user-controlled data from 'EmployeeDto? employee' in method 'Task<ActionResult> MvcEmployeeController.Edit(int id, EmployeeDto? employee)'. (https://learn.microsoft.com/dotnet/fundamentals/code-analysis/quality-rules/ca3003) [C:\GitHub\MarkHazleton\SampleMvcCRUD\Mwh.Sample.Web\Mwh.Sample.Web.csproj]
C:\GitHub\MarkHazleton\SampleMvcCRUD\Mwh.Sample.Web\Program.cs(20,9): warning ASP0000: Calling 'BuildServiceProvider' from application code results in an additional copy of singleton services being created. Consider alternatives such as dependency injecting services as parameters to 'Configure'. (https://aka.ms/AA5k895) [C:\GitHub\MarkHazleton\SampleMvcCRUD\Mwh.Sample.Web\Mwh.Sample.Web.csproj]
C:\GitHub\MarkHazleton\SampleMvcCRUD\Mwh.Sample.Web\Controllers\EmployeeController.cs(92,37): warning CA5391: Method GetEmployeeEdit handles a HttpPut request without performing antiforgery token validation. You also need to ensure that your HTML form sends an antiforgery token. (https://learn.microsoft.com/dotnet/fundamentals/code-analysis/quality-rules/ca5391) [C:\GitHub\MarkHazleton\SampleMvcCRUD\Mwh.Sample.Web\Mwh.Sample.Web.csproj]
C:\GitHub\MarkHazleton\SampleMvcCRUD\Mwh.Sample.Web\Controllers\EmployeeController.cs(45,37): warning CA5391: Method GetEmployeeDelete handles a HttpPost request without performing antiforgery token validation. You also need to ensure that your HTML form sends an antiforgery token. (https://learn.microsoft.com/dotnet/fundamentals/code-analysis/quality-rules/ca5391) [C:\GitHub\MarkHazleton\SampleMvcCRUD\Mwh.Sample.Web\Mwh.Sample.Web.csproj]
C:\GitHub\MarkHazleton\SampleMvcCRUD\Mwh.Sample.Web\Controllers\HomeController.cs(30,25): warning CA5395: Action method Index needs to specify the HTTP request kind explicitly (https://learn.microsoft.com/dotnet/fundamentals/code-analysis/quality-rules/ca5395) [C:\GitHub\MarkHazleton\SampleMvcCRUD\Mwh.Sample.Web\Mwh.Sample.Web.csproj]
C:\GitHub\MarkHazleton\SampleMvcCRUD\Mwh.Sample.Web\Controllers\EmployeeSinglePageController.cs(34,30): warning CA5395: Action method Index needs to specify the HTTP request kind explicitly (https://learn.microsoft.com/dotnet/fundamentals/code-analysis/quality-rules/ca5395) [C:\GitHub\MarkHazleton\SampleMvcCRUD\Mwh.Sample.Web\Mwh.Sample.Web.csproj]
C:\GitHub\MarkHazleton\SampleMvcCRUD\Mwh.Sample.Web\Controllers\HomeController.cs(23,26): warning CA5395: Action method Error needs to specify the HTTP request kind explicitly (https://learn.microsoft.com/dotnet/fundamentals/code-analysis/quality-rules/ca5395) [C:\GitHub\MarkHazleton\SampleMvcCRUD\Mwh.Sample.Web\Mwh.Sample.Web.csproj]
    318 Warning(s)
    0 Error(s)

Time Elapsed 00:00:08.07
